H26R0.c:1793:22:weight1ModParamCommand	8	static,ignoring_inline_asm
H26R0.c:1811:22:weight2ModParamCommand	8	static,ignoring_inline_asm
H26R0.c:1597:22:unitCommand	24	static,ignoring_inline_asm
H26R0.c:789:13:CheckForEnterKey	16	static
H26R0.c:855:13:HandleTimeout	8	static
H26R0.c:240:6:SystemClock_Config	128	static
H26R0.c:288:6:Module_Init	40	static
H26R0.c:324:9:SaveToRO	72	static
H26R0.c:420:9:ClearROtopology	8	static
H26R0.c:536:6:RegisterModuleCLICommands	8	static
H26R0.c:556:9:GetPort	0	static
H26R0.c:574:7:readHX711	24	static
H26R0.c:619:7:weightCalculation	16	static
H26R0.c:875:6:SetHX711Rate	8	static
H26R0.c:1654:22:rateCommand	24	static,ignoring_inline_asm
H26R0.c:1829:22:formatModParamCommand	16	static,ignoring_inline_asm
H26R0.c:893:6:SetHX711Gain	0	static
H26R0.c:908:7:Calibration	24	static
H26R0.c:1689:22:calibrationCommand	40	static,ignoring_inline_asm
H26R0.c:986:5:StreamGramToPort	24	static
H26R0.c:1010:5:StreamKGramToPort	24	static
H26R0.c:1034:5:StreamOunceToPort	24	static
H26R0.c:1058:5:StreamPoundToPort	24	static
H26R0.c:1082:5:StreamKGramToCLI	16	static
H26R0.c:1345:15:demoCommand	32	static,ignoring_inline_asm
H26R0.c:1109:5:StreamKGramToVERBOSE	16	static
H26R0.c:1132:5:StreamRawToPort	16	static
H26R0.c:1158:5:StreamGramToBuffer	16	static
H26R0.c:1182:5:StreamKGramToBuffer	16	static
H26R0.c:1443:22:streamCommand	80	static,ignoring_inline_asm
H26R0.c:1206:5:StreamOunceToBuffer	16	static
H26R0.c:1230:5:StreamPoundToBuffer	16	static
H26R0.c:1318:5:PowerDown	8	static
H26R0.c:1304:5:Stop	16	static
H26R0.c:1580:22:stopCommand	8	static,ignoring_inline_asm
H26R0.c:1330:5:PowerOn	8	static
H26R0.c:930:7:SampleGram	8	static
H26R0.c:944:7:SampleKGram	8	static
H26R0.c:958:7:SampleOunce	8	static
H26R0.c:972:7:SamplePound	8	static
H26R0.c:1254:7:Average	24	static
H26R0.c:630:5:SendResults	48	static
H26R0.c:1397:22:sampleCommand	24	static,ignoring_inline_asm
H26R0.c:809:6:LoadcellTask	32	static
H26R0.c:1282:5:ZeroCal	24	static
H26R0.c:1755:22:zerocalCommand	16	static,ignoring_inline_asm
H26R0.c:432:15:Module_MessagingTask	40	static
