H26R0.c:1788:22:weight1ModParamCommand	8	static,ignoring_inline_asm
H26R0.c:1806:22:weight2ModParamCommand	8	static,ignoring_inline_asm
H26R0.c:1592:22:unitCommand	24	static,ignoring_inline_asm
H26R0.c:784:13:CheckForEnterKey	16	static
H26R0.c:850:13:HandleTimeout	8	static
H26R0.c:240:6:SystemClock_Config	128	static
H26R0.c:287:6:Module_Init	40	static
H26R0.c:323:9:SaveToRO	48	static
H26R0.c:419:9:ClearROtopology	8	static
H26R0.c:535:6:RegisterModuleCLICommands	8	static
H26R0.c:555:9:GetPort	0	static
H26R0.c:573:7:readHX711	8	static
H26R0.c:614:7:weightCalculation	16	static
H26R0.c:870:6:SetHX711Rate	8	static
H26R0.c:1649:22:rateCommand	24	static,ignoring_inline_asm
H26R0.c:1824:22:formatModParamCommand	16	static,ignoring_inline_asm
H26R0.c:888:6:SetHX711Gain	0	static
H26R0.c:903:7:Calibration	24	static
H26R0.c:1684:22:calibrationCommand	48	static,ignoring_inline_asm
H26R0.c:981:5:StreamGramToPort	24	static
H26R0.c:1005:5:StreamKGramToPort	24	static
H26R0.c:1029:5:StreamOunceToPort	24	static
H26R0.c:1053:5:StreamPoundToPort	24	static
H26R0.c:1077:5:StreamKGramToCLI	16	static
H26R0.c:1340:15:demoCommand	32	static,ignoring_inline_asm
H26R0.c:1104:5:StreamKGramToVERBOSE	16	static
H26R0.c:1127:5:StreamRawToPort	16	static
H26R0.c:1153:5:StreamGramToBuffer	16	static
H26R0.c:1177:5:StreamKGramToBuffer	16	static
H26R0.c:1438:22:streamCommand	80	static,ignoring_inline_asm
H26R0.c:1201:5:StreamOunceToBuffer	16	static
H26R0.c:1225:5:StreamPoundToBuffer	16	static
H26R0.c:1313:5:PowerDown	8	static
H26R0.c:1299:5:Stop	16	static
H26R0.c:1575:22:stopCommand	8	static,ignoring_inline_asm
H26R0.c:1325:5:PowerOn	8	static
H26R0.c:925:7:SampleGram	8	static
H26R0.c:939:7:SampleKGram	8	static
H26R0.c:953:7:SampleOunce	8	static
H26R0.c:967:7:SamplePound	8	static
H26R0.c:1249:7:Average	16	static
H26R0.c:625:5:SendResults	48	static
H26R0.c:1392:22:sampleCommand	32	static,ignoring_inline_asm
H26R0.c:804:6:LoadcellTask	24	static
H26R0.c:1277:5:ZeroCal	24	static
H26R0.c:1750:22:zerocalCommand	16	static,ignoring_inline_asm
H26R0.c:431:15:Module_MessagingTask	32	static
