H26R0_uart.c:78:6:MX_USART2_UART_Init	8	static
H26R0_uart.c:101:6:MX_USART3_UART_Init	8	static
H26R0_uart.c:124:6:MX_USART4_UART_Init	8	static
H26R0_uart.c:147:6:MX_USART5_UART_Init	8	static
H26R0_uart.c:170:6:MX_USART6_UART_Init	8	static
H26R0_uart.c:191:6:HAL_UART_MspInit	64	static
H26R0_uart.c:460:21:GetUart	0	static
H26R0_uart.c:355:19:readPxMutex	32	static
H26R0_uart.c:375:19:writePxMutex	32	static
H26R0_uart.c:395:19:readPxITMutex	32	static
H26R0_uart.c:411:19:writePxITMutex	32	static
H26R0_uart.c:427:19:writePxDMAMutex	32	static
H26R0_uart.c:447:12:UpdateBaudrate	8	static
H26R0_uart.c:513:6:SwapUartPins	16	static
