event_groups.c:613:19:prvTestWaitCondition	0	static
event_groups.c:138:20:xEventGroupCreate	8	static
event_groups.c:274:13:xEventGroupWaitBits	32	static,ignoring_inline_asm
event_groups.c:422:13:xEventGroupClearBits	16	static,ignoring_inline_asm
event_groups.c:607:6:vEventGroupClearBitsCallback	8	static
event_groups.c:451:13:xEventGroupClearBitsFromISR	8	static
event_groups.c:464:13:xEventGroupGetBitsFromISR	8	static
event_groups.c:480:13:xEventGroupSetBits	24	static,ignoring_inline_asm
event_groups.c:158:13:xEventGroupSync	32	static,ignoring_inline_asm
event_groups.c:599:6:vEventGroupSetBitsCallback	8	static
event_groups.c:574:6:vEventGroupDelete	8	static,ignoring_inline_asm
event_groups.c:650:13:xEventGroupSetBitsFromISR	8	static
event_groups.c:665:14:uxEventGroupGetNumber	0	static
