Archive member included to satisfy reference by file (symbol)

c:/st/stm32cubeide_1.5.1/stm32cubeide/plugins/com.st.stm32cube.ide.mcu.externaltools.gnu-tools-for-stm32.7-2018-q2-update.win32_1.5.0.202011040924/tools/bin/../lib/gcc/arm-none-eabi/7.3.1/../../../../arm-none-eabi/lib/thumb/v6-m\libc.a(lib_a-atof.o)
                              BOS\BOS_CLI.o (atof)
c:/st/stm32cubeide_1.5.1/stm32cubeide/plugins/com.st.stm32cube.ide.mcu.externaltools.gnu-tools-for-stm32.7-2018-q2-update.win32_1.5.0.202011040924/tools/bin/../lib/gcc/arm-none-eabi/7.3.1/../../../../arm-none-eabi/lib/thumb/v6-m\libc.a(lib_a-atoi.o)
                              BOS\BOS_CLI.o (atoi)
c:/st/stm32cubeide_1.5.1/stm32cubeide/plugins/com.st.stm32cube.ide.mcu.externaltools.gnu-tools-for-stm32.7-2018-q2-update.win32_1.5.0.202011040924/tools/bin/../lib/gcc/arm-none-eabi/7.3.1/../../../../arm-none-eabi/lib/thumb/v6-m\libc.a(lib_a-atol.o)
                              BOS\BOS.o (atol)
c:/st/stm32cubeide_1.5.1/stm32cubeide/plugins/com.st.stm32cube.ide.mcu.externaltools.gnu-tools-for-stm32.7-2018-q2-update.win32_1.5.0.202011040924/tools/bin/../lib/gcc/arm-none-eabi/7.3.1/../../../../arm-none-eabi/lib/thumb/v6-m\libc.a(lib_a-calloc.o)
                              BOS\BOS.o (calloc)
c:/st/stm32cubeide_1.5.1/stm32cubeide/plugins/com.st.stm32cube.ide.mcu.externaltools.gnu-tools-for-stm32.7-2018-q2-update.win32_1.5.0.202011040924/tools/bin/../lib/gcc/arm-none-eabi/7.3.1/../../../../arm-none-eabi/lib/thumb/v6-m\libc.a(lib_a-callocr.o)
                              c:/st/stm32cubeide_1.5.1/stm32cubeide/plugins/com.st.stm32cube.ide.mcu.externaltools.gnu-tools-for-stm32.7-2018-q2-update.win32_1.5.0.202011040924/tools/bin/../lib/gcc/arm-none-eabi/7.3.1/../../../../arm-none-eabi/lib/thumb/v6-m\libc.a(lib_a-calloc.o) (_calloc_r)
c:/st/stm32cubeide_1.5.1/stm32cubeide/plugins/com.st.stm32cube.ide.mcu.externaltools.gnu-tools-for-stm32.7-2018-q2-update.win32_1.5.0.202011040924/tools/bin/../lib/gcc/arm-none-eabi/7.3.1/../../../../arm-none-eabi/lib/thumb/v6-m\libc.a(lib_a-exit.o)
                              c:/st/stm32cubeide_1.5.1/stm32cubeide/plugins/com.st.stm32cube.ide.mcu.externaltools.gnu-tools-for-stm32.7-2018-q2-update.win32_1.5.0.202011040924/tools/bin/../lib/gcc/arm-none-eabi/7.3.1/../../../../arm-none-eabi/lib/thumb/v6-m/crt0.o (exit)
c:/st/stm32cubeide_1.5.1/stm32cubeide/plugins/com.st.stm32cube.ide.mcu.externaltools.gnu-tools-for-stm32.7-2018-q2-update.win32_1.5.0.202011040924/tools/bin/../lib/gcc/arm-none-eabi/7.3.1/../../../../arm-none-eabi/lib/thumb/v6-m\libc.a(lib_a-impure.o)
                              c:/st/stm32cubeide_1.5.1/stm32cubeide/plugins/com.st.stm32cube.ide.mcu.externaltools.gnu-tools-for-stm32.7-2018-q2-update.win32_1.5.0.202011040924/tools/bin/../lib/gcc/arm-none-eabi/7.3.1/../../../../arm-none-eabi/lib/thumb/v6-m\libc.a(lib_a-exit.o) (_global_impure_ptr)
c:/st/stm32cubeide_1.5.1/stm32cubeide/plugins/com.st.stm32cube.ide.mcu.externaltools.gnu-tools-for-stm32.7-2018-q2-update.win32_1.5.0.202011040924/tools/bin/../lib/gcc/arm-none-eabi/7.3.1/../../../../arm-none-eabi/lib/thumb/v6-m\libc.a(lib_a-init.o)
                              c:/st/stm32cubeide_1.5.1/stm32cubeide/plugins/com.st.stm32cube.ide.mcu.externaltools.gnu-tools-for-stm32.7-2018-q2-update.win32_1.5.0.202011040924/tools/bin/../lib/gcc/arm-none-eabi/7.3.1/../../../../arm-none-eabi/lib/thumb/v6-m/crt0.o (__libc_init_array)
c:/st/stm32cubeide_1.5.1/stm32cubeide/plugins/com.st.stm32cube.ide.mcu.externaltools.gnu-tools-for-stm32.7-2018-q2-update.win32_1.5.0.202011040924/tools/bin/../lib/gcc/arm-none-eabi/7.3.1/../../../../arm-none-eabi/lib/thumb/v6-m\libc.a(lib_a-locale.o)
                              BOS\BOS_CLI.o (__locale_ctype_ptr)
c:/st/stm32cubeide_1.5.1/stm32cubeide/plugins/com.st.stm32cube.ide.mcu.externaltools.gnu-tools-for-stm32.7-2018-q2-update.win32_1.5.0.202011040924/tools/bin/../lib/gcc/arm-none-eabi/7.3.1/../../../../arm-none-eabi/lib/thumb/v6-m\libc.a(lib_a-malloc.o)
                              BOS\BOS.o (malloc)
c:/st/stm32cubeide_1.5.1/stm32cubeide/plugins/com.st.stm32cube.ide.mcu.externaltools.gnu-tools-for-stm32.7-2018-q2-update.win32_1.5.0.202011040924/tools/bin/../lib/gcc/arm-none-eabi/7.3.1/../../../../arm-none-eabi/lib/thumb/v6-m\libc.a(lib_a-mallocr.o)
                              c:/st/stm32cubeide_1.5.1/stm32cubeide/plugins/com.st.stm32cube.ide.mcu.externaltools.gnu-tools-for-stm32.7-2018-q2-update.win32_1.5.0.202011040924/tools/bin/../lib/gcc/arm-none-eabi/7.3.1/../../../../arm-none-eabi/lib/thumb/v6-m\libc.a(lib_a-callocr.o) (_malloc_r)
c:/st/stm32cubeide_1.5.1/stm32cubeide/plugins/com.st.stm32cube.ide.mcu.externaltools.gnu-tools-for-stm32.7-2018-q2-update.win32_1.5.0.202011040924/tools/bin/../lib/gcc/arm-none-eabi/7.3.1/../../../../arm-none-eabi/lib/thumb/v6-m\libc.a(lib_a-mbtowc_r.o)
[...]
Memory Configuration

Name             Origin             Length             Attributes
RAM              0x0000000020000000 0x0000000000008000 xrw
FLASH            0x0000000008000000 0x0000000000020000 xr
*default*        0x0000000000000000 0xffffffffffffffff

Linker script and memory map

LOAD c:/st/stm32cubeide_1.5.1/stm32cubeide/plugins/com.st.stm32cube.ide.mcu.externaltools.gnu-tools-for-stm32.7-2018-q2-update.win32_1.5.0.202011040924/tools/bin/../lib/gcc/arm-none-eabi/7.3.1/thumb/v6-m/crti.o
LOAD c:/st/stm32cubeide_1.5.1/stm32cubeide/plugins/com.st.stm32cube.ide.mcu.externaltools.gnu-tools-for-stm32.7-2018-q2-update.win32_1.5.0.202011040924/tools/bin/../lib/gcc/arm-none-eabi/7.3.1/thumb/v6-m/crtbegin.o
LOAD c:/st/stm32cubeide_1.5.1/stm32cubeide/plugins/com.st.stm32cube.ide.mcu.externaltools.gnu-tools-for-stm32.7-2018-q2-update.win32_1.5.0.202011040924/tools/bin/../lib/gcc/arm-none-eabi/7.3.1/../../../../arm-none-eabi/lib/thumb/v6-m/crt0.o
LOAD BOS\BOS.o
LOAD BOS\BOS_CLI.o
LOAD BOS\BOS_CLIcommands.o
LOAD BOS\BOS_dma.o
LOAD BOS\BOS_eeprom.o
LOAD BOS\BOS_freertos.o
LOAD BOS\BOS_inputs.o
LOAD BOS\BOS_messaging.o
LOAD BOS\BOS_msgparser.o
LOAD H26R0\H26R0.o
LOAD H26R0\H26R0_dma.o
LOAD H26R0\H26R0_gpio.o
LOAD H26R0\H26R0_it.o
LOAD H26R0\H26R0_rtc.o
LOAD H26R0\H26R0_timers.o
LOAD H26R0\H26R0_uart.o
LOAD H26R0\startup_stm32f091xc.o
LOAD Thirdparty\CMSIS\Device\ST\STM32F0xx\Source\Templates\system_stm32f0xx.o
LOAD Thirdparty\Middleware\FreeRTOS\Source\CMSIS_RTOS\cmsis_os.o
LOAD Thirdparty\Middleware\FreeRTOS\Source\FreeRTOS_CLI.o
LOAD Thirdparty\Middleware\FreeRTOS\Source\croutine.o
LOAD Thirdparty\Middleware\FreeRTOS\Source\event_groups.o
LOAD Thirdparty\Middleware\FreeRTOS\Source\list.o
LOAD Thirdparty\Middleware\FreeRTOS\Source\portable\GCC\ARM_CM0\port.o
LOAD Thirdparty\Middleware\FreeRTOS\Source\portable\MemMang\heap_4.o
LOAD Thirdparty\Middleware\FreeRTOS\Source\queue.o
LOAD Thirdparty\Middleware\FreeRTOS\Source\tasks.o
LOAD Thirdparty\Middleware\FreeRTOS\Source\timers.o
LOAD Thirdparty\STM32F0xx_HAL_Driver\Src\stm32f0xx_hal.o
LOAD Thirdparty\STM32F0xx_HAL_Driver\Src\stm32f0xx_hal_adc.o
LOAD Thirdparty\STM32F0xx_HAL_Driver\Src\stm32f0xx_hal_adc_ex.o
LOAD Thirdparty\STM32F0xx_HAL_Driver\Src\stm32f0xx_hal_can.o
LOAD Thirdparty\STM32F0xx_HAL_Driver\Src\stm32f0xx_hal_cec.o
LOAD Thirdparty\STM32F0xx_HAL_Driver\Src\stm32f0xx_hal_comp.o
LOAD Thirdparty\STM32F0xx_HAL_Driver\Src\stm32f0xx_hal_cortex.o
LOAD Thirdparty\STM32F0xx_HAL_Driver\Src\stm32f0xx_hal_crc.o
LOAD Thirdparty\STM32F0xx_HAL_Driver\Src\stm32f0xx_hal_crc_ex.o
LOAD Thirdparty\STM32F0xx_HAL_Driver\Src\stm32f0xx_hal_dac.o
LOAD Thirdparty\STM32F0xx_HAL_Driver\Src\stm32f0xx_hal_dac_ex.o
LOAD Thirdparty\STM32F0xx_HAL_Driver\Src\stm32f0xx_hal_dma.o
LOAD Thirdparty\STM32F0xx_HAL_Driver\Src\stm32f0xx_hal_flash.o
LOAD Thirdparty\STM32F0xx_HAL_Driver\Src\stm32f0xx_hal_flash_ex.o
LOAD Thirdparty\STM32F0xx_HAL_Driver\Src\stm32f0xx_hal_gpio.o
LOAD Thirdparty\STM32F0xx_HAL_Driver\Src\stm32f0xx_hal_i2c.o
LOAD Thirdparty\STM32F0xx_HAL_Driver\Src\stm32f0xx_hal_i2c_ex.o
LOAD Thirdparty\STM32F0xx_HAL_Driver\Src\stm32f0xx_hal_i2s.o
LOAD Thirdparty\STM32F0xx_HAL_Driver\Src\stm32f0xx_hal_irda.o
LOAD Thirdparty\STM32F0xx_HAL_Driver\Src\stm32f0xx_hal_iwdg.o
LOAD Thirdparty\STM32F0xx_HAL_Driver\Src\stm32f0xx_hal_msp_template.o
LOAD Thirdparty\STM32F0xx_HAL_Driver\Src\stm32f0xx_hal_pcd.o
LOAD Thirdparty\STM32F0xx_HAL_Driver\Src\stm32f0xx_hal_pcd_ex.o
LOAD Thirdparty\STM32F0xx_HAL_Driver\Src\stm32f0xx_hal_pwr.o
LOAD Thirdparty\STM32F0xx_HAL_Driver\Src\stm32f0xx_hal_pwr_ex.o
LOAD Thirdparty\STM32F0xx_HAL_Driver\Src\stm32f0xx_hal_rcc.o
LOAD Thirdparty\STM32F0xx_HAL_Driver\Src\stm32f0xx_hal_rcc_ex.o
LOAD Thirdparty\STM32F0xx_HAL_Driver\Src\stm32f0xx_hal_rtc.o
LOAD Thirdparty\STM32F0xx_HAL_Driver\Src\stm32f0xx_hal_rtc_ex.o
LOAD Thirdparty\STM32F0xx_HAL_Driver\Src\stm32f0xx_hal_smartcard.o
LOAD Thirdparty\STM32F0xx_HAL_Driver\Src\stm32f0xx_hal_smartcard_ex.o
LOAD Thirdparty\STM32F0xx_HAL_Driver\Src\stm32f0xx_hal_smbus.o
LOAD Thirdparty\STM32F0xx_HAL_Driver\Src\stm32f0xx_hal_spi.o
LOAD Thirdparty\STM32F0xx_HAL_Driver\Src\stm32f0xx_hal_spi_ex.o
LOAD Thirdparty\STM32F0xx_HAL_Driver\Src\stm32f0xx_hal_tim.o
LOAD Thirdparty\STM32F0xx_HAL_Driver\Src\stm32f0xx_hal_tim_ex.o
LOAD Thirdparty\STM32F0xx_HAL_Driver\Src\stm32f0xx_hal_tsc.o
LOAD Thirdparty\STM32F0xx_HAL_Driver\Src\stm32f0xx_hal_uart.o
LOAD Thirdparty\STM32F0xx_HAL_Driver\Src\stm32f0xx_hal_uart_ex.o
LOAD Thirdparty\STM32F0xx_HAL_Driver\Src\stm32f0xx_hal_usart.o
LOAD Thirdparty\STM32F0xx_HAL_Driver\Src\stm32f0xx_hal_wwdg.o
LOAD User\main.o
START GROUP
LOAD c:/st/stm32cubeide_1.5.1/stm32cubeide/plugins/com.st.stm32cube.ide.mcu.externaltools.gnu-tools-for-stm32.7-2018-q2-update.win32_1.5.0.202011040924/tools/bin/../lib/gcc/arm-none-eabi/7.3.1/../../../../arm-none-eabi/lib/thumb/v6-m\libc.a
LOAD c:/st/stm32cubeide_1.5.1/stm32cubeide/plugins/com.st.stm32cube.ide.mcu.externaltools.gnu-tools-for-stm32.7-2018-q2-update.win32_1.5.0.202011040924/tools/bin/../lib/gcc/arm-none-eabi/7.3.1/../../../../arm-none-eabi/lib/thumb/v6-m\libm.a
END GROUP
START GROUP
LOAD c:/st/stm32cubeide_1.5.1/stm32cubeide/plugins/com.st.stm32cube.ide.mcu.externaltools.gnu-tools-for-stm32.7-2018-q2-update.win32_1.5.0.202011040924/tools/bin/../lib/gcc/arm-none-eabi/7.3.1/thumb/v6-m\libgcc.a
LOAD c:/st/stm32cubeide_1.5.1/stm32cubeide/plugins/com.st.stm32cube.ide.mcu.externaltools.gnu-tools-for-stm32.7-2018-q2-update.win32_1.5.0.202011040924/tools/bin/../lib/gcc/arm-none-eabi/7.3.1/../../../../arm-none-eabi/lib/thumb/v6-m\libc.a
END GROUP
START GROUP
LOAD c:/st/stm32cubeide_1.5.1/stm32cubeide/plugins/com.st.stm32cube.ide.mcu.externaltools.gnu-tools-for-stm32.7-2018-q2-update.win32_1.5.0.202011040924/tools/bin/../lib/gcc/arm-none-eabi/7.3.1/thumb/v6-m\libgcc.a
LOAD c:/st/stm32cubeide_1.5.1/stm32cubeide/plugins/com.st.stm32cube.ide.mcu.externaltools.gnu-tools-for-stm32.7-2018-q2-update.win32_1.5.0.202011040924/tools/bin/../lib/gcc/arm-none-eabi/7.3.1/../../../../arm-none-eabi/lib/thumb/v6-m\libc.a
LOAD c:/st/stm32cubeide_1.5.1/stm32cubeide/plugins/com.st.stm32cube.ide.mcu.externaltools.gnu-tools-for-stm32.7-2018-q2-update.win32_1.5.0.202011040924/tools/bin/../lib/gcc/arm-none-eabi/7.3.1/../../../../arm-none-eabi/lib/thumb/v6-m\libnosys.a
END GROUP
LOAD c:/st/stm32cubeide_1.5.1/stm32cubeide/plugins/com.st.stm32cube.ide.mcu.externaltools.gnu-tools-for-stm32.7-2018-q2-update.win32_1.5.0.202011040924/tools/bin/../lib/gcc/arm-none-eabi/7.3.1/thumb/v6-m/crtend.o
LOAD c:/st/stm32cubeide_1.5.1/stm32cubeide/plugins/com.st.stm32cube.ide.mcu.externaltools.gnu-tools-for-stm32.7-2018-q2-update.win32_1.5.0.202011040924/tools/bin/../lib/gcc/arm-none-eabi/7.3.1/thumb/v6-m/crtn.o
                0x0000000020008000                _estack = 0x20008000
                0x0000000000000200                _Min_Heap_Size = 0x200
                0x0000000000000400                _Min_Stack_Size = 0x400

.isr_vector     0x0000000008000000       0xbc
                0x0000000008000000                . = ALIGN (0x4)
 *(.isr_vector)
 .isr_vector    0x0000000008000000       0xbc H26R0\startup_stm32f091xc.o
                0x0000000008000000                g_pfnVectors
                0x00000000080000bc                . = ALIGN (0x4)

.text           0x00000000080000bc    0x190e8
                0x00000000080000bc                . = ALIGN (0x4)
 *(.text)
 .text          0x00000000080000bc       0x48 c:/st/stm32cubeide_1.5.1/stm32cubeide/plugins/com.st.stm32cube.ide.mcu.externaltools.gnu-tools-for-stm32.7-2018-q2-update.win32_1.5.0.202011040924/tools/bin/../lib/gcc/arm-none-eabi/7.3.1/thumb/v6-m/crtbegin.o
 .text          0x0000000008000104       0x14 c:/st/stm32cubeide_1.5.1/stm32cubeide/plugins/com.st.stm32cube.ide.mcu.externaltools.gnu-tools-for-stm32.7-2018-q2-update.win32_1.5.0.202011040924/tools/bin/../lib/gcc/arm-none-eabi/7.3.1/../../../../arm-none-eabi/lib/thumb/v6-m\libc.a(lib_a-strcmp.o)
                0x0000000008000104                strcmp
 .text          0x0000000008000118        0xe c:/st/stm32cubeide_1.5.1/stm32cubeide/plugins/com.st.stm32cube.ide.mcu.externaltools.gnu-tools-for-stm32.7-2018-q2-update.win32_1.5.0.202011040924/tools/bin/../lib/gcc/arm-none-eabi/7.3.1/../../../../arm-none-eabi/lib/thumb/v6-m\libc.a(lib_a-strlen.o)
                0x0000000008000118                strlen
 *fill*         0x0000000008000126        0x2 
 .text          0x0000000008000128       0x14 c:/st/stm32cubeide_1.5.1/stm32cubeide/plugins/com.st.stm32cube.ide.mcu.externaltools.gnu-tools-for-stm32.7-2018-q2-update.win32_1.5.0.202011040924/tools/bin/../lib/gcc/arm-none-eabi/7.3.1/thumb/v6-m\libgcc.a(_thumb1_case_uqi.o)
                0x0000000008000128                __gnu_thumb1_case_uqi
 .text          0x000000000800013c       0x14 c:/st/stm32cubeide_1.5.1/stm32cubeide/plugins/com.st.stm32cube.ide.mcu.externaltools.gnu-tools-for-stm32.7-2018-q2-update.win32_1.5.0.202011040924/tools/bin/../lib/gcc/arm-none-eabi/7.3.1/thumb/v6-m\libgcc.a(_thumb1_case_shi.o)
                0x000000000800013c                __gnu_thumb1_case_shi
 .text          0x0000000008000150      0x114 c:/st/stm32cubeide_1.5.1/stm32cubeide/plugins/com.st.stm32cube.ide.mcu.externaltools.gnu-tools-for-stm32.7-2018-q2-update.win32_1.5.0.202011040924/tools/bin/../lib/gcc/arm-none-eabi/7.3.1/thumb/v6-m\libgcc.a(_udivsi3.o)
                0x0000000008000150                __aeabi_uidiv
                0x0000000008000150                __udivsi3
                0x000000000800025c                __aeabi_uidivmod
 .text          0x0000000008000264      0x1d4 c:/st/stm32cubeide_1.5.1/stm32cubeide/plugins/com.st.stm32cube.ide.mcu.externaltools.gnu-tools-for-stm32.7-2018-q2-update.win32_1.5.0.202011040924/tools/bin/../lib/gcc/arm-none-eabi/7.3.1/thumb/v6-m\libgcc.a(_divsi3.o)
                0x0000000008000264                __divsi3
                0x0000000008000264                __aeabi_idiv
                0x0000000008000430                __aeabi_idivmod
 .text          0x0000000008000438        0x4 c:/st/stm32cubeide_1.5.1/stm32cubeide/plugins/com.st.stm32cube.ide.mcu.externaltools.gnu-tools-for-stm32.7-2018-q2-update.win32_1.5.0.202011040924/tools/bin/../lib/gcc/arm-none-eabi/7.3.1/thumb/v6-m\libgcc.a(_dvmd_tls.o)
                0x0000000008000438                __aeabi_idiv0
                0x0000000008000438                __aeabi_ldiv0
 .text          0x000000000800043c       0x7c c:/st/stm32cubeide_1.5.1/stm32cubeide/plugins/com.st.stm32cube.ide.mcu.externaltools.gnu-tools-for-stm32.7-2018-q2-update.win32_1.5.0.202011040924/tools/bin/../lib/gcc/arm-none-eabi/7.3.1/thumb/v6-m\libgcc.a(_arm_cmpdf2.o)
                0x000000000800043c                __aeabi_cdrcmple
                0x000000000800044c                __aeabi_cdcmple
                0x000000000800044c                __aeabi_cdcmpeq
                0x000000000800045c                __aeabi_dcmpeq
                0x0000000008000468                __aeabi_dcmplt
                0x000000000800047c                __aeabi_dcmple
                0x0000000008000490                __aeabi_dcmpgt
                0x00000000080004a4                __aeabi_dcmpge
 .text          0x00000000080004b8       0x74 c:/st/stm32cubeide_1.5.1/stm32cubeide/plugins/com.st.stm32cube.ide.mcu.externaltools.gnu-tools-for-stm32.7-2018-q2-update.win32_1.5.0.202011040924/tools/bin/../lib/gcc/arm-none-eabi/7.3.1/thumb/v6-m\libgcc.a(_arm_cmpsf2.o)
                0x00000000080004b8                __aeabi_cfrcmple
                0x00000000080004c0                __aeabi_cfcmpeq
                0x00000000080004c0                __aeabi_cfcmple
                0x00000000080004d0                __aeabi_fcmpeq
                0x00000000080004dc                __aeabi_fcmplt
                0x00000000080004f0                __aeabi_fcmple
                0x0000000008000504                __aeabi_fcmpgt
                0x0000000008000518                __aeabi_fcmpge
 .text          0x000000000800052c       0x40 c:/st/stm32cubeide_1.5.1/stm32cubeide/plugins/com.st.stm32cube.ide.mcu.externaltools.gnu-tools-for-stm32.7-2018-q2-update.win32_1.5.0.202011040924/tools/bin/../lib/gcc/arm-none-eabi/7.3.1/thumb/v6-m\libgcc.a(_aeabi_uldivmod.o)
                0x000000000800052c                __aeabi_uldivmod
 .text          0x000000000800056c       0x54 c:/st/stm32cubeide_1.5.1/stm32cubeide/plugins/com.st.stm32cube.ide.mcu.externaltools.gnu-tools-for-stm32.7-2018-q2-update.win32_1.5.0.202011040924/tools/bin/../lib/gcc/arm-none-eabi/7.3.1/thumb/v6-m\libgcc.a(_muldi3.o)
                0x000000000800056c                __muldi3
                0x000000000800056c                __aeabi_lmul
 .text          0x00000000080005c0       0x30 c:/st/stm32cubeide_1.5.1/stm32cubeide/plugins/com.st.stm32cube.ide.mcu.externaltools.gnu-tools-for-stm32.7-2018-q2-update.win32_1.5.0.202011040924/tools/bin/../lib/gcc/arm-none-eabi/7.3.1/thumb/v6-m\libgcc.a(_fixunssfsi.o)
                0x00000000080005c0                __fixunssfsi
                0x00000000080005c0                __aeabi_f2uiz
 .text          0x00000000080005f0       0x3c c:/st/stm32cubeide_1.5.1/stm32cubeide/plugins/com.st.stm32cube.ide.mcu.externaltools.gnu-tools-for-stm32.7-2018-q2-update.win32_1.5.0.202011040924/tools/bin/../lib/gcc/arm-none-eabi/7.3.1/thumb/v6-m\libgcc.a(_fixunsdfsi.o)
                0x00000000080005f0                __aeabi_d2uiz
                0x00000000080005f0                __fixunsdfsi
 .text          0x000000000800062c      0x184 c:/st/stm32cubeide_1.5.1/stm32cubeide/plugins/com.st.stm32cube.ide.mcu.externaltools.gnu-tools-for-stm32.7-2018-q2-update.win32_1.5.0.202011040924/tools/bin/../lib/gcc/arm-none-eabi/7.3.1/thumb/v6-m\libgcc.a(_udivmoddi4.o)
                0x000000000800062c                __udivmoddi4
 .text          0x00000000080007b0      0x334 c:/st/stm32cubeide_1.5.1/stm32cubeide/plugins/com.st.stm32cube.ide.mcu.externaltools.gnu-tools-for-stm32.7-2018-q2-update.win32_1.5.0.202011040924/tools/bin/../lib/gcc/arm-none-eabi/7.3.1/thumb/v6-m\libgcc.a(addsf3.o)
                0x00000000080007b0                __aeabi_fadd
 .text          0x0000000008000ae4      0x224 c:/st/stm32cubeide_1.5.1/stm32cubeide/plugins/com.st.stm32cube.ide.mcu.externaltools.gnu-tools-for-stm32.7-2018-q2-update.win32_1.5.0.202011040924/tools/bin/../lib/gcc/arm-none-eabi/7.3.1/thumb/v6-m\libgcc.a(divsf3.o)
                0x0000000008000ae4                __aeabi_fdiv
 .text          0x0000000008000d08       0x50 c:/st/stm32cubeide_1.5.1/stm32cubeide/plugins/com.st.stm32cube.ide.mcu.externaltools.gnu-tools-for-stm32.7-2018-q2-update.win32_1.5.0.202011040924/tools/bin/../lib/gcc/arm-none-eabi/7.3.1/thumb/v6-m\libgcc.a(eqsf2.o)
                0x0000000008000d08                __eqsf2
                0x0000000008000d08                __nesf2
 .text          0x0000000008000d58       0x9c c:/st/stm32cubeide_1.5.1/stm32cubeide/plugins/com.st.stm32cube.ide.mcu.externaltools.gnu-tools-for-stm32.7-2018-q2-update.win32_1.5.0.202011040924/tools/bin/../lib/gcc/arm-none-eabi/7.3.1/thumb/v6-m\libgcc.a(gesf2.o)
                0x0000000008000d58                __gesf2
                0x0000000008000d58                __gtsf2
 .text          0x0000000008000df4       0xa0 c:/st/stm32cubeide_1.5.1/stm32cubeide/plugins/com.st.stm32cube.ide.mcu.externaltools.gnu-tools-for-stm32.7-2018-q2-update.win32_1.5.0.202011040924/tools/bin/../lib/gcc/arm-none-eabi/7.3.1/thumb/v6-m\libgcc.a(lesf2.o)
                0x0000000008000df4                __ltsf2
                0x0000000008000df4                __lesf2
 .text          0x0000000008000e94      0x264 c:/st/stm32cubeide_1.5.1/stm32cubeide/plugins/com.st.stm32cube.ide.mcu.externaltools.gnu-tools-for-stm32.7-2018-q2-update.win32_1.5.0.202011040924/tools/bin/../lib/gcc/arm-none-eabi/7.3.1/thumb/v6-m\libgcc.a(mulsf3.o)
                0x0000000008000e94                __aeabi_fmul
 .text          0x00000000080010f8      0x388 c:/st/stm32cubeide_1.5.1/stm32cubeide/plugins/com.st.stm32cube.ide.mcu.externaltools.gnu-tools-for-stm32.7-2018-q2-update.win32_1.5.0.202011040924/tools/bin/../lib/gcc/arm-none-eabi/7.3.1/thumb/v6-m\libgcc.a(subsf3.o)
                0x00000000080010f8                __aeabi_fsub
 .text          0x0000000008001480       0x40 c:/st/stm32cubeide_1.5.1/stm32cubeide/plugins/com.st.stm32cube.ide.mcu.externaltools.gnu-tools-for-stm32.7-2018-q2-update.win32_1.5.0.202011040924/tools/bin/../lib/gcc/arm-none-eabi/7.3.1/thumb/v6-m\libgcc.a(fixsfsi.o)
                0x0000000008001480                __aeabi_f2iz
 .text          0x00000000080014c0       0x94 c:/st/stm32cubeide_1.5.1/stm32cubeide/plugins/com.st.stm32cube.ide.mcu.externaltools.gnu-tools-for-stm32.7-2018-q2-update.win32_1.5.0.202011040924/tools/bin/../lib/gcc/arm-none-eabi/7.3.1/thumb/v6-m\libgcc.a(floatsisf.o)
                0x00000000080014c0                __aeabi_i2f
 .text          0x0000000008001554       0x80 c:/st/stm32cubeide_1.5.1/stm32cubeide/plugins/com.st.stm32cube.ide.mcu.externaltools.gnu-tools-for-stm32.7-2018-q2-update.win32_1.5.0.202011040924/tools/bin/../lib/gcc/arm-none-eabi/7.3.1/thumb/v6-m\libgcc.a(floatunsisf.o)
                0x0000000008001554                __aeabi_ui2f
 .text          0x00000000080015d4      0x638 c:/st/stm32cubeide_1.5.1/stm32cubeide/plugins/com.st.stm32cube.ide.mcu.externaltools.gnu-tools-for-stm32.7-2018-q2-update.win32_1.5.0.202011040924/tools/bin/../lib/gcc/arm-none-eabi/7.3.1/thumb/v6-m\libgcc.a(adddf3.o)
                0x00000000080015d4                __aeabi_dadd
 .text          0x0000000008001c0c      0x604 c:/st/stm32cubeide_1.5.1/stm32cubeide/plugins/com.st.stm32cube.ide.mcu.externaltools.gnu-tools-for-stm32.7-2018-q2-update.win32_1.5.0.202011040924/tools/bin/../lib/gcc/arm-none-eabi/7.3.1/thumb/v6-m\libgcc.a(divdf3.o)
                0x0000000008001c0c                __aeabi_ddiv
 .text          0x0000000008002210       0x78 c:/st/stm32cubeide_1.5.1/stm32cubeide/plugins/com.st.stm32cube.ide.mcu.externaltools.gnu-tools-for-stm32.7-2018-q2-update.win32_1.5.0.202011040924/tools/bin/../lib/gcc/arm-none-eabi/7.3.1/thumb/v6-m\libgcc.a(eqdf2.o)
                0x0000000008002210                __nedf2
                0x0000000008002210                __eqdf2
 .text          0x0000000008002288       0xc8 c:/st/stm32cubeide_1.5.1/stm32cubeide/plugins/com.st.stm32cube.ide.mcu.externaltools.gnu-tools-for-stm32.7-2018-q2-update.win32_1.5.0.202011040924/tools/bin/../lib/gcc/arm-none-eabi/7.3.1/thumb/v6-m\libgcc.a(gedf2.o)
                0x0000000008002288                __gedf2
                0x0000000008002288                __gtdf2
 .text          0x0000000008002350       0xd0 c:/st/stm32cubeide_1.5.1/stm32cubeide/plugins/com.st.stm32cube.ide.mcu.externaltools.gnu-tools-for-stm32.7-2018-q2-update.win32_1.5.0.202011040924/tools/bin/../lib/gcc/arm-none-eabi/7.3.1/thumb/v6-m\libgcc.a(ledf2.o)
                0x0000000008002350                __ledf2
                0x0000000008002350                __ltdf2
 .text          0x0000000008002420      0x4e4 c:/st/stm32cubeide_1.5.1/stm32cubeide/plugins/com.st.stm32cube.ide.mcu.externaltools.gnu-tools-for-stm32.7-2018-q2-update.win32_1.5.0.202011040924/tools/bin/../lib/gcc/arm-none-eabi/7.3.1/thumb/v6-m\libgcc.a(muldf3.o)
                0x0000000008002420                __aeabi_dmul
 .text          0x0000000008002904      0x690 c:/st/stm32cubeide_1.5.1/stm32cubeide/plugins/com.st.stm32cube.ide.mcu.externaltools.gnu-tools-for-stm32.7-2018-q2-update.win32_1.5.0.202011040924/tools/bin/../lib/gcc/arm-none-eabi/7.3.1/thumb/v6-m\libgcc.a(subdf3.o)
                0x0000000008002904                __aeabi_dsub
 .text          0x0000000008002f94       0x38 c:/st/stm32cubeide_1.5.1/stm32cubeide/plugins/com.st.stm32cube.ide.mcu.externaltools.gnu-tools-for-stm32.7-2018-q2-update.win32_1.5.0.202011040924/tools/bin/../lib/gcc/arm-none-eabi/7.3.1/thumb/v6-m\libgcc.a(unorddf2.o)
                0x0000000008002f94                __aeabi_dcmpun
 .text          0x0000000008002fcc       0x6c c:/st/stm32cubeide_1.5.1/stm32cubeide/plugins/com.st.stm32cube.ide.mcu.externaltools.gnu-tools-for-stm32.7-2018-q2-update.win32_1.5.0.202011040924/tools/bin/../lib/gcc/arm-none-eabi/7.3.1/thumb/v6-m\libgcc.a(fixdfsi.o)
                0x0000000008002fcc                __aeabi_d2iz
 .text          0x0000000008003038       0x74 c:/st/stm32cubeide_1.5.1/stm32cubeide/plugins/com.st.stm32cube.ide.mcu.externaltools.gnu-tools-for-stm32.7-2018-q2-update.win32_1.5.0.202011040924/tools/bin/../lib/gcc/arm-none-eabi/7.3.1/thumb/v6-m\libgcc.a(floatsidf.o)
                0x0000000008003038                __aeabi_i2d
 .text          0x00000000080030ac       0x64 c:/st/stm32cubeide_1.5.1/stm32cubeide/plugins/com.st.stm32cube.ide.mcu.externaltools.gnu-tools-for-stm32.7-2018-q2-update.win32_1.5.0.202011040924/tools/bin/../lib/gcc/arm-none-eabi/7.3.1/thumb/v6-m\libgcc.a(floatunsidf.o)
                0x00000000080030ac                __aeabi_ui2d
 .text          0x0000000008003110       0xa4 c:/st/stm32cubeide_1.5.1/stm32cubeide/plugins/com.st.stm32cube.ide.mcu.externaltools.gnu-tools-for-stm32.7-2018-q2-update.win32_1.5.0.202011040924/tools/bin/../lib/gcc/arm-none-eabi/7.3.1/thumb/v6-m\libgcc.a(extendsfdf2.o)
                0x0000000008003110                __aeabi_f2d
 .text          0x00000000080031b4      0x108 c:/st/stm32cubeide_1.5.1/stm32cubeide/plugins/com.st.stm32cube.ide.mcu.externaltools.gnu-tools-for-stm32.7-2018-q2-update.win32_1.5.0.202011040924/tools/bin/../lib/gcc/arm-none-eabi/7.3.1/thumb/v6-m\libgcc.a(truncdfsf2.o)
                0x00000000080031b4                __aeabi_d2f
 .text          0x00000000080032bc       0x3c c:/st/stm32cubeide_1.5.1/stm32cubeide/plugins/com.st.stm32cube.ide.mcu.externaltools.gnu-tools-for-stm32.7-2018-q2-update.win32_1.5.0.202011040924/tools/bin/../lib/gcc/arm-none-eabi/7.3.1/thumb/v6-m\libgcc.a(_clzsi2.o)
                0x00000000080032bc                __clzsi2
 .text          0x00000000080032f8       0x18 c:/st/stm32cubeide_1.5.1/stm32cubeide/plugins/com.st.stm32cube.ide.mcu.externaltools.gnu-tools-for-stm32.7-2018-q2-update.win32_1.5.0.202011040924/tools/bin/../lib/gcc/arm-none-eabi/7.3.1/thumb/v6-m\libgcc.a(_clzdi2.o)
                0x00000000080032f8                __clzdi2
 *(.text*)
 .text.LoadROtopology
                0x0000000008003310       0xa0 BOS\BOS.o
                0x0000000008003310                LoadROtopology
 .text.LoadEEportsDir
                0x00000000080033b0       0x4c BOS\BOS.o
                0x00000000080033b0                LoadEEportsDir
 .text.LoadEEalias
                0x00000000080033fc       0x80 BOS\BOS.o
                0x00000000080033fc                LoadEEalias
 .text.LoadEEgroup
                0x000000000800347c       0xa4 BOS\BOS.o
                0x000000000800347c                LoadEEgroup
 .text.LoadEEstreams
                0x0000000008003520      0x120 BOS\BOS.o
                0x0000000008003520                LoadEEstreams
 .text.LoadEEparams
                0x0000000008003640      0x17c BOS\BOS.o
                0x0000000008003640                LoadEEparams
 .text.LoadEEbuttons
                0x00000000080037bc      0x104 BOS\BOS.o
                0x00000000080037bc                LoadEEbuttons
 .text.LoadROsnippets
                0x00000000080038c0      0x110 BOS\BOS.o
                0x00000000080038c0                LoadROsnippets
 .text.LoadEEvars
                0x00000000080039d0       0x24 BOS\BOS.o
                0x00000000080039d0                LoadEEvars
 .text.SaveEEportsDir
                0x00000000080039f4       0x50 BOS\BOS.o
                0x00000000080039f4                SaveEEportsDir
 .text.SaveEEalias
                0x0000000008003a44       0x88 BOS\BOS.o
                0x0000000008003a44                SaveEEalias
 .text.SaveEEstreams
                0x0000000008003acc       0x90 BOS\BOS.o
                0x0000000008003acc                SaveEEstreams
 .text.SaveEEparams
                0x0000000008003b5c       0x88 BOS\BOS.o
                0x0000000008003b5c                SaveEEparams
 .text.ClearEEportsDir
                0x0000000008003be4       0x58 BOS\BOS.o
                0x0000000008003be4                ClearEEportsDir
 .text.IsLowerCLIbaud
                0x0000000008003c3c       0x94 BOS\BOS.o
                0x0000000008003c3c                IsLowerCLIbaud
 .text.SetupPortForRemoteBootloaderUpdate
                0x0000000008003cd0       0x2c BOS\BOS.o
                0x0000000008003cd0                SetupPortForRemoteBootloaderUpdate
 .text.IsModuleParameter
                0x0000000008003cfc       0x28 BOS\BOS.o
                0x0000000008003cfc                IsModuleParameter
 .text.IsMathOperator
                0x0000000008003d24       0xb0 BOS\BOS.o
                0x0000000008003d24                IsMathOperator
 .text.ExploreNeighbors
                0x0000000008003dd4       0x58 BOS\BOS.o
                0x0000000008003dd4                ExploreNeighbors
 .text.FindBroadcastRoutes
                0x0000000008003e2c      0x150 BOS\BOS.o
                0x0000000008003e2c                FindBroadcastRoutes
 .text.FindRoute
                0x0000000008003f7c      0x1c0 BOS\BOS.o
                0x0000000008003f7c                FindRoute
 .text.remoteBootloaderUpdate
                0x000000000800413c      0x11c BOS\BOS.o
                0x000000000800413c                remoteBootloaderUpdate
 .text.DisplayTopology
                0x0000000008004258      0x1a4 BOS\BOS.o
                0x0000000008004258                DisplayTopology
 .text.DisplayPortsDir
                0x00000000080043fc       0xf4 BOS\BOS.o
                0x00000000080043fc                DisplayPortsDir
 .text.DisplayModuleStatus
                0x00000000080044f0      0x2ec BOS\BOS.o
                0x00000000080044f0                DisplayModuleStatus
 .text.GetID    0x00000000080047dc       0xc0 BOS\BOS.o
                0x00000000080047dc                GetID
 .text.NameModule
                0x000000000800489c       0xd4 BOS\BOS.o
                0x000000000800489c                NameModule
 .text.AddModuleToGroup
                0x0000000008004970      0x11c BOS\BOS.o
                0x0000000008004970                AddModuleToGroup
 .text.ReadPortsDir
                0x0000000008004a8c       0xc4 BOS\BOS.o
                0x0000000008004a8c                ReadPortsDir
 .text.UpdateMyPortsDir
                0x0000000008004b50       0x58 BOS\BOS.o
                0x0000000008004b50                UpdateMyPortsDir
 .text.BOS_Init
                0x0000000008004ba8      0x138 BOS\BOS.o
                0x0000000008004ba8                BOS_Init
 .text.Module_Init
                0x0000000008004ce0       0x18 BOS\BOS.o
                0x0000000008004ce0                Module_Init
 .text.WriteToRemote
                0x0000000008004cf8      0x230 BOS\BOS.o
                0x0000000008004cf8                WriteToRemote
 .text.GetDateString
                0x0000000008004f28       0x3c BOS\BOS.o
                0x0000000008004f28                GetDateString
 .text.Bridge   0x0000000008004f64       0x28 BOS\BOS.o
                0x0000000008004f64                Bridge
 .text.Unbridge
                0x0000000008004f8c       0x70 BOS\BOS.o
                0x0000000008004f8c                Unbridge
 .text.AddSnippet.part.0
                0x0000000008004ffc       0xb0 BOS\BOS_CLI.o
 .text.StringToLowerCase
                0x00000000080050ac       0x28 BOS\BOS_CLI.o
                0x00000000080050ac                StringToLowerCase
 .text.ParseSnippetCondition
                0x00000000080050d4      0x3c8 BOS\BOS_CLI.o
                0x00000000080050d4                ParseSnippetCondition
 .text.CLI_CommandParser
                0x000000000800549c      0x444 BOS\BOS_CLI.o
                0x000000000800549c                CLI_CommandParser
 .text.prvCLITask
                0x00000000080058e0      0x1e0 BOS\BOS_CLI.o
                0x00000000080058e0                prvCLITask
 .text.ParseSnippetCommand
                0x0000000008005ac0       0x78 BOS\BOS_CLI.o
                0x0000000008005ac0                ParseSnippetCommand
 .text.CheckSnippetCondition
                0x0000000008005b38       0xd0 BOS\BOS_CLI.o
                0x0000000008005b38                CheckSnippetCondition
 .text.ExecuteSnippet
                0x0000000008005c08       0xb4 BOS\BOS_CLI.o
                0x0000000008005c08                ExecuteSnippet
 .text.exploreCommand
                0x0000000008005cbc        0x4 BOS\BOS_CLIcommands.o
 .text.setBaudrateCommand
                0x0000000008005cc0       0x80 BOS\BOS_CLIcommands.o
 .text.flashsizeCommand
                0x0000000008005d40       0x20 BOS\BOS_CLIcommands.o
 .text.GetReadPrecentageCommand
                0x0000000008005d60       0x60 BOS\BOS_CLIcommands.o
 .text.ReadVrefCommand
                0x0000000008005dc0       0x40 BOS\BOS_CLIcommands.o
 .text.ReadTempCommand
                0x0000000008005e00       0x40 BOS\BOS_CLIcommands.o
 .text.ADCReadCommand
                0x0000000008005e40       0xb8 BOS\BOS_CLIcommands.o
 .text.testportCommand
                0x0000000008005ef8      0x1b8 BOS\BOS_CLIcommands.o
 .text.unbridgeCommand
                0x00000000080060b0       0xb0 BOS\BOS_CLIcommands.o
 .text.bridgeCommand
                0x0000000008006160       0xb0 BOS\BOS_CLIcommands.o
 .text.delSnipCommand
                0x0000000008006210       0xec BOS\BOS_CLIcommands.o
 .text.pauseSnipCommand
                0x00000000080062fc       0x6c BOS\BOS_CLIcommands.o
 .text.actSnipCommand
                0x0000000008006368       0x70 BOS\BOS_CLIcommands.o
 .text.snipCommand
                0x00000000080063d8      0x214 BOS\BOS_CLIcommands.o
 .text.idcodeCommand
                0x00000000080065ec       0xa8 BOS\BOS_CLIcommands.o
 .text.dateCommand
                0x0000000008006694       0x24 BOS\BOS_CLIcommands.o
 .text.getCommand
                0x00000000080066b8      0x238 BOS\BOS_CLIcommands.o
 .text.defaultCommand
                0x00000000080068f0       0xbc BOS\BOS_CLIcommands.o
 .text.setCommand
                0x00000000080069ac      0x7d4 BOS\BOS_CLIcommands.o
 .text.removebuttonCommand
                0x0000000008007180       0x54 BOS\BOS_CLIcommands.o
 .text.addbuttonCommand
                0x00000000080071d4       0xd0 BOS\BOS_CLIcommands.o
 .text.scastCommand
                0x00000000080072a4      0x194 BOS\BOS_CLIcommands.o
 .text.infoCommand
                0x0000000008007438       0xac BOS\BOS_CLIcommands.o
 .text.statusCommand
                0x00000000080074e4       0x14 BOS\BOS_CLIcommands.o
 .text.groupCommand
                0x00000000080074f8      0x1ac BOS\BOS_CLIcommands.o
 .text.nameCommand
                0x00000000080076a4       0x90 BOS\BOS_CLIcommands.o
 .text.bootloaderUpdateCommand
                0x0000000008007734      0x180 BOS\BOS_CLIcommands.o
 .text.pingCommand
                0x00000000080078b4       0x64 BOS\BOS_CLIcommands.o
 .text.prvRunTimeStatsCommand
                0x0000000008007918       0x24 BOS\BOS_CLIcommands.o
 .text.prvTaskStatsCommand
                0x000000000800793c       0x24 BOS\BOS_CLIcommands.o
 .text.uuidCommand
                0x0000000008007960       0x6c BOS\BOS_CLIcommands.o
 .text.timeCommand
                0x00000000080079cc       0x7c BOS\BOS_CLIcommands.o
 .text.resetCommand
                0x0000000008007a48       0x24 BOS\BOS_CLIcommands.o
 .text.RegisterUserCLICommands
                0x0000000008007a6c        0x4 BOS\BOS_CLIcommands.o
                0x0000000008007a6c                RegisterUserCLICommands
 .text.vRegisterCLICommands
                0x0000000008007a70      0x130 BOS\BOS_CLIcommands.o
                0x0000000008007a70                vRegisterCLICommands
 .text.StopStreamDMA
                0x0000000008007ba0       0x2c BOS\BOS_dma.o
                0x0000000008007ba0                StopStreamDMA
 .text.SwitchMsgDMAToStream
                0x0000000008007bcc       0x2c BOS\BOS_dma.o
                0x0000000008007bcc                SwitchMsgDMAToStream
 .text.SwitchStreamDMAToMsg
                0x0000000008007bf8       0x74 BOS\BOS_dma.o
                0x0000000008007bf8                SwitchStreamDMAToMsg
 .text.StartDMAstream
                0x0000000008007c6c       0x54 BOS\BOS_dma.o
                0x0000000008007c6c                StartDMAstream
 .text.DMA_IRQHandler
                0x0000000008007cc0       0x80 BOS\BOS_dma.o
                0x0000000008007cc0                DMA_IRQHandler
 .text.ResetUartORE
                0x0000000008007d40       0x2c BOS\BOS_dma.o
                0x0000000008007d40                ResetUartORE
 .text.EE_VerifyPageFullWriteVariable
                0x0000000008007d6c       0xbc BOS\BOS_eeprom.o
 .text.EE_ReadVariable
                0x0000000008007e28       0x60 BOS\BOS_eeprom.o
                0x0000000008007e28                EE_ReadVariable
 .text.EE_WriteVariable
                0x0000000008007e88      0x12c BOS\BOS_eeprom.o
                0x0000000008007e88                EE_WriteVariable
 .text.EE_Format
                0x0000000008007fb4       0xa0 BOS\BOS_eeprom.o
                0x0000000008007fb4                EE_Format
 .text.EE_Init  0x0000000008008054      0x2b0 BOS\BOS_eeprom.o
                0x0000000008008054                EE_Init
 .text.MX_FREERTOS_Init
                0x0000000008008304      0x1bc BOS\BOS_freertos.o
                0x0000000008008304                MX_FREERTOS_Init
 .text.ExecuteMonitor
                0x00000000080084c0      0x404 BOS\BOS_freertos.o
                0x00000000080084c0                ExecuteMonitor
 .text.StartDefaultTask
                0x00000000080088c4       0x88 BOS\BOS_freertos.o
                0x00000000080088c4                StartDefaultTask
 .text.vMainConfigureTimerForRunTimeStats
                0x000000000800894c       0x20 BOS\BOS_freertos.o
                0x000000000800894c                vMainConfigureTimerForRunTimeStats
 .text.ulMainGetRunTimeCounterValue
                0x000000000800896c       0x50 BOS\BOS_freertos.o
                0x000000000800896c                ulMainGetRunTimeCounterValue
 .text.buttonPressedCallback
                0x00000000080089bc        0x4 BOS\BOS_inputs.o
                0x00000000080089bc                buttonPressedCallback
 .text.AddPortButton
                0x00000000080089c0       0xf4 BOS\BOS_inputs.o
                0x00000000080089c0                AddPortButton
 .text.RemovePortButton
                0x0000000008008ab4      0x108 BOS\BOS_inputs.o
                0x0000000008008ab4                RemovePortButton
 .text.SetButtonEvents
                0x0000000008008bbc      0x23c BOS\BOS_inputs.o
                0x0000000008008bbc                SetButtonEvents
 .text.MX_ADC_Init
                0x0000000008008df8       0x54 BOS\BOS_inputs.o
                0x0000000008008df8                MX_ADC_Init
 .text.ADC_Channels_Config
                0x0000000008008e4c       0x60 BOS\BOS_inputs.o
                0x0000000008008e4c                ADC_Channels_Config
 .text.ReadTempAndVref
                0x0000000008008eac      0x18c BOS\BOS_inputs.o
                0x0000000008008eac                ReadTempAndVref
 .text.GetReadPrecentage
                0x0000000008009038      0x180 BOS\BOS_inputs.o
                0x0000000008009038                GetReadPrecentage
 .text.Get_Rank
                0x00000000080091b8       0x58 BOS\BOS_inputs.o
                0x00000000080091b8                Get_Rank
 .text.ADCSelectChannel
                0x0000000008009210       0xa4 BOS\BOS_inputs.o
                0x0000000008009210                ADCSelectChannel
 .text.ReadADCChannel
                0x00000000080092b4      0x114 BOS\BOS_inputs.o
                0x00000000080092b4                ReadADCChannel
 .text.buttonReleasedCallback
                0x00000000080093c8        0x4 BOS\BOS_inputs.o
                0x00000000080093c8                buttonReleasedCallback
 .text.buttonClickedCallback
                0x00000000080093cc        0x4 BOS\BOS_inputs.o
                0x00000000080093cc                buttonClickedCallback
 .text.buttonDblClickedCallback
                0x00000000080093d0        0x4 BOS\BOS_inputs.o
                0x00000000080093d0                buttonDblClickedCallback
 .text.buttonPressedForXCallback
                0x00000000080093d4        0x4 BOS\BOS_inputs.o
                0x00000000080093d4                buttonPressedForXCallback
 .text.buttonReleasedForYCallback
                0x00000000080093d8        0x4 BOS\BOS_inputs.o
                0x00000000080093d8                buttonReleasedForYCallback
 .text.CheckAttachedButtons
                0x00000000080093dc      0x524 BOS\BOS_inputs.o
                0x00000000080093dc                CheckAttachedButtons
 .text.StreamTimerCallback
                0x0000000008009900       0x18 BOS\BOS_messaging.o
                0x0000000008009900                StreamTimerCallback
 .text.SetupDMAStreams
                0x0000000008009918      0x198 BOS\BOS_messaging.o
                0x0000000008009918                SetupDMAStreams
 .text.NotifyMessagingTask
                0x0000000008009ab0       0x48 BOS\BOS_messaging.o
                0x0000000008009ab0                NotifyMessagingTask
 .text.SendMessageFromPort
                0x0000000008009af8       0x38 BOS\BOS_messaging.o
                0x0000000008009af8                SendMessageFromPort
 .text.SendMessageFromPort.part.0
                0x0000000008009b30      0x3c0 BOS\BOS_messaging.o
 .text.BroadcastReceivedMessage
                0x0000000008009ef0       0x3c BOS\BOS_messaging.o
                0x0000000008009ef0                BroadcastReceivedMessage
 .text.BroadcastMessage
                0x0000000008009f2c       0x4c BOS\BOS_messaging.o
                0x0000000008009f2c                BroadcastMessage
 .text.ForwardReceivedMessage
                0x0000000008009f78       0x40 BOS\BOS_messaging.o
                0x0000000008009f78                ForwardReceivedMessage
 .text.SendMessageToModule
                0x0000000008009fb8       0x48 BOS\BOS_messaging.o
                0x0000000008009fb8                SendMessageToModule
 .text.StartScastDMAStream
                0x000000000800a000      0x178 BOS\BOS_messaging.o
                0x000000000800a000                StartScastDMAStream
 .text.BackEndTask
                0x000000000800a178      0x3e8 BOS\BOS_msgparser.o
                0x000000000800a178                BackEndTask
 .text.User_MessagingParser
                0x000000000800a560        0x4 BOS\BOS_msgparser.o
                0x000000000800a560                User_MessagingParser
 .text.PxMessagingTask
                0x000000000800a564     0x1404 BOS\BOS_msgparser.o
                0x000000000800a564                PxMessagingTask
 .text.weight1ModParamCommand
                0x000000000800b968       0x2c H26R0\H26R0.o
 .text.weight2ModParamCommand
                0x000000000800b994       0x2c H26R0\H26R0.o
 .text.unitCommand
                0x000000000800b9c0       0xf0 H26R0\H26R0.o
 .text.CheckForEnterKey
                0x000000000800bab0       0x58 H26R0\H26R0.o
 .text.HandleTimeout
                0x000000000800bb08       0x20 H26R0\H26R0.o
 .text.StreamGramToPort.part.2
                0x000000000800bb28       0x54 H26R0\H26R0.o
 .text.StreamKGramToPort.part.3
                0x000000000800bb7c       0x54 H26R0\H26R0.o
 .text.SystemClock_Config
                0x000000000800bbd0       0xb0 H26R0\H26R0.o
                0x000000000800bbd0                SystemClock_Config
 .text.Module_Peripheral_Init
                0x000000000800bc80       0xe0 H26R0\H26R0.o
                0x000000000800bc80                Module_Peripheral_Init
 .text.initialValue
                0x000000000800bd60        0xc H26R0\H26R0.o
                0x000000000800bd60                initialValue
 .text.SaveToRO
                0x000000000800bd6c      0x1f0 H26R0\H26R0.o
                0x000000000800bd6c                SaveToRO
 .text.ClearROtopology
                0x000000000800bf5c       0x2c H26R0\H26R0.o
                0x000000000800bf5c                ClearROtopology
 .text.RegisterModuleCLICommands
                0x000000000800bf88       0x64 H26R0\H26R0.o
                0x000000000800bf88                RegisterModuleCLICommands
 .text.GetPort  0x000000000800bfec       0x50 H26R0\H26R0.o
                0x000000000800bfec                GetPort
 .text.readHX711
                0x000000000800c03c       0xc0 H26R0\H26R0.o
                0x000000000800c03c                readHX711
 .text.weightCalculation
                0x000000000800c0fc       0xa0 H26R0\H26R0.o
                0x000000000800c0fc                weightCalculation
 .text.SetHX711Rate
                0x000000000800c19c       0x3c H26R0\H26R0.o
                0x000000000800c19c                SetHX711Rate
 .text.rateCommand
                0x000000000800c1d8       0x94 H26R0\H26R0.o
 .text.formatModParamCommand
                0x000000000800c26c       0x78 H26R0\H26R0.o
 .text.Calibration
                0x000000000800c2e4       0x7c H26R0\H26R0.o
                0x000000000800c2e4                Calibration
 .text.calibrationCommand
                0x000000000800c360       0xb0 H26R0\H26R0.o
 .text.SampleGram
                0x000000000800c410       0x64 H26R0\H26R0.o
                0x000000000800c410                SampleGram
 .text.SampleKGram
                0x000000000800c474       0x58 H26R0\H26R0.o
                0x000000000800c474                SampleKGram
 .text.SampleOunce
                0x000000000800c4cc       0x70 H26R0\H26R0.o
                0x000000000800c4cc                SampleOunce
 .text.SamplePound
                0x000000000800c53c       0x70 H26R0\H26R0.o
                0x000000000800c53c                SamplePound
 .text.StreamKGramToCLI
                0x000000000800c5ac       0x8c H26R0\H26R0.o
                0x000000000800c5ac                StreamKGramToCLI
 .text.demoCommand
                0x000000000800c638       0x9c H26R0\H26R0.o
 .text.StreamKGramToVERBOSE
                0x000000000800c6d4       0x8c H26R0\H26R0.o
                0x000000000800c6d4                StreamKGramToVERBOSE
 .text.streamCommand
                0x000000000800c760      0x274 H26R0\H26R0.o
 .text.StreamRawToPort
                0x000000000800c9d4       0x98 H26R0\H26R0.o
                0x000000000800c9d4                StreamRawToPort
 .text.Average  0x000000000800ca6c       0xb0 H26R0\H26R0.o
                0x000000000800ca6c                Average
 .text.SendResults
                0x000000000800cb1c      0x2c8 H26R0\H26R0.o
                0x000000000800cb1c                SendResults
 .text.sampleCommand
                0x000000000800cde4       0x68 H26R0\H26R0.o
 .text.LoadcellTask
                0x000000000800ce4c      0x160 H26R0\H26R0.o
                0x000000000800ce4c                LoadcellTask
 .text.ZeroCal  0x000000000800cfac       0xac H26R0\H26R0.o
                0x000000000800cfac                ZeroCal
 .text.zerocalCommand
                0x000000000800d058       0x68 H26R0\H26R0.o
 .text.Module_MessagingTask
                0x000000000800d0c0      0x414 H26R0\H26R0.o
                0x000000000800d0c0                Module_MessagingTask
 .text.Stop     0x000000000800d4d4       0x48 H26R0\H26R0.o
                0x000000000800d4d4                Stop
 .text.stopCommand
                0x000000000800d51c       0x14 H26R0\H26R0.o
 .text.DMA_Init
                0x000000000800d530      0x188 H26R0\H26R0_dma.o
                0x000000000800d530                DMA_Init
 .text.DMA_MSG_RX_CH_Init
                0x000000000800d6b8       0x24 H26R0\H26R0_dma.o
                0x000000000800d6b8                DMA_MSG_RX_CH_Init
 .text.DMA_STREAM_CH_Init
                0x000000000800d6dc       0x20 H26R0\H26R0_dma.o
                0x000000000800d6dc                DMA_STREAM_CH_Init
 .text.SetupDMAInterrupts
                0x000000000800d6fc       0xb8 H26R0\H26R0_dma.o
                0x000000000800d6fc                SetupDMAInterrupts
 .text.UnSetupDMAInterrupts
                0x000000000800d7b4       0xa0 H26R0\H26R0_dma.o
                0x000000000800d7b4                UnSetupDMAInterrupts
 .text.DMA_MSG_TX_UnSetup
                0x000000000800d854       0x14 H26R0\H26R0_dma.o
                0x000000000800d854                DMA_MSG_TX_UnSetup
 .text.RemapAndLinkDMAtoUARTRx
                0x000000000800d868      0x5d0 H26R0\H26R0_dma.o
                0x000000000800d868                RemapAndLinkDMAtoUARTRx
 .text.DMA_MSG_RX_Setup
                0x000000000800de38       0x34 H26R0\H26R0_dma.o
                0x000000000800de38                DMA_MSG_RX_Setup
 .text.SetupMessagingRxDMAs
                0x000000000800de6c       0x80 H26R0\H26R0_dma.o
                0x000000000800de6c                SetupMessagingRxDMAs
 .text.DMA_STREAM_Setup
                0x000000000800deec       0x40 H26R0\H26R0_dma.o
                0x000000000800deec                DMA_STREAM_Setup
 .text.RemapAndLinkDMAtoUARTTx
                0x000000000800df2c      0x5d0 H26R0\H26R0_dma.o
                0x000000000800df2c                RemapAndLinkDMAtoUARTTx
 .text.DMA_MSG_TX_Setup
                0x000000000800e4fc       0x38 H26R0\H26R0_dma.o
                0x000000000800e4fc                DMA_MSG_TX_Setup
 .text.CRC_Init
                0x000000000800e534       0x28 H26R0\H26R0_dma.o
                0x000000000800e534                CRC_Init
 .text.HAL_CRC_MspInit
                0x000000000800e55c       0x1c H26R0\H26R0_dma.o
                0x000000000800e55c                HAL_CRC_MspInit
 .text.CalculateCRC8
                0x000000000800e578       0x3c H26R0\H26R0_dma.o
                0x000000000800e578                CalculateCRC8
 .text.GPIO_Init
                0x000000000800e5b4       0x84 H26R0\H26R0_gpio.o
                0x000000000800e5b4                GPIO_Init
 .text.HX711_GPIO_Init
                0x000000000800e638       0x38 H26R0\H26R0_gpio.o
                0x000000000800e638                HX711_GPIO_Init
 .text.GetPortGPIOs
                0x000000000800e670       0xc4 H26R0\H26R0_gpio.o
                0x000000000800e670                GetPortGPIOs
 .text.IsFactoryReset
                0x000000000800e734       0xec H26R0\H26R0_gpio.o
                0x000000000800e734                IsFactoryReset
 .text.SysTick_Handler
                0x000000000800e820        0xc H26R0\H26R0_it.o
                0x000000000800e820                SysTick_Handler
 .text.HardFault_Handler
                0x000000000800e82c        0x4 H26R0\H26R0_it.o
                0x000000000800e82c                HardFault_Handler
 .text.USART1_IRQHandler
                0x000000000800e830        0x4 H26R0\H26R0_it.o
                0x000000000800e830                USART1_IRQHandler
 .text.USART2_IRQHandler
                0x000000000800e834       0x10 H26R0\H26R0_it.o
                0x000000000800e834                USART2_IRQHandler
 .text.USART3_8_IRQHandler
                0x000000000800e844       0x2c H26R0\H26R0_it.o
                0x000000000800e844                USART3_8_IRQHandler
 .text.DMA1_Ch1_IRQHandler
                0x000000000800e870        0xc H26R0\H26R0_it.o
                0x000000000800e870                DMA1_Ch1_IRQHandler
 .text.DMA1_Ch2_3_DMA2_Ch1_2_IRQHandler
                0x000000000800e87c       0x40 H26R0\H26R0_it.o
                0x000000000800e87c                DMA1_Ch2_3_DMA2_Ch1_2_IRQHandler
 .text.DMA1_Ch4_7_DMA2_Ch3_5_IRQHandler
                0x000000000800e8bc       0x5c H26R0\H26R0_it.o
                0x000000000800e8bc                DMA1_Ch4_7_DMA2_Ch3_5_IRQHandler
 .text.HAL_UART_TxCpltCallback
                0x000000000800e918       0x30 H26R0\H26R0_it.o
                0x000000000800e918                HAL_UART_TxCpltCallback
 .text.HAL_UART_ErrorCallback
                0x000000000800e948       0x48 H26R0\H26R0_it.o
                0x000000000800e948                HAL_UART_ErrorCallback
 .text.HAL_UART_RxCpltCallback
                0x000000000800e990       0x64 H26R0\H26R0_it.o
                0x000000000800e990                HAL_UART_RxCpltCallback
 .text.vApplicationStackOverflowHook
                0x000000000800e9f4        0x4 H26R0\H26R0_it.o
                0x000000000800e9f4                vApplicationStackOverflowHook
 .text.vApplicationMallocFailedHook
                0x000000000800e9f8        0x4 H26R0\H26R0_it.o
                0x000000000800e9f8                vApplicationMallocFailedHook
 .text.RTC_CalendarConfig
                0x000000000800e9fc       0xfc H26R0\H26R0_rtc.o
                0x000000000800e9fc                RTC_CalendarConfig
 .text.RTC_Init
                0x000000000800eaf8       0x98 H26R0\H26R0_rtc.o
                0x000000000800eaf8                RTC_Init
 .text.BOS_CalendarConfig
                0x000000000800eb90       0xb4 H26R0\H26R0_rtc.o
                0x000000000800eb90                BOS_CalendarConfig
 .text.GetTimeDate
                0x000000000800ec44       0x64 H26R0\H26R0_rtc.o
                0x000000000800ec44                GetTimeDate
 .text.TIM_USEC_Init
                0x000000000800eca8       0x64 H26R0\H26R0_timers.o
                0x000000000800eca8                TIM_USEC_Init
 .text.TIM_MSEC_Init
                0x000000000800ed0c       0x60 H26R0\H26R0_timers.o
                0x000000000800ed0c                TIM_MSEC_Init
 .text.StartMicroDelay
                0x000000000800ed6c       0x24 H26R0\H26R0_timers.o
                0x000000000800ed6c                StartMicroDelay
 .text.StartMilliDelay
                0x000000000800ed90       0x24 H26R0\H26R0_timers.o
                0x000000000800ed90                StartMilliDelay
 .text.MX_USART2_UART_Init
                0x000000000800edb4       0x30 H26R0\H26R0_uart.o
                0x000000000800edb4                MX_USART2_UART_Init
 .text.MX_USART3_UART_Init
                0x000000000800ede4       0x30 H26R0\H26R0_uart.o
                0x000000000800ede4                MX_USART3_UART_Init
 .text.MX_USART4_UART_Init
                0x000000000800ee14       0x30 H26R0\H26R0_uart.o
                0x000000000800ee14                MX_USART4_UART_Init
 .text.MX_USART5_UART_Init
                0x000000000800ee44       0x30 H26R0\H26R0_uart.o
                0x000000000800ee44                MX_USART5_UART_Init
 .text.MX_USART6_UART_Init
                0x000000000800ee74       0x30 H26R0\H26R0_uart.o
                0x000000000800ee74                MX_USART6_UART_Init
 .text.HAL_UART_MspInit
                0x000000000800eea4      0x1c4 H26R0\H26R0_uart.o
                0x000000000800eea4                HAL_UART_MspInit
 .text.writePxMutex
                0x000000000800f068       0x64 H26R0\H26R0_uart.o
                0x000000000800f068                writePxMutex
 .text.writePxITMutex
                0x000000000800f0cc       0x40 H26R0\H26R0_uart.o
                0x000000000800f0cc                writePxITMutex
 .text.writePxDMAMutex
                0x000000000800f10c       0x48 H26R0\H26R0_uart.o
                0x000000000800f10c                writePxDMAMutex
 .text.UpdateBaudrate
                0x000000000800f154       0x24 H26R0\H26R0_uart.o
                0x000000000800f154                UpdateBaudrate
 .text.GetUart  0x000000000800f178       0x18 H26R0\H26R0_uart.o
                0x000000000800f178                GetUart
 .text.SwapUartPins
                0x000000000800f190       0x74 H26R0\H26R0_uart.o
                0x000000000800f190                SwapUartPins
 .text.Reset_Handler
                0x000000000800f204       0x8c H26R0\startup_stm32f091xc.o
                0x000000000800f204                Reset_Handler
 .text.Default_Handler
                0x000000000800f290        0x2 H26R0\startup_stm32f091xc.o
                0x000000000800f290                TIM1_CC_IRQHandler
                0x000000000800f290                TSC_IRQHandler
                0x000000000800f290                ADC1_COMP_IRQHandler
                0x000000000800f290                NMI_Handler
                0x000000000800f290                I2C1_IRQHandler
                0x000000000800f290                RCC_CRS_IRQHandler
                0x000000000800f290                SPI1_IRQHandler
                0x000000000800f290                TIM6_DAC_IRQHandler
                0x000000000800f290                EXTI2_3_IRQHandler
                0x000000000800f290                I2C2_IRQHandler
                0x000000000800f290                TIM17_IRQHandler
                0x000000000800f290                CEC_CAN_IRQHandler
                0x000000000800f290                RTC_IRQHandler
                0x000000000800f290                PVD_VDDIO2_IRQHandler
                0x000000000800f290                TIM16_IRQHandler
                0x000000000800f290                TIM3_IRQHandler
                0x000000000800f290                EXTI4_15_IRQHandler
                0x000000000800f290                Default_Handler
                0x000000000800f290                TIM14_IRQHandler
                0x000000000800f290                TIM7_IRQHandler
                0x000000000800f290                TIM15_IRQHandler
                0x000000000800f290                EXTI0_1_IRQHandler
                0x000000000800f290                SPI2_IRQHandler
                0x000000000800f290                WWDG_IRQHandler
                0x000000000800f290                TIM2_IRQHandler
                0x000000000800f290                FLASH_IRQHandler
                0x000000000800f290                TIM1_BRK_UP_TRG_COM_IRQHandler
 *fill*         0x000000000800f292        0x2 
 .text.SystemInit
                0x000000000800f294       0x60 Thirdparty\CMSIS\Device\ST\STM32F0xx\Source\Templates\system_stm32f0xx.o
                0x000000000800f294                SystemInit
 .text.osKernelStart
                0x000000000800f2f4        0xc Thirdparty\Middleware\FreeRTOS\Source\CMSIS_RTOS\cmsis_os.o
                0x000000000800f2f4                osKernelStart
 .text.osDelay  0x000000000800f300       0x10 Thirdparty\Middleware\FreeRTOS\Source\CMSIS_RTOS\cmsis_os.o
                0x000000000800f300                osDelay
 .text.osMutexRelease
                0x000000000800f310       0x48 Thirdparty\Middleware\FreeRTOS\Source\CMSIS_RTOS\cmsis_os.o
                0x000000000800f310                osMutexRelease
 .text.osSemaphoreCreate
                0x000000000800f358       0x2c Thirdparty\Middleware\FreeRTOS\Source\CMSIS_RTOS\cmsis_os.o
                0x000000000800f358                osSemaphoreCreate
 .text.osSemaphoreWait
                0x000000000800f384       0x54 Thirdparty\Middleware\FreeRTOS\Source\CMSIS_RTOS\cmsis_os.o
                0x000000000800f384                osSemaphoreWait
 .text.osSemaphoreRelease
                0x000000000800f3d8        0x8 Thirdparty\Middleware\FreeRTOS\Source\CMSIS_RTOS\cmsis_os.o
                0x000000000800f3d8                osSemaphoreRelease
 .text.osSystickHandler
                0x000000000800f3e0       0x10 Thirdparty\Middleware\FreeRTOS\Source\CMSIS_RTOS\cmsis_os.o
                0x000000000800f3e0                osSystickHandler
 .text.FreeRTOS_CLIRegisterCommand
                0x000000000800f3f0       0x38 Thirdparty\Middleware\FreeRTOS\Source\FreeRTOS_CLI.o
                0x000000000800f3f0                FreeRTOS_CLIRegisterCommand
 .text.FreeRTOS_CLIProcessCommand
                0x000000000800f428       0xf0 Thirdparty\Middleware\FreeRTOS\Source\FreeRTOS_CLI.o
                0x000000000800f428                FreeRTOS_CLIProcessCommand
 .text.FreeRTOS_CLIGetOutputBuffer
                0x000000000800f518        0x8 Thirdparty\Middleware\FreeRTOS\Source\FreeRTOS_CLI.o
                0x000000000800f518                FreeRTOS_CLIGetOutputBuffer
 .text.FreeRTOS_CLIGetParameter
                0x000000000800f520       0x54 Thirdparty\Middleware\FreeRTOS\Source\FreeRTOS_CLI.o
                0x000000000800f520                FreeRTOS_CLIGetParameter
 .text.prvHelpCommand
                0x000000000800f574      0x100 Thirdparty\Middleware\FreeRTOS\Source\FreeRTOS_CLI.o
 .text.vListInitialise
                0x000000000800f674       0x18 Thirdparty\Middleware\FreeRTOS\Source\list.o
                0x000000000800f674                vListInitialise
 .text.vListInitialiseItem
                0x000000000800f68c        0x8 Thirdparty\Middleware\FreeRTOS\Source\list.o
                0x000000000800f68c                vListInitialiseItem
 .text.vListInsertEnd
                0x000000000800f694       0x18 Thirdparty\Middleware\FreeRTOS\Source\list.o
                0x000000000800f694                vListInsertEnd
 .text.vListInsert
                0x000000000800f6ac       0x30 Thirdparty\Middleware\FreeRTOS\Source\list.o
                0x000000000800f6ac                vListInsert
 .text.uxListRemove
                0x000000000800f6dc       0x20 Thirdparty\Middleware\FreeRTOS\Source\list.o
                0x000000000800f6dc                uxListRemove
 .text.prvTaskExitError
                0x000000000800f6fc       0x14 Thirdparty\Middleware\FreeRTOS\Source\portable\GCC\ARM_CM0\port.o
 .text.vPortStartFirstTask
                0x000000000800f710       0x20 Thirdparty\Middleware\FreeRTOS\Source\portable\GCC\ARM_CM0\port.o
 .text.pxPortInitialiseStack
                0x000000000800f730       0x20 Thirdparty\Middleware\FreeRTOS\Source\portable\GCC\ARM_CM0\port.o
                0x000000000800f730                pxPortInitialiseStack
 .text.SVC_Handler
                0x000000000800f750        0x4 Thirdparty\Middleware\FreeRTOS\Source\portable\GCC\ARM_CM0\port.o
                0x000000000800f750                SVC_Handler
 .text.xPortStartScheduler
                0x000000000800f754       0x54 Thirdparty\Middleware\FreeRTOS\Source\portable\GCC\ARM_CM0\port.o
                0x000000000800f754                xPortStartScheduler
 .text.vPortYield
                0x000000000800f7a8       0x18 Thirdparty\Middleware\FreeRTOS\Source\portable\GCC\ARM_CM0\port.o
                0x000000000800f7a8                vPortYield
 .text.vPortEnterCritical
                0x000000000800f7c0       0x18 Thirdparty\Middleware\FreeRTOS\Source\portable\GCC\ARM_CM0\port.o
                0x000000000800f7c0                vPortEnterCritical
 .text.vPortExitCritical
                0x000000000800f7d8       0x1c Thirdparty\Middleware\FreeRTOS\Source\portable\GCC\ARM_CM0\port.o
                0x000000000800f7d8                vPortExitCritical
 .text.ulSetInterruptMaskFromISR
                0x000000000800f7f4        0xc Thirdparty\Middleware\FreeRTOS\Source\portable\GCC\ARM_CM0\port.o
                0x000000000800f7f4                ulSetInterruptMaskFromISR
 .text.vClearInterruptMaskFromISR
                0x000000000800f800        0x8 Thirdparty\Middleware\FreeRTOS\Source\portable\GCC\ARM_CM0\port.o
                0x000000000800f800                vClearInterruptMaskFromISR
 .text.PendSV_Handler
                0x000000000800f808       0x44 Thirdparty\Middleware\FreeRTOS\Source\portable\GCC\ARM_CM0\port.o
                0x000000000800f808                PendSV_Handler
 .text.xPortSysTickHandler
                0x000000000800f84c       0x24 Thirdparty\Middleware\FreeRTOS\Source\portable\GCC\ARM_CM0\port.o
                0x000000000800f84c                xPortSysTickHandler
 .text.unlikely.prvInsertBlockIntoFreeList
                0x000000000800f870       0x4c Thirdparty\Middleware\FreeRTOS\Source\portable\MemMang\heap_4.o
 .text.pvPortMalloc
                0x000000000800f8bc       0xf8 Thirdparty\Middleware\FreeRTOS\Source\portable\MemMang\heap_4.o
                0x000000000800f8bc                pvPortMalloc
 .text.vPortFree
                0x000000000800f9b4       0x44 Thirdparty\Middleware\FreeRTOS\Source\portable\MemMang\heap_4.o
                0x000000000800f9b4                vPortFree
 .text.prvCopyDataToQueue
                0x000000000800f9f8       0x78 Thirdparty\Middleware\FreeRTOS\Source\queue.o
 .text.prvCopyDataFromQueue
                0x000000000800fa70       0x24 Thirdparty\Middleware\FreeRTOS\Source\queue.o
 .text.prvUnlockQueue
                0x000000000800fa94       0xa0 Thirdparty\Middleware\FreeRTOS\Source\queue.o
 .text.xQueueGenericReset
                0x000000000800fb34       0x68 Thirdparty\Middleware\FreeRTOS\Source\queue.o
                0x000000000800fb34                xQueueGenericReset
 .text.xQueueGenericCreate
                0x000000000800fb9c       0x50 Thirdparty\Middleware\FreeRTOS\Source\queue.o
                0x000000000800fb9c                xQueueGenericCreate
 .text.xQueueCreateCountingSemaphore
                0x000000000800fbec       0x28 Thirdparty\Middleware\FreeRTOS\Source\queue.o
                0x000000000800fbec                xQueueCreateCountingSemaphore
 .text.xQueueGenericSend
                0x000000000800fc14      0x138 Thirdparty\Middleware\FreeRTOS\Source\queue.o
                0x000000000800fc14                xQueueGenericSend
 .text.xQueueGenericSendFromISR
                0x000000000800fd4c       0x90 Thirdparty\Middleware\FreeRTOS\Source\queue.o
                0x000000000800fd4c                xQueueGenericSendFromISR
 .text.xQueueGiveFromISR
                0x000000000800fddc       0x74 Thirdparty\Middleware\FreeRTOS\Source\queue.o
                0x000000000800fddc                xQueueGiveFromISR
 .text.xQueueGenericReceive
                0x000000000800fe50      0x168 Thirdparty\Middleware\FreeRTOS\Source\queue.o
                0x000000000800fe50                xQueueGenericReceive
 .text.xQueueReceiveFromISR
                0x000000000800ffb8       0x7c Thirdparty\Middleware\FreeRTOS\Source\queue.o
                0x000000000800ffb8                xQueueReceiveFromISR
 .text.vQueueAddToRegistry
                0x0000000008010034       0x24 Thirdparty\Middleware\FreeRTOS\Source\queue.o
                0x0000000008010034                vQueueAddToRegistry
 .text.vQueueWaitForMessageRestricted
                0x0000000008010058       0x3c Thirdparty\Middleware\FreeRTOS\Source\queue.o
                0x0000000008010058                vQueueWaitForMessageRestricted
 .text.prvWriteNameToBuffer
                0x0000000008010094       0x30 Thirdparty\Middleware\FreeRTOS\Source\tasks.o
 .text.prvListTaskWithinSingleList.part.1
                0x00000000080100c4       0xa8 Thirdparty\Middleware\FreeRTOS\Source\tasks.o
 .text.prvResetNextTaskUnblockTime.part.2
                0x000000000801016c       0x18 Thirdparty\Middleware\FreeRTOS\Source\tasks.o
 .text.prvAddCurrentTaskToDelayedList
                0x0000000008010184       0x3c Thirdparty\Middleware\FreeRTOS\Source\tasks.o
 .text.xTaskGenericCreate.part.5
                0x00000000080101c0      0x19c Thirdparty\Middleware\FreeRTOS\Source\tasks.o
 .text.vTaskSwitchContext.part.6
                0x000000000801035c       0xb0 Thirdparty\Middleware\FreeRTOS\Source\tasks.o
 .text.xTaskGenericCreate
                0x000000000801040c       0x28 Thirdparty\Middleware\FreeRTOS\Source\tasks.o
                0x000000000801040c                xTaskGenericCreate
 .text.uxTaskPriorityGet
                0x0000000008010434       0x20 Thirdparty\Middleware\FreeRTOS\Source\tasks.o
                0x0000000008010434                uxTaskPriorityGet
 .text.vTaskPrioritySet
                0x0000000008010454       0xa4 Thirdparty\Middleware\FreeRTOS\Source\tasks.o
                0x0000000008010454                vTaskPrioritySet
 .text.vTaskStartScheduler
                0x00000000080104f8       0x4c Thirdparty\Middleware\FreeRTOS\Source\tasks.o
                0x00000000080104f8                vTaskStartScheduler
 .text.vTaskSuspendAll
                0x0000000008010544       0x10 Thirdparty\Middleware\FreeRTOS\Source\tasks.o
                0x0000000008010544                vTaskSuspendAll
 .text.xTaskGetTickCount
                0x0000000008010554        0xc Thirdparty\Middleware\FreeRTOS\Source\tasks.o
                0x0000000008010554                xTaskGetTickCount
 .text.xTaskGetTickCountFromISR
                0x0000000008010560        0xc Thirdparty\Middleware\FreeRTOS\Source\tasks.o
                0x0000000008010560                xTaskGetTickCountFromISR
 .text.xTaskIncrementTick
                0x000000000801056c      0x118 Thirdparty\Middleware\FreeRTOS\Source\tasks.o
                0x000000000801056c                xTaskIncrementTick
 .text.xTaskResumeAll
                0x0000000008010684       0xc0 Thirdparty\Middleware\FreeRTOS\Source\tasks.o
                0x0000000008010684                xTaskResumeAll
 .text.vTaskDelay
                0x0000000008010744       0x44 Thirdparty\Middleware\FreeRTOS\Source\tasks.o
                0x0000000008010744                vTaskDelay
 .text.prvIdleTask
                0x0000000008010788       0x64 Thirdparty\Middleware\FreeRTOS\Source\tasks.o
 .text.uxTaskGetSystemState
                0x00000000080107ec       0xe4 Thirdparty\Middleware\FreeRTOS\Source\tasks.o
                0x00000000080107ec                uxTaskGetSystemState
 .text.vTaskSwitchContext
                0x00000000080108d0       0x1c Thirdparty\Middleware\FreeRTOS\Source\tasks.o
                0x00000000080108d0                vTaskSwitchContext
 .text.vTaskPlaceOnEventList
                0x00000000080108ec       0x40 Thirdparty\Middleware\FreeRTOS\Source\tasks.o
                0x00000000080108ec                vTaskPlaceOnEventList
 .text.vTaskPlaceOnEventListRestricted
                0x000000000801092c       0x2c Thirdparty\Middleware\FreeRTOS\Source\tasks.o
                0x000000000801092c                vTaskPlaceOnEventListRestricted
 .text.xTaskRemoveFromEventList
                0x0000000008010958       0x74 Thirdparty\Middleware\FreeRTOS\Source\tasks.o
                0x0000000008010958                xTaskRemoveFromEventList
 .text.vTaskSetTimeOutState
                0x00000000080109cc       0x20 Thirdparty\Middleware\FreeRTOS\Source\tasks.o
                0x00000000080109cc                vTaskSetTimeOutState
 .text.xTaskCheckForTimeOut
                0x00000000080109ec       0x68 Thirdparty\Middleware\FreeRTOS\Source\tasks.o
                0x00000000080109ec                xTaskCheckForTimeOut
 .text.vTaskMissedYield
                0x0000000008010a54        0xc Thirdparty\Middleware\FreeRTOS\Source\tasks.o
                0x0000000008010a54                vTaskMissedYield
 .text.xTaskGetSchedulerState
                0x0000000008010a60       0x20 Thirdparty\Middleware\FreeRTOS\Source\tasks.o
                0x0000000008010a60                xTaskGetSchedulerState
 .text.vTaskPriorityInherit
                0x0000000008010a80       0x70 Thirdparty\Middleware\FreeRTOS\Source\tasks.o
                0x0000000008010a80                vTaskPriorityInherit
 .text.xTaskPriorityDisinherit
                0x0000000008010af0       0x6c Thirdparty\Middleware\FreeRTOS\Source\tasks.o
                0x0000000008010af0                xTaskPriorityDisinherit
 .text.vTaskList
                0x0000000008010b5c       0xb4 Thirdparty\Middleware\FreeRTOS\Source\tasks.o
                0x0000000008010b5c                vTaskList
 .text.vTaskGetRunTimeStats
                0x0000000008010c10       0xb8 Thirdparty\Middleware\FreeRTOS\Source\tasks.o
                0x0000000008010c10                vTaskGetRunTimeStats
 .text.pvTaskIncrementMutexHeldCount
                0x0000000008010cc8       0x18 Thirdparty\Middleware\FreeRTOS\Source\tasks.o
                0x0000000008010cc8                pvTaskIncrementMutexHeldCount
 .text.ulTaskNotifyTake
                0x0000000008010ce0       0x80 Thirdparty\Middleware\FreeRTOS\Source\tasks.o
                0x0000000008010ce0                ulTaskNotifyTake
 .text.xTaskGenericNotify
                0x0000000008010d60       0xac Thirdparty\Middleware\FreeRTOS\Source\tasks.o
                0x0000000008010d60                xTaskGenericNotify
 .text.prvCheckForValidListAndQueue
                0x0000000008010e0c       0x50 Thirdparty\Middleware\FreeRTOS\Source\timers.o
 .text.prvInsertTimerInActiveList
                0x0000000008010e5c       0x44 Thirdparty\Middleware\FreeRTOS\Source\timers.o
 .text.xTimerCreateTimerTask
                0x0000000008010ea0       0x40 Thirdparty\Middleware\FreeRTOS\Source\timers.o
                0x0000000008010ea0                xTimerCreateTimerTask
 .text.xTimerCreate
                0x0000000008010ee0       0x40 Thirdparty\Middleware\FreeRTOS\Source\timers.o
                0x0000000008010ee0                xTimerCreate
 .text.xTimerGenericCommand
                0x0000000008010f20       0x54 Thirdparty\Middleware\FreeRTOS\Source\timers.o
                0x0000000008010f20                xTimerGenericCommand
 .text.prvSwitchTimerLists
                0x0000000008010f74       0x74 Thirdparty\Middleware\FreeRTOS\Source\timers.o
 .text.prvTimerTask
                0x0000000008010fe8      0x1a8 Thirdparty\Middleware\FreeRTOS\Source\timers.o
 .text.pvTimerGetTimerID
                0x0000000008011190       0x18 Thirdparty\Middleware\FreeRTOS\Source\timers.o
                0x0000000008011190                pvTimerGetTimerID
 .text.HAL_InitTick
                0x00000000080111a8       0x24 Thirdparty\STM32F0xx_HAL_Driver\Src\stm32f0xx_hal.o
                0x00000000080111a8                HAL_InitTick
 .text.HAL_Init
                0x00000000080111cc       0x20 Thirdparty\STM32F0xx_HAL_Driver\Src\stm32f0xx_hal.o
                0x00000000080111cc                HAL_Init
 .text.HAL_IncTick
                0x00000000080111ec       0x10 Thirdparty\STM32F0xx_HAL_Driver\Src\stm32f0xx_hal.o
                0x00000000080111ec                HAL_IncTick
 .text.HAL_GetTick
                0x00000000080111fc        0xc Thirdparty\STM32F0xx_HAL_Driver\Src\stm32f0xx_hal.o
                0x00000000080111fc                HAL_GetTick
 .text.HAL_Delay
                0x0000000008011208       0x1c Thirdparty\STM32F0xx_HAL_Driver\Src\stm32f0xx_hal.o
                0x0000000008011208                HAL_Delay
 .text.HAL_GetREVID
                0x0000000008011224        0xc Thirdparty\STM32F0xx_HAL_Driver\Src\stm32f0xx_hal.o
                0x0000000008011224                HAL_GetREVID
 .text.HAL_GetDEVID
                0x0000000008011230       0x10 Thirdparty\STM32F0xx_HAL_Driver\Src\stm32f0xx_hal.o
                0x0000000008011230                HAL_GetDEVID
 .text.ADC_Disable
                0x0000000008011240       0x7c Thirdparty\STM32F0xx_HAL_Driver\Src\stm32f0xx_hal_adc.o
 .text.ADC_Enable
                0x00000000080112bc       0xa8 Thirdparty\STM32F0xx_HAL_Driver\Src\stm32f0xx_hal_adc.o
 .text.ADC_ConversionStop
                0x0000000008011364       0x58 Thirdparty\STM32F0xx_HAL_Driver\Src\stm32f0xx_hal_adc.o
 .text.HAL_ADC_MspInit
                0x00000000080113bc        0x4 Thirdparty\STM32F0xx_HAL_Driver\Src\stm32f0xx_hal_adc.o
                0x00000000080113bc                HAL_ADC_MspInit
 .text.HAL_ADC_Init
                0x00000000080113c0      0x144 Thirdparty\STM32F0xx_HAL_Driver\Src\stm32f0xx_hal_adc.o
                0x00000000080113c0                HAL_ADC_Init
 .text.HAL_ADC_Start
                0x0000000008011504       0x58 Thirdparty\STM32F0xx_HAL_Driver\Src\stm32f0xx_hal_adc.o
                0x0000000008011504                HAL_ADC_Start
 .text.HAL_ADC_Stop
                0x000000000801155c       0x40 Thirdparty\STM32F0xx_HAL_Driver\Src\stm32f0xx_hal_adc.o
                0x000000000801155c                HAL_ADC_Stop
 .text.HAL_ADC_PollForConversion
                0x000000000801159c       0xc8 Thirdparty\STM32F0xx_HAL_Driver\Src\stm32f0xx_hal_adc.o
                0x000000000801159c                HAL_ADC_PollForConversion
 .text.HAL_ADC_GetValue
                0x0000000008011664        0xc Thirdparty\STM32F0xx_HAL_Driver\Src\stm32f0xx_hal_adc.o
                0x0000000008011664                HAL_ADC_GetValue
 .text.HAL_ADC_ConfigChannel
                0x0000000008011670      0x120 Thirdparty\STM32F0xx_HAL_Driver\Src\stm32f0xx_hal_adc.o
                0x0000000008011670                HAL_ADC_ConfigChannel
 .text.HAL_ADCEx_Calibration_Start
                0x0000000008011790       0x9c Thirdparty\STM32F0xx_HAL_Driver\Src\stm32f0xx_hal_adc_ex.o
                0x0000000008011790                HAL_ADCEx_Calibration_Start
 .text.HAL_NVIC_SetPriority
                0x000000000801182c       0x58 Thirdparty\STM32F0xx_HAL_Driver\Src\stm32f0xx_hal_cortex.o
                0x000000000801182c                HAL_NVIC_SetPriority
 .text.HAL_NVIC_EnableIRQ
                0x0000000008011884       0x14 Thirdparty\STM32F0xx_HAL_Driver\Src\stm32f0xx_hal_cortex.o
                0x0000000008011884                HAL_NVIC_EnableIRQ
 .text.HAL_NVIC_DisableIRQ
                0x0000000008011898       0x14 Thirdparty\STM32F0xx_HAL_Driver\Src\stm32f0xx_hal_cortex.o
                0x0000000008011898                HAL_NVIC_DisableIRQ
 .text.HAL_SYSTICK_Config
                0x00000000080118ac       0x38 Thirdparty\STM32F0xx_HAL_Driver\Src\stm32f0xx_hal_cortex.o
                0x00000000080118ac                HAL_SYSTICK_Config
 .text.HAL_SYSTICK_CLKSourceConfig
                0x00000000080118e4       0x1c Thirdparty\STM32F0xx_HAL_Driver\Src\stm32f0xx_hal_cortex.o
                0x00000000080118e4                HAL_SYSTICK_CLKSourceConfig
 .text.CRC_Handle_8
                0x0000000008011900       0x6c Thirdparty\STM32F0xx_HAL_Driver\Src\stm32f0xx_hal_crc.o
 .text.CRC_Handle_16
                0x000000000801196c       0x2c Thirdparty\STM32F0xx_HAL_Driver\Src\stm32f0xx_hal_crc.o
 .text.HAL_CRC_Init
                0x0000000008011998       0x68 Thirdparty\STM32F0xx_HAL_Driver\Src\stm32f0xx_hal_crc.o
                0x0000000008011998                HAL_CRC_Init
 .text.HAL_CRC_Accumulate
                0x0000000008011a00       0x54 Thirdparty\STM32F0xx_HAL_Driver\Src\stm32f0xx_hal_crc.o
                0x0000000008011a00                HAL_CRC_Accumulate
 .text.HAL_CRC_Calculate
                0x0000000008011a54       0x5c Thirdparty\STM32F0xx_HAL_Driver\Src\stm32f0xx_hal_crc.o
                0x0000000008011a54                HAL_CRC_Calculate
 .text.HAL_CRCEx_Polynomial_Set
                0x0000000008011ab0       0x5c Thirdparty\STM32F0xx_HAL_Driver\Src\stm32f0xx_hal_crc_ex.o
                0x0000000008011ab0                HAL_CRCEx_Polynomial_Set
 .text.HAL_CRCEx_Init
                0x0000000008011b0c       0x30 Thirdparty\STM32F0xx_HAL_Driver\Src\stm32f0xx_hal_crc_ex.o
                0x0000000008011b0c                HAL_CRCEx_Init
 .text.HAL_DMA_Init
                0x0000000008011b3c       0x58 Thirdparty\STM32F0xx_HAL_Driver\Src\stm32f0xx_hal_dma.o
                0x0000000008011b3c                HAL_DMA_Init
 .text.HAL_DMA_Start_IT
                0x0000000008011b94       0x58 Thirdparty\STM32F0xx_HAL_Driver\Src\stm32f0xx_hal_dma.o
                0x0000000008011b94                HAL_DMA_Start_IT
 .text.HAL_DMA_Abort
                0x0000000008011bec       0x50 Thirdparty\STM32F0xx_HAL_Driver\Src\stm32f0xx_hal_dma.o
                0x0000000008011bec                HAL_DMA_Abort
 .text.HAL_DMA_IRQHandler
                0x0000000008011c3c      0x940 Thirdparty\STM32F0xx_HAL_Driver\Src\stm32f0xx_hal_dma.o
                0x0000000008011c3c                HAL_DMA_IRQHandler
 .text.HAL_FLASH_Unlock
                0x000000000801257c       0x24 Thirdparty\STM32F0xx_HAL_Driver\Src\stm32f0xx_hal_flash.o
                0x000000000801257c                HAL_FLASH_Unlock
 .text.HAL_FLASH_Lock
                0x00000000080125a0       0x14 Thirdparty\STM32F0xx_HAL_Driver\Src\stm32f0xx_hal_flash.o
                0x00000000080125a0                HAL_FLASH_Lock
 .text.FLASH_WaitForLastOperation
                0x00000000080125b4       0x88 Thirdparty\STM32F0xx_HAL_Driver\Src\stm32f0xx_hal_flash.o
                0x00000000080125b4                FLASH_WaitForLastOperation
 .text.HAL_FLASH_Program
                0x000000000801263c       0xc8 Thirdparty\STM32F0xx_HAL_Driver\Src\stm32f0xx_hal_flash.o
                0x000000000801263c                HAL_FLASH_Program
 .text.HAL_FLASHEx_Erase
                0x0000000008012704       0xd8 Thirdparty\STM32F0xx_HAL_Driver\Src\stm32f0xx_hal_flash_ex.o
                0x0000000008012704                HAL_FLASHEx_Erase
 .text.FLASH_PageErase
                0x00000000080127dc       0x24 Thirdparty\STM32F0xx_HAL_Driver\Src\stm32f0xx_hal_flash_ex.o
                0x00000000080127dc                FLASH_PageErase
 .text.HAL_GPIO_Init
                0x0000000008012800      0x1f8 Thirdparty\STM32F0xx_HAL_Driver\Src\stm32f0xx_hal_gpio.o
                0x0000000008012800                HAL_GPIO_Init
 .text.HAL_GPIO_DeInit
                0x00000000080129f8      0x13c Thirdparty\STM32F0xx_HAL_Driver\Src\stm32f0xx_hal_gpio.o
                0x00000000080129f8                HAL_GPIO_DeInit
 .text.HAL_GPIO_ReadPin
                0x0000000008012b34        0xc Thirdparty\STM32F0xx_HAL_Driver\Src\stm32f0xx_hal_gpio.o
                0x0000000008012b34                HAL_GPIO_ReadPin
 .text.HAL_GPIO_WritePin
                0x0000000008012b40        0xc Thirdparty\STM32F0xx_HAL_Driver\Src\stm32f0xx_hal_gpio.o
                0x0000000008012b40                HAL_GPIO_WritePin
 .text.HAL_GPIO_TogglePin
                0x0000000008012b4c        0x8 Thirdparty\STM32F0xx_HAL_Driver\Src\stm32f0xx_hal_gpio.o
                0x0000000008012b4c                HAL_GPIO_TogglePin
 .text.HAL_MspInit
                0x0000000008012b54        0x4 Thirdparty\STM32F0xx_HAL_Driver\Src\stm32f0xx_hal_msp_template.o
                0x0000000008012b54                HAL_MspInit
 .text.HAL_PWR_EnableBkUpAccess
                0x0000000008012b58       0x14 Thirdparty\STM32F0xx_HAL_Driver\Src\stm32f0xx_hal_pwr.o
                0x0000000008012b58                HAL_PWR_EnableBkUpAccess
 .text.HAL_RCC_OscConfig
                0x0000000008012b6c      0x544 Thirdparty\STM32F0xx_HAL_Driver\Src\stm32f0xx_hal_rcc.o
                0x0000000008012b6c                HAL_RCC_OscConfig
 .text.HAL_RCC_ClockConfig
                0x00000000080130b0      0x230 Thirdparty\STM32F0xx_HAL_Driver\Src\stm32f0xx_hal_rcc.o
                0x00000000080130b0                HAL_RCC_ClockConfig
 .text.HAL_RCC_GetSysClockFreq
                0x00000000080132e0       0x8c Thirdparty\STM32F0xx_HAL_Driver\Src\stm32f0xx_hal_rcc.o
                0x00000000080132e0                HAL_RCC_GetSysClockFreq
 .text.HAL_RCC_GetHCLKFreq
                0x000000000801336c       0x28 Thirdparty\STM32F0xx_HAL_Driver\Src\stm32f0xx_hal_rcc.o
                0x000000000801336c                HAL_RCC_GetHCLKFreq
 .text.HAL_RCC_GetPCLK1Freq
                0x0000000008013394       0x34 Thirdparty\STM32F0xx_HAL_Driver\Src\stm32f0xx_hal_rcc.o
                0x0000000008013394                HAL_RCC_GetPCLK1Freq
 .text.HAL_RCCEx_PeriphCLKConfig
                0x00000000080133c8      0x128 Thirdparty\STM32F0xx_HAL_Driver\Src\stm32f0xx_hal_rcc_ex.o
                0x00000000080133c8                HAL_RCCEx_PeriphCLKConfig
 .text.HAL_RTC_MspInit
                0x00000000080134f0        0x4 Thirdparty\STM32F0xx_HAL_Driver\Src\stm32f0xx_hal_rtc.o
                0x00000000080134f0                HAL_RTC_MspInit
 .text.HAL_RTC_GetTime
                0x00000000080134f4       0x60 Thirdparty\STM32F0xx_HAL_Driver\Src\stm32f0xx_hal_rtc.o
                0x00000000080134f4                HAL_RTC_GetTime
 .text.HAL_RTC_GetDate
                0x0000000008013554       0x5c Thirdparty\STM32F0xx_HAL_Driver\Src\stm32f0xx_hal_rtc.o
                0x0000000008013554                HAL_RTC_GetDate
 .text.HAL_RTC_WaitForSynchro
                0x00000000080135b0       0x38 Thirdparty\STM32F0xx_HAL_Driver\Src\stm32f0xx_hal_rtc.o
                0x00000000080135b0                HAL_RTC_WaitForSynchro
 .text.RTC_EnterInitMode
                0x00000000080135e8       0x3c Thirdparty\STM32F0xx_HAL_Driver\Src\stm32f0xx_hal_rtc.o
                0x00000000080135e8                RTC_EnterInitMode
 .text.HAL_RTC_Init
                0x0000000008013624       0x90 Thirdparty\STM32F0xx_HAL_Driver\Src\stm32f0xx_hal_rtc.o
                0x0000000008013624                HAL_RTC_Init
 .text.HAL_RTC_SetTime
                0x00000000080136b4      0x128 Thirdparty\STM32F0xx_HAL_Driver\Src\stm32f0xx_hal_rtc.o
                0x00000000080136b4                HAL_RTC_SetTime
 .text.HAL_RTC_SetDate
                0x00000000080137dc       0xf8 Thirdparty\STM32F0xx_HAL_Driver\Src\stm32f0xx_hal_rtc.o
                0x00000000080137dc                HAL_RTC_SetDate
 .text.HAL_RTCEx_BKUPWrite
                0x00000000080138d4        0xc Thirdparty\STM32F0xx_HAL_Driver\Src\stm32f0xx_hal_rtc_ex.o
                0x00000000080138d4                HAL_RTCEx_BKUPWrite
 .text.HAL_RTCEx_BKUPRead
                0x00000000080138e0        0xc Thirdparty\STM32F0xx_HAL_Driver\Src\stm32f0xx_hal_rtc_ex.o
                0x00000000080138e0                HAL_RTCEx_BKUPRead
 .text.HAL_TIM_Base_MspInit
                0x00000000080138ec        0x4 Thirdparty\STM32F0xx_HAL_Driver\Src\stm32f0xx_hal_tim.o
                0x00000000080138ec                HAL_TIM_Base_MspInit
 .text.HAL_TIM_Base_Start
                0x00000000080138f0       0x18 Thirdparty\STM32F0xx_HAL_Driver\Src\stm32f0xx_hal_tim.o
                0x00000000080138f0                HAL_TIM_Base_Start
 .text.TIM_Base_SetConfig
                0x0000000008013908       0xa8 Thirdparty\STM32F0xx_HAL_Driver\Src\stm32f0xx_hal_tim.o
                0x0000000008013908                TIM_Base_SetConfig
 .text.HAL_TIM_Base_Init
                0x00000000080139b0       0x34 Thirdparty\STM32F0xx_HAL_Driver\Src\stm32f0xx_hal_tim.o
                0x00000000080139b0                HAL_TIM_Base_Init
 .text.HAL_TIMEx_MasterConfigSynchronization
                0x00000000080139e4       0x44 Thirdparty\STM32F0xx_HAL_Driver\Src\stm32f0xx_hal_tim_ex.o
                0x00000000080139e4                HAL_TIMEx_MasterConfigSynchronization
 .text.HAL_UART_MspDeInit
                0x0000000008013a28        0x4 Thirdparty\STM32F0xx_HAL_Driver\Src\stm32f0xx_hal_uart.o
                0x0000000008013a28                HAL_UART_MspDeInit
 .text.HAL_UART_DeInit
                0x0000000008013a2c       0x34 Thirdparty\STM32F0xx_HAL_Driver\Src\stm32f0xx_hal_uart.o
                0x0000000008013a2c                HAL_UART_DeInit
 .text.HAL_UART_Transmit_IT
                0x0000000008013a60       0x68 Thirdparty\STM32F0xx_HAL_Driver\Src\stm32f0xx_hal_uart.o
                0x0000000008013a60                HAL_UART_Transmit_IT
 .text.HAL_UART_Receive_IT
                0x0000000008013ac8       0xbc Thirdparty\STM32F0xx_HAL_Driver\Src\stm32f0xx_hal_uart.o
                0x0000000008013ac8                HAL_UART_Receive_IT
 .text.HAL_UART_Transmit_DMA
                0x0000000008013b84       0x8c Thirdparty\STM32F0xx_HAL_Driver\Src\stm32f0xx_hal_uart.o
                0x0000000008013b84                HAL_UART_Transmit_DMA
 .text.HAL_UART_Receive_DMA
                0x0000000008013c10       0x84 Thirdparty\STM32F0xx_HAL_Driver\Src\stm32f0xx_hal_uart.o
                0x0000000008013c10                HAL_UART_Receive_DMA
 .text.UART_DMATransmitCplt
                0x0000000008013c94       0x30 Thirdparty\STM32F0xx_HAL_Driver\Src\stm32f0xx_hal_uart.o
 .text.HAL_UART_TxHalfCpltCallback
                0x0000000008013cc4        0x4 Thirdparty\STM32F0xx_HAL_Driver\Src\stm32f0xx_hal_uart.o
                0x0000000008013cc4                HAL_UART_TxHalfCpltCallback
 .text.UART_DMATxHalfCplt
                0x0000000008013cc8        0xc Thirdparty\STM32F0xx_HAL_Driver\Src\stm32f0xx_hal_uart.o
 .text.UART_DMAReceiveCplt
                0x0000000008013cd4       0x38 Thirdparty\STM32F0xx_HAL_Driver\Src\stm32f0xx_hal_uart.o
 .text.HAL_UART_RxHalfCpltCallback
                0x0000000008013d0c        0x4 Thirdparty\STM32F0xx_HAL_Driver\Src\stm32f0xx_hal_uart.o
                0x0000000008013d0c                HAL_UART_RxHalfCpltCallback
 .text.UART_DMARxHalfCplt
                0x0000000008013d10        0xc Thirdparty\STM32F0xx_HAL_Driver\Src\stm32f0xx_hal_uart.o
 .text.UART_DMAError
                0x0000000008013d1c       0x24 Thirdparty\STM32F0xx_HAL_Driver\Src\stm32f0xx_hal_uart.o
 .text.UART_SetConfig
                0x0000000008013d40      0x1d8 Thirdparty\STM32F0xx_HAL_Driver\Src\stm32f0xx_hal_uart.o
                0x0000000008013d40                UART_SetConfig
 .text.UART_AdvFeatureConfig
                0x0000000008013f18       0xd0 Thirdparty\STM32F0xx_HAL_Driver\Src\stm32f0xx_hal_uart.o
                0x0000000008013f18                UART_AdvFeatureConfig
 .text.UART_WaitOnFlagUntilTimeout
                0x0000000008013fe8       0x98 Thirdparty\STM32F0xx_HAL_Driver\Src\stm32f0xx_hal_uart.o
                0x0000000008013fe8                UART_WaitOnFlagUntilTimeout
 .text.HAL_UART_Transmit
                0x0000000008014080       0xc8 Thirdparty\STM32F0xx_HAL_Driver\Src\stm32f0xx_hal_uart.o
                0x0000000008014080                HAL_UART_Transmit
 .text.UART_CheckIdleState
                0x0000000008014148       0x7c Thirdparty\STM32F0xx_HAL_Driver\Src\stm32f0xx_hal_uart.o
                0x0000000008014148                UART_CheckIdleState
 .text.HAL_UART_Init
                0x00000000080141c4       0x6c Thirdparty\STM32F0xx_HAL_Driver\Src\stm32f0xx_hal_uart.o
                0x00000000080141c4                HAL_UART_Init
 .text.UART_Transmit_IT
                0x0000000008014230       0x64 Thirdparty\STM32F0xx_HAL_Driver\Src\stm32f0xx_hal_uart.o
                0x0000000008014230                UART_Transmit_IT
 .text.UART_EndTransmit_IT
                0x0000000008014294       0x2c Thirdparty\STM32F0xx_HAL_Driver\Src\stm32f0xx_hal_uart.o
                0x0000000008014294                UART_EndTransmit_IT
 .text.UART_Receive_IT
                0x00000000080142c0       0x8c Thirdparty\STM32F0xx_HAL_Driver\Src\stm32f0xx_hal_uart.o
                0x00000000080142c0                UART_Receive_IT
 .text.HAL_UARTEx_WakeupCallback
                0x000000000801434c        0x4 Thirdparty\STM32F0xx_HAL_Driver\Src\stm32f0xx_hal_uart_ex.o
                0x000000000801434c                HAL_UARTEx_WakeupCallback
 .text.HAL_UART_IRQHandler
                0x0000000008014350      0x108 Thirdparty\STM32F0xx_HAL_Driver\Src\stm32f0xx_hal_uart_ex.o
                0x0000000008014350                HAL_UART_IRQHandler
 .text.startup.main
                0x0000000008014458        0x8 User\main.o
                0x0000000008014458                main
 .text.UserTask
                0x0000000008014460        0x4 User\main.o
                0x0000000008014460                UserTask
 .text.atof     0x0000000008014464        0xa c:/st/stm32cubeide_1.5.1/stm32cubeide/plugins/com.st.stm32cube.ide.mcu.externaltools.gnu-tools-for-stm32.7-2018-q2-update.win32_1.5.0.202011040924/tools/bin/../lib/gcc/arm-none-eabi/7.3.1/../../../../arm-none-eabi/lib/thumb/v6-m\libc.a(lib_a-atof.o)
                0x0000000008014464                atof
 .text.atoi     0x000000000801446e        0xc c:/st/stm32cubeide_1.5.1/stm32cubeide/plugins/com.st.stm32cube.ide.mcu.externaltools.gnu-tools-for-stm32.7-2018-q2-update.win32_1.5.0.202011040924/tools/bin/../lib/gcc/arm-none-eabi/7.3.1/../../../../arm-none-eabi/lib/thumb/v6-m\libc.a(lib_a-atoi.o)
                0x000000000801446e                atoi
 .text.atol     0x000000000801447a        0xc c:/st/stm32cubeide_1.5.1/stm32cubeide/plugins/com.st.stm32cube.ide.mcu.externaltools.gnu-tools-for-stm32.7-2018-q2-update.win32_1.5.0.202011040924/tools/bin/../lib/gcc/arm-none-eabi/7.3.1/../../../../arm-none-eabi/lib/thumb/v6-m\libc.a(lib_a-atol.o)
                0x000000000801447a                atol
 *fill*         0x0000000008014486        0x2 
 .text.calloc   0x0000000008014488       0x14 c:/st/stm32cubeide_1.5.1/stm32cubeide/plugins/com.st.stm32cube.ide.mcu.externaltools.gnu-tools-for-stm32.7-2018-q2-update.win32_1.5.0.202011040924/tools/bin/../lib/gcc/arm-none-eabi/7.3.1/../../../../arm-none-eabi/lib/thumb/v6-m\libc.a(lib_a-calloc.o)
                0x0000000008014488                calloc
 .text._calloc_r
                0x000000000801449c       0x58 c:/st/stm32cubeide_1.5.1/stm32cubeide/plugins/com.st.stm32cube.ide.mcu.externaltools.gnu-tools-for-stm32.7-2018-q2-update.win32_1.5.0.202011040924/tools/bin/../lib/gcc/arm-none-eabi/7.3.1/../../../../arm-none-eabi/lib/thumb/v6-m\libc.a(lib_a-callocr.o)
                0x000000000801449c                _calloc_r
 .text.__libc_init_array
                0x00000000080144f4       0x48 c:/st/stm32cubeide_1.5.1/stm32cubeide/plugins/com.st.stm32cube.ide.mcu.externaltools.gnu-tools-for-stm32.7-2018-q2-update.win32_1.5.0.202011040924/tools/bin/../lib/gcc/arm-none-eabi/7.3.1/../../../../arm-none-eabi/lib/thumb/v6-m\libc.a(lib_a-init.o)
                0x00000000080144f4                __libc_init_array
 .text.__locale_ctype_ptr_l
                0x000000000801453c        0x6 c:/st/stm32cubeide_1.5.1/stm32cubeide/plugins/com.st.stm32cube.ide.mcu.externaltools.gnu-tools-for-stm32.7-2018-q2-update.win32_1.5.0.202011040924/tools/bin/../lib/gcc/arm-none-eabi/7.3.1/../../../../arm-none-eabi/lib/thumb/v6-m\libc.a(lib_a-locale.o)
                0x000000000801453c                __locale_ctype_ptr_l
 *fill*         0x0000000008014542        0x2 
 .text.__locale_ctype_ptr
                0x0000000008014544       0x1c c:/st/stm32cubeide_1.5.1/stm32cubeide/plugins/com.st.stm32cube.ide.mcu.externaltools.gnu-tools-for-stm32.7-2018-q2-update.win32_1.5.0.202011040924/tools/bin/../lib/gcc/arm-none-eabi/7.3.1/../../../../arm-none-eabi/lib/thumb/v6-m\libc.a(lib_a-locale.o)
                0x0000000008014544                __locale_ctype_ptr
 .text.malloc   0x0000000008014560       0x14 c:/st/stm32cubeide_1.5.1/stm32cubeide/plugins/com.st.stm32cube.ide.mcu.externaltools.gnu-tools-for-stm32.7-2018-q2-update.win32_1.5.0.202011040924/tools/bin/../lib/gcc/arm-none-eabi/7.3.1/../../../../arm-none-eabi/lib/thumb/v6-m\libc.a(lib_a-malloc.o)
                0x0000000008014560                malloc
 .text.free     0x0000000008014574       0x14 c:/st/stm32cubeide_1.5.1/stm32cubeide/plugins/com.st.stm32cube.ide.mcu.externaltools.gnu-tools-for-stm32.7-2018-q2-update.win32_1.5.0.202011040924/tools/bin/../lib/gcc/arm-none-eabi/7.3.1/../../../../arm-none-eabi/lib/thumb/v6-m\libc.a(lib_a-malloc.o)
                0x0000000008014574                free
 .text._malloc_r
                0x0000000008014588      0x430 c:/st/stm32cubeide_1.5.1/stm32cubeide/plugins/com.st.stm32cube.ide.mcu.externaltools.gnu-tools-for-stm32.7-2018-q2-update.win32_1.5.0.202011040924/tools/bin/../lib/gcc/arm-none-eabi/7.3.1/../../../../arm-none-eabi/lib/thumb/v6-m\libc.a(lib_a-mallocr.o)
                0x0000000008014588                _malloc_r
 .text.__ascii_mbtowc
                0x00000000080149b8       0x24 c:/st/stm32cubeide_1.5.1/stm32cubeide/plugins/com.st.stm32cube.ide.mcu.externaltools.gnu-tools-for-stm32.7-2018-q2-update.win32_1.5.0.202011040924/tools/bin/../lib/gcc/arm-none-eabi/7.3.1/../../../../arm-none-eabi/lib/thumb/v6-m\libc.a(lib_a-mbtowc_r.o)
                0x00000000080149b8                __ascii_mbtowc
 .text.memcmp   0x00000000080149dc       0x1e c:/st/stm32cubeide_1.5.1/stm32cubeide/plugins/com.st.stm32cube.ide.mcu.externaltools.gnu-tools-for-stm32.7-2018-q2-update.win32_1.5.0.202011040924/tools/bin/../lib/gcc/arm-none-eabi/7.3.1/../../../../arm-none-eabi/lib/thumb/v6-m\libc.a(lib_a-memcmp.o)
                0x00000000080149dc                memcmp
 .text.memcpy   0x00000000080149fa       0x12 c:/st/stm32cubeide_1.5.1/stm32cubeide/plugins/com.st.stm32cube.ide.mcu.externaltools.gnu-tools-for-stm32.7-2018-q2-update.win32_1.5.0.202011040924/tools/bin/../lib/gcc/arm-none-eabi/7.3.1/../../../../arm-none-eabi/lib/thumb/v6-m\libc.a(lib_a-memcpy-stub.o)
                0x00000000080149fa                memcpy
 .text.memset   0x0000000008014a0c       0x10 c:/st/stm32cubeide_1.5.1/stm32cubeide/plugins/com.st.stm32cube.ide.mcu.externaltools.gnu-tools-for-stm32.7-2018-q2-update.win32_1.5.0.202011040924/tools/bin/../lib/gcc/arm-none-eabi/7.3.1/../../../../arm-none-eabi/lib/thumb/v6-m\libc.a(lib_a-memset.o)
                0x0000000008014a0c                memset
 .text.__malloc_lock
                0x0000000008014a1c       0x10 c:/st/stm32cubeide_1.5.1/stm32cubeide/plugins/com.st.stm32cube.ide.mcu.externaltools.gnu-tools-for-stm32.7-2018-q2-update.win32_1.5.0.202011040924/tools/bin/../lib/gcc/arm-none-eabi/7.3.1/../../../../arm-none-eabi/lib/thumb/v6-m\libc.a(lib_a-mlock.o)
                0x0000000008014a1c                __malloc_lock
 .text.__malloc_unlock
                0x0000000008014a2c       0x10 c:/st/stm32cubeide_1.5.1/stm32cubeide/plugins/com.st.stm32cube.ide.mcu.externaltools.gnu-tools-for-stm32.7-2018-q2-update.win32_1.5.0.202011040924/tools/bin/../lib/gcc/arm-none-eabi/7.3.1/../../../../arm-none-eabi/lib/thumb/v6-m\libc.a(lib_a-mlock.o)
                0x0000000008014a2c                __malloc_unlock
 .text.rand     0x0000000008014a3c       0x34 c:/st/stm32cubeide_1.5.1/stm32cubeide/plugins/com.st.stm32cube.ide.mcu.externaltools.gnu-tools-for-stm32.7-2018-q2-update.win32_1.5.0.202011040924/tools/bin/../lib/gcc/arm-none-eabi/7.3.1/../../../../arm-none-eabi/lib/thumb/v6-m\libc.a(lib_a-rand.o)
                0x0000000008014a3c                rand
 .text.realloc  0x0000000008014a70       0x14 c:/st/stm32cubeide_1.5.1/stm32cubeide/plugins/com.st.stm32cube.ide.mcu.externaltools.gnu-tools-for-stm32.7-2018-q2-update.win32_1.5.0.202011040924/tools/bin/../lib/gcc/arm-none-eabi/7.3.1/../../../../arm-none-eabi/lib/thumb/v6-m\libc.a(lib_a-realloc.o)
                0x0000000008014a70                realloc
 .text._realloc_r
                0x0000000008014a84      0x358 c:/st/stm32cubeide_1.5.1/stm32cubeide/plugins/com.st.stm32cube.ide.mcu.externaltools.gnu-tools-for-stm32.7-2018-q2-update.win32_1.5.0.202011040924/tools/bin/../lib/gcc/arm-none-eabi/7.3.1/../../../../arm-none-eabi/lib/thumb/v6-m\libc.a(lib_a-reallocr.o)
                0x0000000008014a84                _realloc_r