Archive member included to satisfy reference by file (symbol)

c:/st/stm32cubeide_1.5.1/stm32cubeide/plugins/com.st.stm32cube.ide.mcu.externaltools.gnu-tools-for-stm32.7-2018-q2-update.win32_1.5.0.202011040924/tools/bin/../lib/gcc/arm-none-eabi/7.3.1/../../../../arm-none-eabi/lib/thumb/v6-m\libc.a(lib_a-atof.o)
                              BOS/BOS_CLI.o (atof)
c:/st/stm32cubeide_1.5.1/stm32cubeide/plugins/com.st.stm32cube.ide.mcu.externaltools.gnu-tools-for-stm32.7-2018-q2-update.win32_1.5.0.202011040924/tools/bin/../lib/gcc/arm-none-eabi/7.3.1/../../../../arm-none-eabi/lib/thumb/v6-m\libc.a(lib_a-atoi.o)
                              BOS/BOS_CLI.o (atoi)
c:/st/stm32cubeide_1.5.1/stm32cubeide/plugins/com.st.stm32cube.ide.mcu.externaltools.gnu-tools-for-stm32.7-2018-q2-update.win32_1.5.0.202011040924/tools/bin/../lib/gcc/arm-none-eabi/7.3.1/../../../../arm-none-eabi/lib/thumb/v6-m\libc.a(lib_a-atol.o)
                              BOS/BOS.o (atol)
c:/st/stm32cubeide_1.5.1/stm32cubeide/plugins/com.st.stm32cube.ide.mcu.externaltools.gnu-tools-for-stm32.7-2018-q2-update.win32_1.5.0.202011040924/tools/bin/../lib/gcc/arm-none-eabi/7.3.1/../../../../arm-none-eabi/lib/thumb/v6-m\libc.a(lib_a-exit.o)
                              c:/st/stm32cubeide_1.5.1/stm32cubeide/plugins/com.st.stm32cube.ide.mcu.externaltools.gnu-tools-for-stm32.7-2018-q2-update.win32_1.5.0.202011040924/tools/bin/../lib/gcc/arm-none-eabi/7.3.1/../../../../arm-none-eabi/lib/thumb/v6-m/crt0.o (exit)
c:/st/stm32cubeide_1.5.1/stm32cubeide/plugins/com.st.stm32cube.ide.mcu.externaltools.gnu-tools-for-stm32.7-2018-q2-update.win32_1.5.0.202011040924/tools/bin/../lib/gcc/arm-none-eabi/7.3.1/../../../../arm-none-eabi/lib/thumb/v6-m\libc.a(lib_a-impure.o)
                              c:/st/stm32cubeide_1.5.1/stm32cubeide/plugins/com.st.stm32cube.ide.mcu.externaltools.gnu-tools-for-stm32.7-2018-q2-update.win32_1.5.0.202011040924/tools/bin/../lib/gcc/arm-none-eabi/7.3.1/../../../../arm-none-eabi/lib/thumb/v6-m\libc.a(lib_a-exit.o) (_global_impure_ptr)
c:/st/stm32cubeide_1.5.1/stm32cubeide/plugins/com.st.stm32cube.ide.mcu.externaltools.gnu-tools-for-stm32.7-2018-q2-update.win32_1.5.0.202011040924/tools/bin/../lib/gcc/arm-none-eabi/7.3.1/../../../../arm-none-eabi/lib/thumb/v6-m\libc.a(lib_a-init.o)
                              c:/st/stm32cubeide_1.5.1/stm32cubeide/plugins/com.st.stm32cube.ide.mcu.externaltools.gnu-tools-for-stm32.7-2018-q2-update.win32_1.5.0.202011040924/tools/bin/../lib/gcc/arm-none-eabi/7.3.1/../../../../arm-none-eabi/lib/thumb/v6-m/crt0.o (__libc_init_array)
c:/st/stm32cubeide_1.5.1/stm32cubeide/plugins/com.st.stm32cube.ide.mcu.externaltools.gnu-tools-for-stm32.7-2018-q2-update.win32_1.5.0.202011040924/tools/bin/../lib/gcc/arm-none-eabi/7.3.1/../../../../arm-none-eabi/lib/thumb/v6-m\libc.a(lib_a-locale.o)
                              BOS/BOS_CLI.o (__locale_ctype_ptr)
c:/st/stm32cubeide_1.5.1/stm32cubeide/plugins/com.st.stm32cube.ide.mcu.externaltools.gnu-tools-for-stm32.7-2018-q2-update.win32_1.5.0.202011040924/tools/bin/../lib/gcc/arm-none-eabi/7.3.1/../../../../arm-none-eabi/lib/thumb/v6-m\libc.a(lib_a-malloc.o)
                              BOS/BOS.o (malloc)
c:/st/stm32cubeide_1.5.1/stm32cubeide/plugins/com.st.stm32cube.ide.mcu.externaltools.gnu-tools-for-stm32.7-2018-q2-update.win32_1.5.0.202011040924/tools/bin/../lib/gcc/arm-none-eabi/7.3.1/../../../../arm-none-eabi/lib/thumb/v6-m\libc.a(lib_a-mallocr.o)
                              c:/st/stm32cubeide_1.5.1/stm32cubeide/plugins/com.st.stm32cube.ide.mcu.externaltools.gnu-tools-for-stm32.7-2018-q2-update.win32_1.5.0.202011040924/tools/bin/../lib/gcc/arm-none-eabi/7.3.1/../../../../arm-none-eabi/lib/thumb/v6-m\libc.a(lib_a-malloc.o) (_malloc_r)
c:/st/stm32cubeide_1.5.1/stm32cubeide/plugins/com.st.stm32cube.ide.mcu.externaltools.gnu-tools-for-stm32.7-2018-q2-update.win32_1.5.0.202011040924/tools/bin/../lib/gcc/arm-none-eabi/7.3.1/../../../../arm-none-eabi/lib/thumb/v6-m\libc.a(lib_a-mbtowc_r.o)
                              c:/st/stm32cubeide_1.5.1/stm32cubeide/plugins/com.st.stm32cube.ide.mcu.externaltools.gnu-tools-for-stm32.7-2018-q2-update.win32_1.5.0.202011040924/tools/bin/../lib/gcc/arm-none-eabi/7.3.1/../../../../arm-none-eabi/lib/thumb/v6-m\libc.a(lib_a-locale.o) (__ascii_mbtowc)
c:/st/stm32cubeide_1.5.1/stm32cubeide/plugins/com.st.stm32cube.ide.mcu.externaltools.gnu-tools-for-stm32.7-2018-q2-update.win32_1.5.0.202011040924/tools/bin/../lib/gcc/arm-none-eabi/7.3.1/../../../../arm-none-eabi/lib/thumb/v6-m\libc.a(lib_a-memcmp.o)
                              Thirdparty/Middleware/FreeRTOS/Source/tasks.o (memcmp)
c:/st/stm32cubeide_1.5.1/stm32cubeide/plugins/com.st.stm32cube.ide.mcu.externaltools.gnu-tools-for-stm32.7-2018-q2-update.win32_1.5.0.202011040924/tools/bin/../lib/gcc/arm-none-eabi/7.3.1/../../../../arm-none-eabi/lib/thumb/v6-m\libc.a(lib_a-memcpy-stub.o)
                              BOS/BOS.o (memcpy)
[...]
Memory Configuration

Name             Origin             Length             Attributes
RAM              0x0000000020000000 0x0000000000008000 xrw
FLASH            0x0000000008000000 0x0000000000040000 xr
*default*        0x0000000000000000 0xffffffffffffffff

Linker script and memory map

LOAD c:/st/stm32cubeide_1.5.1/stm32cubeide/plugins/com.st.stm32cube.ide.mcu.externaltools.gnu-tools-for-stm32.7-2018-q2-update.win32_1.5.0.202011040924/tools/bin/../lib/gcc/arm-none-eabi/7.3.1/thumb/v6-m/crti.o
LOAD c:/st/stm32cubeide_1.5.1/stm32cubeide/plugins/com.st.stm32cube.ide.mcu.externaltools.gnu-tools-for-stm32.7-2018-q2-update.win32_1.5.0.202011040924/tools/bin/../lib/gcc/arm-none-eabi/7.3.1/thumb/v6-m/crtbegin.o
LOAD c:/st/stm32cubeide_1.5.1/stm32cubeide/plugins/com.st.stm32cube.ide.mcu.externaltools.gnu-tools-for-stm32.7-2018-q2-update.win32_1.5.0.202011040924/tools/bin/../lib/gcc/arm-none-eabi/7.3.1/../../../../arm-none-eabi/lib/thumb/v6-m/crt0.o
LOAD BOS/BOS.o
LOAD BOS/BOS_CLI.o
LOAD BOS/BOS_CLIcommands.o
LOAD BOS/BOS_dma.o
LOAD BOS/BOS_eeprom.o
LOAD BOS/BOS_freertos.o
LOAD BOS/BOS_inputs.o
LOAD BOS/BOS_messaging.o
LOAD BOS/BOS_msgparser.o
LOAD H26R0/H26R0.o
LOAD H26R0/H26R0_dma.o
LOAD H26R0/H26R0_gpio.o
LOAD H26R0/H26R0_it.o
LOAD H26R0/H26R0_rtc.o
LOAD H26R0/H26R0_timers.o
LOAD H26R0/H26R0_uart.o
LOAD H26R0/startup_stm32f091xc.o
LOAD Thirdparty/CMSIS/Device/ST/STM32F0xx/Source/Templates/system_stm32f0xx.o
LOAD Thirdparty/Middleware/FreeRTOS/Source/CMSIS_RTOS/cmsis_os.o
LOAD Thirdparty/Middleware/FreeRTOS/Source/FreeRTOS_CLI.o
LOAD Thirdparty/Middleware/FreeRTOS/Source/croutine.o
LOAD Thirdparty/Middleware/FreeRTOS/Source/event_groups.o
LOAD Thirdparty/Middleware/FreeRTOS/Source/list.o
LOAD Thirdparty/Middleware/FreeRTOS/Source/queue.o
LOAD Thirdparty/Middleware/FreeRTOS/Source/tasks.o
LOAD Thirdparty/Middleware/FreeRTOS/Source/timers.o
LOAD Thirdparty/Middleware/FreeRTOS/Source/portable/GCC/ARM_CM0/port.o
LOAD Thirdparty/Middleware/FreeRTOS/Source/portable/MemMang/heap_4.o
LOAD Thirdparty/STM32F0xx_HAL_Driver/Src/stm32f0xx_hal.o
LOAD Thirdparty/STM32F0xx_HAL_Driver/Src/stm32f0xx_hal_adc.o
LOAD Thirdparty/STM32F0xx_HAL_Driver/Src/stm32f0xx_hal_adc_ex.o
LOAD Thirdparty/STM32F0xx_HAL_Driver/Src/stm32f0xx_hal_can.o
LOAD Thirdparty/STM32F0xx_HAL_Driver/Src/stm32f0xx_hal_cec.o
LOAD Thirdparty/STM32F0xx_HAL_Driver/Src/stm32f0xx_hal_comp.o
LOAD Thirdparty/STM32F0xx_HAL_Driver/Src/stm32f0xx_hal_cortex.o
LOAD Thirdparty/STM32F0xx_HAL_Driver/Src/stm32f0xx_hal_crc.o
LOAD Thirdparty/STM32F0xx_HAL_Driver/Src/stm32f0xx_hal_crc_ex.o
LOAD Thirdparty/STM32F0xx_HAL_Driver/Src/stm32f0xx_hal_dac.o
LOAD Thirdparty/STM32F0xx_HAL_Driver/Src/stm32f0xx_hal_dac_ex.o
LOAD Thirdparty/STM32F0xx_HAL_Driver/Src/stm32f0xx_hal_dma.o
LOAD Thirdparty/STM32F0xx_HAL_Driver/Src/stm32f0xx_hal_flash.o
LOAD Thirdparty/STM32F0xx_HAL_Driver/Src/stm32f0xx_hal_flash_ex.o
LOAD Thirdparty/STM32F0xx_HAL_Driver/Src/stm32f0xx_hal_gpio.o
LOAD Thirdparty/STM32F0xx_HAL_Driver/Src/stm32f0xx_hal_i2c.o
LOAD Thirdparty/STM32F0xx_HAL_Driver/Src/stm32f0xx_hal_i2c_ex.o
LOAD Thirdparty/STM32F0xx_HAL_Driver/Src/stm32f0xx_hal_i2s.o
LOAD Thirdparty/STM32F0xx_HAL_Driver/Src/stm32f0xx_hal_irda.o
LOAD Thirdparty/STM32F0xx_HAL_Driver/Src/stm32f0xx_hal_iwdg.o
LOAD Thirdparty/STM32F0xx_HAL_Driver/Src/stm32f0xx_hal_msp_template.o
LOAD Thirdparty/STM32F0xx_HAL_Driver/Src/stm32f0xx_hal_pcd.o
LOAD Thirdparty/STM32F0xx_HAL_Driver/Src/stm32f0xx_hal_pcd_ex.o
LOAD Thirdparty/STM32F0xx_HAL_Driver/Src/stm32f0xx_hal_pwr.o
LOAD Thirdparty/STM32F0xx_HAL_Driver/Src/stm32f0xx_hal_pwr_ex.o
LOAD Thirdparty/STM32F0xx_HAL_Driver/Src/stm32f0xx_hal_rcc.o
LOAD Thirdparty/STM32F0xx_HAL_Driver/Src/stm32f0xx_hal_rcc_ex.o
LOAD Thirdparty/STM32F0xx_HAL_Driver/Src/stm32f0xx_hal_rtc.o
LOAD Thirdparty/STM32F0xx_HAL_Driver/Src/stm32f0xx_hal_rtc_ex.o
LOAD Thirdparty/STM32F0xx_HAL_Driver/Src/stm32f0xx_hal_smartcard.o
LOAD Thirdparty/STM32F0xx_HAL_Driver/Src/stm32f0xx_hal_smartcard_ex.o
LOAD Thirdparty/STM32F0xx_HAL_Driver/Src/stm32f0xx_hal_smbus.o
LOAD Thirdparty/STM32F0xx_HAL_Driver/Src/stm32f0xx_hal_spi.o
LOAD Thirdparty/STM32F0xx_HAL_Driver/Src/stm32f0xx_hal_spi_ex.o
LOAD Thirdparty/STM32F0xx_HAL_Driver/Src/stm32f0xx_hal_tim.o
LOAD Thirdparty/STM32F0xx_HAL_Driver/Src/stm32f0xx_hal_tim_ex.o
LOAD Thirdparty/STM32F0xx_HAL_Driver/Src/stm32f0xx_hal_tsc.o
LOAD Thirdparty/STM32F0xx_HAL_Driver/Src/stm32f0xx_hal_uart.o
LOAD Thirdparty/STM32F0xx_HAL_Driver/Src/stm32f0xx_hal_uart_ex.o
LOAD Thirdparty/STM32F0xx_HAL_Driver/Src/stm32f0xx_hal_usart.o
LOAD Thirdparty/STM32F0xx_HAL_Driver/Src/stm32f0xx_hal_wwdg.o
LOAD User/main.o
START GROUP
LOAD c:/st/stm32cubeide_1.5.1/stm32cubeide/plugins/com.st.stm32cube.ide.mcu.externaltools.gnu-tools-for-stm32.7-2018-q2-update.win32_1.5.0.202011040924/tools/bin/../lib/gcc/arm-none-eabi/7.3.1/../../../../arm-none-eabi/lib/thumb/v6-m\libc.a
LOAD c:/st/stm32cubeide_1.5.1/stm32cubeide/plugins/com.st.stm32cube.ide.mcu.externaltools.gnu-tools-for-stm32.7-2018-q2-update.win32_1.5.0.202011040924/tools/bin/../lib/gcc/arm-none-eabi/7.3.1/../../../../arm-none-eabi/lib/thumb/v6-m\libm.a
END GROUP
START GROUP
LOAD c:/st/stm32cubeide_1.5.1/stm32cubeide/plugins/com.st.stm32cube.ide.mcu.externaltools.gnu-tools-for-stm32.7-2018-q2-update.win32_1.5.0.202011040924/tools/bin/../lib/gcc/arm-none-eabi/7.3.1/thumb/v6-m\libgcc.a
LOAD c:/st/stm32cubeide_1.5.1/stm32cubeide/plugins/com.st.stm32cube.ide.mcu.externaltools.gnu-tools-for-stm32.7-2018-q2-update.win32_1.5.0.202011040924/tools/bin/../lib/gcc/arm-none-eabi/7.3.1/../../../../arm-none-eabi/lib/thumb/v6-m\libc.a
END GROUP
START GROUP
LOAD c:/st/stm32cubeide_1.5.1/stm32cubeide/plugins/com.st.stm32cube.ide.mcu.externaltools.gnu-tools-for-stm32.7-2018-q2-update.win32_1.5.0.202011040924/tools/bin/../lib/gcc/arm-none-eabi/7.3.1/thumb/v6-m\libgcc.a
LOAD c:/st/stm32cubeide_1.5.1/stm32cubeide/plugins/com.st.stm32cube.ide.mcu.externaltools.gnu-tools-for-stm32.7-2018-q2-update.win32_1.5.0.202011040924/tools/bin/../lib/gcc/arm-none-eabi/7.3.1/../../../../arm-none-eabi/lib/thumb/v6-m\libc.a
LOAD c:/st/stm32cubeide_1.5.1/stm32cubeide/plugins/com.st.stm32cube.ide.mcu.externaltools.gnu-tools-for-stm32.7-2018-q2-update.win32_1.5.0.202011040924/tools/bin/../lib/gcc/arm-none-eabi/7.3.1/../../../../arm-none-eabi/lib/thumb/v6-m\libnosys.a
END GROUP
LOAD c:/st/stm32cubeide_1.5.1/stm32cubeide/plugins/com.st.stm32cube.ide.mcu.externaltools.gnu-tools-for-stm32.7-2018-q2-update.win32_1.5.0.202011040924/tools/bin/../lib/gcc/arm-none-eabi/7.3.1/thumb/v6-m/crtend.o
LOAD c:/st/stm32cubeide_1.5.1/stm32cubeide/plugins/com.st.stm32cube.ide.mcu.externaltools.gnu-tools-for-stm32.7-2018-q2-update.win32_1.5.0.202011040924/tools/bin/../lib/gcc/arm-none-eabi/7.3.1/thumb/v6-m/crtn.o
                0x0000000020008000                _estack = (ORIGIN (RAM) + LENGTH (RAM))
                0x0000000000000200                _Min_Heap_Size = 0x200
                0x0000000000000400                _Min_Stack_Size = 0x400

.isr_vector     0x0000000008000000       0xbc
                0x0000000008000000                . = ALIGN (0x4)
 *(.isr_vector)
 .isr_vector    0x0000000008000000       0xbc H26R0/startup_stm32f091xc.o
                0x0000000008000000                g_pfnVectors
                0x00000000080000bc                . = ALIGN (0x4)

.text           0x00000000080000bc    0x19ca0
                0x00000000080000bc                . = ALIGN (0x4)
 *(.text)
 .text          0x00000000080000bc       0x48 c:/st/stm32cubeide_1.5.1/stm32cubeide/plugins/com.st.stm32cube.ide.mcu.externaltools.gnu-tools-for-stm32.7-2018-q2-update.win32_1.5.0.202011040924/tools/bin/../lib/gcc/arm-none-eabi/7.3.1/thumb/v6-m/crtbegin.o
 .text          0x0000000008000104       0x14 c:/st/stm32cubeide_1.5.1/stm32cubeide/plugins/com.st.stm32cube.ide.mcu.externaltools.gnu-tools-for-stm32.7-2018-q2-update.win32_1.5.0.202011040924/tools/bin/../lib/gcc/arm-none-eabi/7.3.1/../../../../arm-none-eabi/lib/thumb/v6-m\libc.a(lib_a-strcmp.o)
                0x0000000008000104                strcmp
 .text          0x0000000008000118        0xe c:/st/stm32cubeide_1.5.1/stm32cubeide/plugins/com.st.stm32cube.ide.mcu.externaltools.gnu-tools-for-stm32.7-2018-q2-update.win32_1.5.0.202011040924/tools/bin/../lib/gcc/arm-none-eabi/7.3.1/../../../../arm-none-eabi/lib/thumb/v6-m\libc.a(lib_a-strlen.o)
                0x0000000008000118                strlen
 *fill*         0x0000000008000126        0x2 
 .text          0x0000000008000128       0x14 c:/st/stm32cubeide_1.5.1/stm32cubeide/plugins/com.st.stm32cube.ide.mcu.externaltools.gnu-tools-for-stm32.7-2018-q2-update.win32_1.5.0.202011040924/tools/bin/../lib/gcc/arm-none-eabi/7.3.1/thumb/v6-m\libgcc.a(_thumb1_case_uqi.o)
                0x0000000008000128                __gnu_thumb1_case_uqi
 .text          0x000000000800013c       0x14 c:/st/stm32cubeide_1.5.1/stm32cubeide/plugins/com.st.stm32cube.ide.mcu.externaltools.gnu-tools-for-stm32.7-2018-q2-update.win32_1.5.0.202011040924/tools/bin/../lib/gcc/arm-none-eabi/7.3.1/thumb/v6-m\libgcc.a(_thumb1_case_shi.o)
                0x000000000800013c                __gnu_thumb1_case_shi
 .text          0x0000000008000150      0x114 c:/st/stm32cubeide_1.5.1/stm32cubeide/plugins/com.st.stm32cube.ide.mcu.externaltools.gnu-tools-for-stm32.7-2018-q2-update.win32_1.5.0.202011040924/tools/bin/../lib/gcc/arm-none-eabi/7.3.1/thumb/v6-m\libgcc.a(_udivsi3.o)
                0x0000000008000150                __aeabi_uidiv
                0x0000000008000150                __udivsi3
                0x000000000800025c                __aeabi_uidivmod
 .text          0x0000000008000264      0x1d4 c:/st/stm32cubeide_1.5.1/stm32cubeide/plugins/com.st.stm32cube.ide.mcu.externaltools.gnu-tools-for-stm32.7-2018-q2-update.win32_1.5.0.202011040924/tools/bin/../lib/gcc/arm-none-eabi/7.3.1/thumb/v6-m\libgcc.a(_divsi3.o)
                0x0000000008000264                __divsi3
                0x0000000008000264                __aeabi_idiv
                0x0000000008000430                __aeabi_idivmod
 .text          0x0000000008000438        0x4 c:/st/stm32cubeide_1.5.1/stm32cubeide/plugins/com.st.stm32cube.ide.mcu.externaltools.gnu-tools-for-stm32.7-2018-q2-update.win32_1.5.0.202011040924/tools/bin/../lib/gcc/arm-none-eabi/7.3.1/thumb/v6-m\libgcc.a(_dvmd_tls.o)
                0x0000000008000438                __aeabi_idiv0
                0x0000000008000438                __aeabi_ldiv0
 .text          0x000000000800043c       0x7c c:/st/stm32cubeide_1.5.1/stm32cubeide/plugins/com.st.stm32cube.ide.mcu.externaltools.gnu-tools-for-stm32.7-2018-q2-update.win32_1.5.0.202011040924/tools/bin/../lib/gcc/arm-none-eabi/7.3.1/thumb/v6-m\libgcc.a(_arm_cmpdf2.o)
                0x000000000800043c                __aeabi_cdrcmple
                0x000000000800044c                __aeabi_cdcmple
                0x000000000800044c                __aeabi_cdcmpeq
                0x000000000800045c                __aeabi_dcmpeq
                0x0000000008000468                __aeabi_dcmplt
                0x000000000800047c                __aeabi_dcmple
                0x0000000008000490                __aeabi_dcmpgt
                0x00000000080004a4                __aeabi_dcmpge
 .text          0x00000000080004b8       0x74 c:/st/stm32cubeide_1.5.1/stm32cubeide/plugins/com.st.stm32cube.ide.mcu.externaltools.gnu-tools-for-stm32.7-2018-q2-update.win32_1.5.0.202011040924/tools/bin/../lib/gcc/arm-none-eabi/7.3.1/thumb/v6-m\libgcc.a(_arm_cmpsf2.o)
                0x00000000080004b8                __aeabi_cfrcmple
                0x00000000080004c0                __aeabi_cfcmpeq
                0x00000000080004c0                __aeabi_cfcmple
                0x00000000080004d0                __aeabi_fcmpeq
                0x00000000080004dc                __aeabi_fcmplt
                0x00000000080004f0                __aeabi_fcmple
                0x0000000008000504                __aeabi_fcmpgt
                0x0000000008000518                __aeabi_fcmpge
 .text          0x000000000800052c       0x14 c:/st/stm32cubeide_1.5.1/stm32cubeide/plugins/com.st.stm32cube.ide.mcu.externaltools.gnu-tools-for-stm32.7-2018-q2-update.win32_1.5.0.202011040924/tools/bin/../lib/gcc/arm-none-eabi/7.3.1/thumb/v6-m\libgcc.a(_aeabi_ulcmp.o)
                0x000000000800052c                __aeabi_ulcmp
 .text          0x0000000008000540       0x40 c:/st/stm32cubeide_1.5.1/stm32cubeide/plugins/com.st.stm32cube.ide.mcu.externaltools.gnu-tools-for-stm32.7-2018-q2-update.win32_1.5.0.202011040924/tools/bin/../lib/gcc/arm-none-eabi/7.3.1/thumb/v6-m\libgcc.a(_aeabi_uldivmod.o)
                0x0000000008000540                __aeabi_uldivmod
 .text          0x0000000008000580       0x54 c:/st/stm32cubeide_1.5.1/stm32cubeide/plugins/com.st.stm32cube.ide.mcu.externaltools.gnu-tools-for-stm32.7-2018-q2-update.win32_1.5.0.202011040924/tools/bin/../lib/gcc/arm-none-eabi/7.3.1/thumb/v6-m\libgcc.a(_muldi3.o)
                0x0000000008000580                __muldi3
                0x0000000008000580                __aeabi_lmul
 .text          0x00000000080005d4       0x30 c:/st/stm32cubeide_1.5.1/stm32cubeide/plugins/com.st.stm32cube.ide.mcu.externaltools.gnu-tools-for-stm32.7-2018-q2-update.win32_1.5.0.202011040924/tools/bin/../lib/gcc/arm-none-eabi/7.3.1/thumb/v6-m\libgcc.a(_fixunssfsi.o)
                0x00000000080005d4                __fixunssfsi
                0x00000000080005d4                __aeabi_f2uiz
 .text          0x0000000008000604       0x3c c:/st/stm32cubeide_1.5.1/stm32cubeide/plugins/com.st.stm32cube.ide.mcu.externaltools.gnu-tools-for-stm32.7-2018-q2-update.win32_1.5.0.202011040924/tools/bin/../lib/gcc/arm-none-eabi/7.3.1/thumb/v6-m\libgcc.a(_fixunsdfsi.o)
                0x0000000008000604                __aeabi_d2uiz
                0x0000000008000604                __fixunsdfsi
 .text          0x0000000008000640      0x184 c:/st/stm32cubeide_1.5.1/stm32cubeide/plugins/com.st.stm32cube.ide.mcu.externaltools.gnu-tools-for-stm32.7-2018-q2-update.win32_1.5.0.202011040924/tools/bin/../lib/gcc/arm-none-eabi/7.3.1/thumb/v6-m\libgcc.a(_udivmoddi4.o)
                0x0000000008000640                __udivmoddi4
 .text          0x00000000080007c4      0x334 c:/st/stm32cubeide_1.5.1/stm32cubeide/plugins/com.st.stm32cube.ide.mcu.externaltools.gnu-tools-for-stm32.7-2018-q2-update.win32_1.5.0.202011040924/tools/bin/../lib/gcc/arm-none-eabi/7.3.1/thumb/v6-m\libgcc.a(addsf3.o)
                0x00000000080007c4                __aeabi_fadd
 .text          0x0000000008000af8      0x224 c:/st/stm32cubeide_1.5.1/stm32cubeide/plugins/com.st.stm32cube.ide.mcu.externaltools.gnu-tools-for-stm32.7-2018-q2-update.win32_1.5.0.202011040924/tools/bin/../lib/gcc/arm-none-eabi/7.3.1/thumb/v6-m\libgcc.a(divsf3.o)
                0x0000000008000af8                __aeabi_fdiv
 .text          0x0000000008000d1c       0x50 c:/st/stm32cubeide_1.5.1/stm32cubeide/plugins/com.st.stm32cube.ide.mcu.externaltools.gnu-tools-for-stm32.7-2018-q2-update.win32_1.5.0.202011040924/tools/bin/../lib/gcc/arm-none-eabi/7.3.1/thumb/v6-m\libgcc.a(eqsf2.o)
                0x0000000008000d1c                __eqsf2
                0x0000000008000d1c                __nesf2
 .text          0x0000000008000d6c       0x9c c:/st/stm32cubeide_1.5.1/stm32cubeide/plugins/com.st.stm32cube.ide.mcu.externaltools.gnu-tools-for-stm32.7-2018-q2-update.win32_1.5.0.202011040924/tools/bin/../lib/gcc/arm-none-eabi/7.3.1/thumb/v6-m\libgcc.a(gesf2.o)
                0x0000000008000d6c                __gesf2
                0x0000000008000d6c                __gtsf2
 .text          0x0000000008000e08       0xa0 c:/st/stm32cubeide_1.5.1/stm32cubeide/plugins/com.st.stm32cube.ide.mcu.externaltools.gnu-tools-for-stm32.7-2018-q2-update.win32_1.5.0.202011040924/tools/bin/../lib/gcc/arm-none-eabi/7.3.1/thumb/v6-m\libgcc.a(lesf2.o)
                0x0000000008000e08                __ltsf2
                0x0000000008000e08                __lesf2
 .text          0x0000000008000ea8      0x264 c:/st/stm32cubeide_1.5.1/stm32cubeide/plugins/com.st.stm32cube.ide.mcu.externaltools.gnu-tools-for-stm32.7-2018-q2-update.win32_1.5.0.202011040924/tools/bin/../lib/gcc/arm-none-eabi/7.3.1/thumb/v6-m\libgcc.a(mulsf3.o)
                0x0000000008000ea8                __aeabi_fmul
 .text          0x000000000800110c      0x388 c:/st/stm32cubeide_1.5.1/stm32cubeide/plugins/com.st.stm32cube.ide.mcu.externaltools.gnu-tools-for-stm32.7-2018-q2-update.win32_1.5.0.202011040924/tools/bin/../lib/gcc/arm-none-eabi/7.3.1/thumb/v6-m\libgcc.a(subsf3.o)
                0x000000000800110c                __aeabi_fsub
 .text          0x0000000008001494       0x40 c:/st/stm32cubeide_1.5.1/stm32cubeide/plugins/com.st.stm32cube.ide.mcu.externaltools.gnu-tools-for-stm32.7-2018-q2-update.win32_1.5.0.202011040924/tools/bin/../lib/gcc/arm-none-eabi/7.3.1/thumb/v6-m\libgcc.a(fixsfsi.o)
                0x0000000008001494                __aeabi_f2iz
 .text          0x00000000080014d4       0x94 c:/st/stm32cubeide_1.5.1/stm32cubeide/plugins/com.st.stm32cube.ide.mcu.externaltools.gnu-tools-for-stm32.7-2018-q2-update.win32_1.5.0.202011040924/tools/bin/../lib/gcc/arm-none-eabi/7.3.1/thumb/v6-m\libgcc.a(floatsisf.o)
                0x00000000080014d4                __aeabi_i2f
 .text          0x0000000008001568       0x80 c:/st/stm32cubeide_1.5.1/stm32cubeide/plugins/com.st.stm32cube.ide.mcu.externaltools.gnu-tools-for-stm32.7-2018-q2-update.win32_1.5.0.202011040924/tools/bin/../lib/gcc/arm-none-eabi/7.3.1/thumb/v6-m\libgcc.a(floatunsisf.o)
                0x0000000008001568                __aeabi_ui2f
 .text          0x00000000080015e8      0x638 c:/st/stm32cubeide_1.5.1/stm32cubeide/plugins/com.st.stm32cube.ide.mcu.externaltools.gnu-tools-for-stm32.7-2018-q2-update.win32_1.5.0.202011040924/tools/bin/../lib/gcc/arm-none-eabi/7.3.1/thumb/v6-m\libgcc.a(adddf3.o)
                0x00000000080015e8                __aeabi_dadd
 .text          0x0000000008001c20      0x604 c:/st/stm32cubeide_1.5.1/stm32cubeide/plugins/com.st.stm32cube.ide.mcu.externaltools.gnu-tools-for-stm32.7-2018-q2-update.win32_1.5.0.202011040924/tools/bin/../lib/gcc/arm-none-eabi/7.3.1/thumb/v6-m\libgcc.a(divdf3.o)
                0x0000000008001c20                __aeabi_ddiv
 .text          0x0000000008002224       0x78 c:/st/stm32cubeide_1.5.1/stm32cubeide/plugins/com.st.stm32cube.ide.mcu.externaltools.gnu-tools-for-stm32.7-2018-q2-update.win32_1.5.0.202011040924/tools/bin/../lib/gcc/arm-none-eabi/7.3.1/thumb/v6-m\libgcc.a(eqdf2.o)
                0x0000000008002224                __nedf2
                0x0000000008002224                __eqdf2
 .text          0x000000000800229c       0xc8 c:/st/stm32cubeide_1.5.1/stm32cubeide/plugins/com.st.stm32cube.ide.mcu.externaltools.gnu-tools-for-stm32.7-2018-q2-update.win32_1.5.0.202011040924/tools/bin/../lib/gcc/arm-none-eabi/7.3.1/thumb/v6-m\libgcc.a(gedf2.o)
                0x000000000800229c                __gedf2
                0x000000000800229c                __gtdf2
 .text          0x0000000008002364       0xd0 c:/st/stm32cubeide_1.5.1/stm32cubeide/plugins/com.st.stm32cube.ide.mcu.externaltools.gnu-tools-for-stm32.7-2018-q2-update.win32_1.5.0.202011040924/tools/bin/../lib/gcc/arm-none-eabi/7.3.1/thumb/v6-m\libgcc.a(ledf2.o)
                0x0000000008002364                __ledf2
                0x0000000008002364                __ltdf2
 .text          0x0000000008002434      0x4e4 c:/st/stm32cubeide_1.5.1/stm32cubeide/plugins/com.st.stm32cube.ide.mcu.externaltools.gnu-tools-for-stm32.7-2018-q2-update.win32_1.5.0.202011040924/tools/bin/../lib/gcc/arm-none-eabi/7.3.1/thumb/v6-m\libgcc.a(muldf3.o)
                0x0000000008002434                __aeabi_dmul
 .text          0x0000000008002918      0x690 c:/st/stm32cubeide_1.5.1/stm32cubeide/plugins/com.st.stm32cube.ide.mcu.externaltools.gnu-tools-for-stm32.7-2018-q2-update.win32_1.5.0.202011040924/tools/bin/../lib/gcc/arm-none-eabi/7.3.1/thumb/v6-m\libgcc.a(subdf3.o)
                0x0000000008002918                __aeabi_dsub
 .text          0x0000000008002fa8       0x38 c:/st/stm32cubeide_1.5.1/stm32cubeide/plugins/com.st.stm32cube.ide.mcu.externaltools.gnu-tools-for-stm32.7-2018-q2-update.win32_1.5.0.202011040924/tools/bin/../lib/gcc/arm-none-eabi/7.3.1/thumb/v6-m\libgcc.a(unorddf2.o)
                0x0000000008002fa8                __aeabi_dcmpun
 .text          0x0000000008002fe0       0x6c c:/st/stm32cubeide_1.5.1/stm32cubeide/plugins/com.st.stm32cube.ide.mcu.externaltools.gnu-tools-for-stm32.7-2018-q2-update.win32_1.5.0.202011040924/tools/bin/../lib/gcc/arm-none-eabi/7.3.1/thumb/v6-m\libgcc.a(fixdfsi.o)
                0x0000000008002fe0                __aeabi_d2iz
 .text          0x000000000800304c       0x74 c:/st/stm32cubeide_1.5.1/stm32cubeide/plugins/com.st.stm32cube.ide.mcu.externaltools.gnu-tools-for-stm32.7-2018-q2-update.win32_1.5.0.202011040924/tools/bin/../lib/gcc/arm-none-eabi/7.3.1/thumb/v6-m\libgcc.a(floatsidf.o)
                0x000000000800304c                __aeabi_i2d
 .text          0x00000000080030c0       0x64 c:/st/stm32cubeide_1.5.1/stm32cubeide/plugins/com.st.stm32cube.ide.mcu.externaltools.gnu-tools-for-stm32.7-2018-q2-update.win32_1.5.0.202011040924/tools/bin/../lib/gcc/arm-none-eabi/7.3.1/thumb/v6-m\libgcc.a(floatunsidf.o)
                0x00000000080030c0                __aeabi_ui2d
 .text          0x0000000008003124       0xa4 c:/st/stm32cubeide_1.5.1/stm32cubeide/plugins/com.st.stm32cube.ide.mcu.externaltools.gnu-tools-for-stm32.7-2018-q2-update.win32_1.5.0.202011040924/tools/bin/../lib/gcc/arm-none-eabi/7.3.1/thumb/v6-m\libgcc.a(extendsfdf2.o)
                0x0000000008003124                __aeabi_f2d
 .text          0x00000000080031c8      0x108 c:/st/stm32cubeide_1.5.1/stm32cubeide/plugins/com.st.stm32cube.ide.mcu.externaltools.gnu-tools-for-stm32.7-2018-q2-update.win32_1.5.0.202011040924/tools/bin/../lib/gcc/arm-none-eabi/7.3.1/thumb/v6-m\libgcc.a(truncdfsf2.o)
                0x00000000080031c8                __aeabi_d2f
 .text          0x00000000080032d0       0x3c c:/st/stm32cubeide_1.5.1/stm32cubeide/plugins/com.st.stm32cube.ide.mcu.externaltools.gnu-tools-for-stm32.7-2018-q2-update.win32_1.5.0.202011040924/tools/bin/../lib/gcc/arm-none-eabi/7.3.1/thumb/v6-m\libgcc.a(_clzsi2.o)
                0x00000000080032d0                __clzsi2
 .text          0x000000000800330c       0x18 c:/st/stm32cubeide_1.5.1/stm32cubeide/plugins/com.st.stm32cube.ide.mcu.externaltools.gnu-tools-for-stm32.7-2018-q2-update.win32_1.5.0.202011040924/tools/bin/../lib/gcc/arm-none-eabi/7.3.1/thumb/v6-m\libgcc.a(_clzdi2.o)
                0x000000000800330c                __clzdi2
 *(.text*)
 .text.LoadROtopology
                0x0000000008003324       0x9c BOS/BOS.o
                0x0000000008003324                LoadROtopology
 .text.LoadEEportsDir
                0x00000000080033c0       0x38 BOS/BOS.o
                0x00000000080033c0                LoadEEportsDir
 .text.LoadEEalias
                0x00000000080033f8       0x74 BOS/BOS.o
                0x00000000080033f8                LoadEEalias
 .text.LoadEEgroup
                0x000000000800346c       0x98 BOS/BOS.o
                0x000000000800346c                LoadEEgroup
 .text.LoadEEstreams
                0x0000000008003504      0x158 BOS/BOS.o
                0x0000000008003504                LoadEEstreams
 .text.LoadEEparams
                0x000000000800365c      0x188 BOS/BOS.o
                0x000000000800365c                LoadEEparams
 .text.LoadEEbuttons
                0x00000000080037e4       0xcc BOS/BOS.o
                0x00000000080037e4                LoadEEbuttons
 .text.LoadROsnippets
                0x00000000080038b0       0xfc BOS/BOS.o
                0x00000000080038b0                LoadROsnippets
 .text.LoadEEvars
                0x00000000080039ac       0x24 BOS/BOS.o
                0x00000000080039ac                LoadEEvars
 .text.SaveEEportsDir
                0x00000000080039d0       0x40 BOS/BOS.o
                0x00000000080039d0                SaveEEportsDir
 .text.SaveEEalias
                0x0000000008003a10       0x60 BOS/BOS.o
                0x0000000008003a10                SaveEEalias
 .text.SaveEEstreams
                0x0000000008003a70       0x8c BOS/BOS.o
                0x0000000008003a70                SaveEEstreams
 .text.SaveEEparams
                0x0000000008003afc       0x88 BOS/BOS.o
                0x0000000008003afc                SaveEEparams
 .text.ClearEEportsDir
                0x0000000008003b84       0x4c BOS/BOS.o
                0x0000000008003b84                ClearEEportsDir
 .text.EE_FormatForFactoryReset
                0x0000000008003bd0       0x24 BOS/BOS.o
                0x0000000008003bd0                EE_FormatForFactoryReset
 .text.IsLowerCLIbaud
                0x0000000008003bf4       0x98 BOS/BOS.o
                0x0000000008003bf4                IsLowerCLIbaud
 .text.SetupPortForRemoteBootloaderUpdate
                0x0000000008003c8c       0x2a BOS/BOS.o
                0x0000000008003c8c                SetupPortForRemoteBootloaderUpdate
 *fill*         0x0000000008003cb6        0x2 
 .text.IsModuleParameter
                0x0000000008003cb8       0x34 BOS/BOS.o
                0x0000000008003cb8                IsModuleParameter
 .text.IsMathOperator
                0x0000000008003cec       0x8c BOS/BOS.o
                0x0000000008003cec                IsMathOperator
 .text.ExploreNeighbors
                0x0000000008003d78       0x4c BOS/BOS.o
                0x0000000008003d78                ExploreNeighbors
 .text.FindBroadcastRoutes
                0x0000000008003dc4      0x130 BOS/BOS.o
                0x0000000008003dc4                FindBroadcastRoutes
 .text.minArr   0x0000000008003ef4       0x38 BOS/BOS.o
                0x0000000008003ef4                minArr
 .text.QnotEmpty
                0x0000000008003f2c       0x1c BOS/BOS.o
                0x0000000008003f2c                QnotEmpty
 .text.FindRoute
                0x0000000008003f48      0x14c BOS/BOS.o
                0x0000000008003f48                FindRoute
 .text.remoteBootloaderUpdate
                0x0000000008004094       0xec BOS/BOS.o
                0x0000000008004094                remoteBootloaderUpdate
 .text.DisplayTopology
                0x0000000008004180      0x194 BOS/BOS.o
                0x0000000008004180                DisplayTopology
 .text.DisplayPortsDir
                0x0000000008004314       0xd4 BOS/BOS.o
                0x0000000008004314                DisplayPortsDir
 .text.DisplayModuleStatus
                0x00000000080043e8      0x2d8 BOS/BOS.o
                0x00000000080043e8                DisplayModuleStatus
 .text.GetID    0x00000000080046c0       0xc4 BOS/BOS.o
                0x00000000080046c0                GetID
 .text.NameModule
                0x0000000008004784       0xcc BOS/BOS.o
                0x0000000008004784                NameModule
 .text.AddModuleToGroup
                0x0000000008004850       0xfc BOS/BOS.o
                0x0000000008004850                AddModuleToGroup
 .text.ReadPortsDir
                0x000000000800494c       0x84 BOS/BOS.o
                0x000000000800494c                ReadPortsDir
 .text.UpdateMyPortsDir
                0x00000000080049d0       0x4c BOS/BOS.o
                0x00000000080049d0                UpdateMyPortsDir
 .text.BOS_Init
                0x0000000008004a1c      0x124 BOS/BOS.o
                0x0000000008004a1c                BOS_Init
 .text.Module_Init
                0x0000000008004b40       0x18 BOS/BOS.o
                0x0000000008004b40                Module_Init
 .text.GetDateString
                0x0000000008004b58       0x44 BOS/BOS.o
                0x0000000008004b58                GetDateString
 .text.Bridge   0x0000000008004b9c       0x28 BOS/BOS.o
                0x0000000008004b9c                Bridge
 .text.Unbridge
                0x0000000008004bc4       0x80 BOS/BOS.o
                0x0000000008004bc4                Unbridge
 .text.StringToLowerCase
                0x0000000008004c44       0x2a BOS/BOS_CLI.o
                0x0000000008004c44                StringToLowerCase
 *fill*         0x0000000008004c6e        0x2 
 .text.ParseSnippetCondition
                0x0000000008004c70      0x458 BOS/BOS_CLI.o
                0x0000000008004c70                ParseSnippetCondition
 .text.AddSnippet
                0x00000000080050c8       0xf0 BOS/BOS_CLI.o
                0x00000000080050c8                AddSnippet
 .text.CLI_CommandParser
                0x00000000080051b8      0x40c BOS/BOS_CLI.o
                0x00000000080051b8                CLI_CommandParser
 .text.prvCLITask
                0x00000000080055c4      0x198 BOS/BOS_CLI.o
                0x00000000080055c4                prvCLITask
 .text.ParseSnippetCommand
                0x000000000800575c       0x84 BOS/BOS_CLI.o
                0x000000000800575c                ParseSnippetCommand
 .text.CheckSnippetCondition
                0x00000000080057e0      0x138 BOS/BOS_CLI.o
                0x00000000080057e0                CheckSnippetCondition
 .text.ExecuteSnippet
                0x0000000008005918       0x88 BOS/BOS_CLI.o
                0x0000000008005918                ExecuteSnippet
 .text.exploreCommand
                0x00000000080059a0        0x4 BOS/BOS_CLIcommands.o
 .text.setBaudrateCommand
                0x00000000080059a4       0x78 BOS/BOS_CLIcommands.o
 .text.flashsizeCommand
                0x0000000008005a1c       0x24 BOS/BOS_CLIcommands.o
 .text.GetReadPrecentageCommand
                0x0000000008005a40       0x64 BOS/BOS_CLIcommands.o
 .text.ReadVrefCommand
                0x0000000008005aa4       0x40 BOS/BOS_CLIcommands.o
 .text.ReadTempCommand
                0x0000000008005ae4       0x40 BOS/BOS_CLIcommands.o
 .text.ADCReadCommand
                0x0000000008005b24       0xbc BOS/BOS_CLIcommands.o
 .text.testportCommand
                0x0000000008005be0      0x1b8 BOS/BOS_CLIcommands.o
 .text.unbridgeCommand
                0x0000000008005d98       0xa4 BOS/BOS_CLIcommands.o
 .text.bridgeCommand
                0x0000000008005e3c       0xa4 BOS/BOS_CLIcommands.o
 .text.delSnipCommand
                0x0000000008005ee0       0xd8 BOS/BOS_CLIcommands.o
 .text.pauseSnipCommand
                0x0000000008005fb8       0x70 BOS/BOS_CLIcommands.o
 .text.actSnipCommand
                0x0000000008006028       0x70 BOS/BOS_CLIcommands.o
 .text.snipCommand
                0x0000000008006098      0x228 BOS/BOS_CLIcommands.o
 .text.idcodeCommand
                0x00000000080062c0       0xa8 BOS/BOS_CLIcommands.o
 .text.uuidCommand
                0x0000000008006368       0x54 BOS/BOS_CLIcommands.o
 .text.timeCommand
                0x00000000080063bc       0x94 BOS/BOS_CLIcommands.o
 .text.dateCommand
                0x0000000008006450       0x24 BOS/BOS_CLIcommands.o
 .text.getCommand
                0x0000000008006474      0x27c BOS/BOS_CLIcommands.o
 .text.defaultCommand
                0x00000000080066f0       0xc0 BOS/BOS_CLIcommands.o
 .text.setCommand
                0x00000000080067b0      0x844 BOS/BOS_CLIcommands.o
 .text.removebuttonCommand
                0x0000000008006ff4       0x54 BOS/BOS_CLIcommands.o
 .text.addbuttonCommand
                0x0000000008007048       0xd4 BOS/BOS_CLIcommands.o
 .text.scastCommand
                0x000000000800711c      0x184 BOS/BOS_CLIcommands.o
 .text.infoCommand
                0x00000000080072a0       0xc0 BOS/BOS_CLIcommands.o
 .text.statusCommand
                0x0000000008007360       0x14 BOS/BOS_CLIcommands.o
 .text.groupCommand
                0x0000000008007374      0x1c8 BOS/BOS_CLIcommands.o
 .text.nameCommand
                0x000000000800753c       0x9c BOS/BOS_CLIcommands.o
 .text.bootloaderUpdateCommand
                0x00000000080075d8      0x184 BOS/BOS_CLIcommands.o
 .text.pingCommand
                0x000000000800775c       0x6c BOS/BOS_CLIcommands.o
 .text.prvRunTimeStatsCommand
                0x00000000080077c8       0x24 BOS/BOS_CLIcommands.o
 .text.prvTaskStatsCommand
                0x00000000080077ec       0x24 BOS/BOS_CLIcommands.o
 .text.resetCommand
                0x0000000008007810       0x24 BOS/BOS_CLIcommands.o
 .text.RegisterUserCLICommands
                0x0000000008007834        0x2 BOS/BOS_CLIcommands.o
                0x0000000008007834                RegisterUserCLICommands
 *fill*         0x0000000008007836        0x2 
 .text.vRegisterCLICommands
                0x0000000008007838      0x160 BOS/BOS_CLIcommands.o
                0x0000000008007838                vRegisterCLICommands
 .text.StopMsgDMA
                0x0000000008007998       0x24 BOS/BOS_dma.o
                0x0000000008007998                StopMsgDMA
 .text.StopStreamDMA
                0x00000000080079bc       0x34 BOS/BOS_dma.o
                0x00000000080079bc                StopStreamDMA
 .text.SwitchMsgDMAToStream
                0x00000000080079f0       0x28 BOS/BOS_dma.o
                0x00000000080079f0                SwitchMsgDMAToStream
 .text.SwitchStreamDMAToMsg
                0x0000000008007a18       0x64 BOS/BOS_dma.o
                0x0000000008007a18                SwitchStreamDMAToMsg
 .text.StartDMAstream
                0x0000000008007a7c       0x54 BOS/BOS_dma.o
                0x0000000008007a7c                StartDMAstream
 .text.DMA_IRQHandler
                0x0000000008007ad0       0x68 BOS/BOS_dma.o
                0x0000000008007ad0                DMA_IRQHandler
 .text.ResetUartORE
                0x0000000008007b38       0x2c BOS/BOS_dma.o
                0x0000000008007b38                ResetUartORE
 .text.EE_FindValidPage
                0x0000000008007b64       0x5c BOS/BOS_eeprom.o
 .text.EE_VerifyPageFullWriteVariable
                0x0000000008007bc0       0xac BOS/BOS_eeprom.o
 .text.EE_ReadVariable
                0x0000000008007c6c       0x4c BOS/BOS_eeprom.o
                0x0000000008007c6c                EE_ReadVariable
 .text.EE_PageTransfer
                0x0000000008007cb8      0x118 BOS/BOS_eeprom.o
 .text.EE_WriteVariable
                0x0000000008007dd0       0x2c BOS/BOS_eeprom.o
                0x0000000008007dd0                EE_WriteVariable
 .text.EE_Format
                0x0000000008007dfc       0xc8 BOS/BOS_eeprom.o
                0x0000000008007dfc                EE_Format
 .text.EE_Init  0x0000000008007ec4      0x384 BOS/BOS_eeprom.o
                0x0000000008007ec4                EE_Init
 .text.StartDefaultTask
                0x0000000008008248       0xb8 BOS/BOS_freertos.o
                0x0000000008008248                StartDefaultTask
 .text.MX_FREERTOS_Init
                0x0000000008008300      0x1c0 BOS/BOS_freertos.o
                0x0000000008008300                MX_FREERTOS_Init
 .text.vMainConfigureTimerForRunTimeStats
                0x00000000080084c0       0x20 BOS/BOS_freertos.o
                0x00000000080084c0                vMainConfigureTimerForRunTimeStats
 .text.ulMainGetRunTimeCounterValue
                0x00000000080084e0       0x50 BOS/BOS_freertos.o
                0x00000000080084e0                ulMainGetRunTimeCounterValue
 .text.buttonPressedCallback
                0x0000000008008530        0x2 BOS/BOS_inputs.o
                0x0000000008008530                buttonPressedCallback
 *fill*         0x0000000008008532        0x2 
 .text.CheckForTimedButtonPress
                0x0000000008008534       0x70 BOS/BOS_inputs.o
                0x0000000008008534                CheckForTimedButtonPress
 .text.CheckForTimedButtonRelease
                0x00000000080085a4       0x70 BOS/BOS_inputs.o
                0x00000000080085a4                CheckForTimedButtonRelease
 .text.AddPortButton
                0x0000000008008614      0x124 BOS/BOS_inputs.o
                0x0000000008008614                AddPortButton
 .text.RemovePortButton
                0x0000000008008738      0x10c BOS/BOS_inputs.o
                0x0000000008008738                RemovePortButton
 .text.SetButtonEvents
                0x0000000008008844      0x308 BOS/BOS_inputs.o
                0x0000000008008844                SetButtonEvents
 .text.ADC_Channels_Config
                0x0000000008008b4c       0x60 BOS/BOS_inputs.o
                0x0000000008008b4c                ADC_Channels_Config
 .text.Get_channel
                0x0000000008008bac       0x54 BOS/BOS_inputs.o
                0x0000000008008bac                Get_channel
 .text.Error_Handler
                0x0000000008008c00        0xa BOS/BOS_inputs.o
                0x0000000008008c00                Error_Handler
 *fill*         0x0000000008008c0a        0x2 
 .text.MX_ADC_Init
                0x0000000008008c0c       0x54 BOS/BOS_inputs.o
                0x0000000008008c0c                MX_ADC_Init
 .text.ReadTempAndVref
                0x0000000008008c60      0x178 BOS/BOS_inputs.o
                0x0000000008008c60                ReadTempAndVref
 .text.GetReadPrecentage
                0x0000000008008dd8      0x140 BOS/BOS_inputs.o
                0x0000000008008dd8                GetReadPrecentage
 .text.Get_Rank
                0x0000000008008f18       0x5c BOS/BOS_inputs.o
                0x0000000008008f18                Get_Rank
 .text.ADCSelectChannel
                0x0000000008008f74       0x64 BOS/BOS_inputs.o
                0x0000000008008f74                ADCSelectChannel
 .text.ReadADCChannel
                0x0000000008008fd8       0xc0 BOS/BOS_inputs.o
                0x0000000008008fd8                ReadADCChannel
 .text.buttonReleasedCallback
                0x0000000008009098        0x2 BOS/BOS_inputs.o
                0x0000000008009098                buttonReleasedCallback
 .text.buttonClickedCallback
                0x000000000800909a        0x2 BOS/BOS_inputs.o
                0x000000000800909a                buttonClickedCallback
 .text.buttonDblClickedCallback
                0x000000000800909c        0x2 BOS/BOS_inputs.o
                0x000000000800909c                buttonDblClickedCallback
 .text.buttonPressedForXCallback
                0x000000000800909e        0x2 BOS/BOS_inputs.o
                0x000000000800909e                buttonPressedForXCallback
 .text.buttonReleasedForYCallback
                0x00000000080090a0        0x2 BOS/BOS_inputs.o
                0x00000000080090a0                buttonReleasedForYCallback
 *fill*         0x00000000080090a2        0x2 
 .text.CheckAttachedButtons
                0x00000000080090a4      0x480 BOS/BOS_inputs.o
                0x00000000080090a4                CheckAttachedButtons
 .text.StreamTimerCallback
                0x0000000008009524       0x16 BOS/BOS_messaging.o
                0x0000000008009524                StreamTimerCallback
 *fill*         0x000000000800953a        0x2 
 .text.SetupDMAStreams
                0x000000000800953c      0x1b0 BOS/BOS_messaging.o
                0x000000000800953c                SetupDMAStreams
 .text.NotifyMessagingTask
                0x00000000080096ec       0x78 BOS/BOS_messaging.o
                0x00000000080096ec                NotifyMessagingTask
 .text.SendMessageFromPort
                0x0000000008009764      0x3e0 BOS/BOS_messaging.o
                0x0000000008009764                SendMessageFromPort
 .text.ForwardReceivedMessage
                0x0000000008009b44       0x40 BOS/BOS_messaging.o
                0x0000000008009b44                ForwardReceivedMessage
 .text.BroadcastReceivedMessage
                0x0000000008009b84       0x40 BOS/BOS_messaging.o
                0x0000000008009b84                BroadcastReceivedMessage
 .text.BroadcastMessage
                0x0000000008009bc4       0x50 BOS/BOS_messaging.o
                0x0000000008009bc4                BroadcastMessage
 .text.SendMessageToModule
                0x0000000008009c14       0x4c BOS/BOS_messaging.o
                0x0000000008009c14                SendMessageToModule
 .text.StartScastDMAStream
                0x0000000008009c60      0x16c BOS/BOS_messaging.o
                0x0000000008009c60                StartScastDMAStream
 .text.BackEndTask
                0x0000000008009dcc      0x47c BOS/BOS_msgparser.o
                0x0000000008009dcc                BackEndTask
 .text.User_MessagingParser
                0x000000000800a248        0x4 BOS/BOS_msgparser.o
                0x000000000800a248                User_MessagingParser
 .text.PxMessagingTask
                0x000000000800a24c     0x19ac BOS/BOS_msgparser.o
                0x000000000800a24c                PxMessagingTask
 .text.weight1ModParamCommand
                0x000000000800bbf8       0x2c H26R0/H26R0.o
 .text.weight2ModParamCommand
                0x000000000800bc24       0x2c H26R0/H26R0.o
 .text.unitCommand
                0x000000000800bc50       0xf0 H26R0/H26R0.o
 .text.CheckForEnterKey
                0x000000000800bd40       0x60 H26R0/H26R0.o
 .text.HandleTimeout
                0x000000000800bda0       0x20 H26R0/H26R0.o
 .text.SystemClock_Config
                0x000000000800bdc0       0xb0 H26R0/H26R0.o
                0x000000000800bdc0                SystemClock_Config
 .text.Module_Peripheral_Init
                0x000000000800be70       0xf8 H26R0/H26R0.o
                0x000000000800be70                Module_Peripheral_Init
 .text.SaveToRO
                0x000000000800bf68      0x1d8 H26R0/H26R0.o
                0x000000000800bf68                SaveToRO
 .text.ClearROtopology
                0x000000000800c140       0x2c H26R0/H26R0.o
                0x000000000800c140                ClearROtopology
 .text.RegisterModuleCLICommands
                0x000000000800c16c       0x74 H26R0/H26R0.o
                0x000000000800c16c                RegisterModuleCLICommands
 .text.GetPort  0x000000000800c1e0       0x4c H26R0/H26R0.o
                0x000000000800c1e0                GetPort
 .text.readHX711
                0x000000000800c22c       0xd8 H26R0/H26R0.o
                0x000000000800c22c                readHX711
 .text.weightCalculation
                0x000000000800c304       0xb8 H26R0/H26R0.o
                0x000000000800c304                weightCalculation
 .text.SetHX711Rate
                0x000000000800c3bc       0x4c H26R0/H26R0.o
                0x000000000800c3bc                SetHX711Rate
 .text.rateCommand
                0x000000000800c408       0x8c H26R0/H26R0.o
 .text.formatModParamCommand
                0x000000000800c494       0x78 H26R0/H26R0.o
 .text.SetHX711Gain
                0x000000000800c50c       0x34 H26R0/H26R0.o
                0x000000000800c50c                SetHX711Gain
 .text.Calibration
                0x000000000800c540       0x94 H26R0/H26R0.o
                0x000000000800c540                Calibration
 .text.calibrationCommand
                0x000000000800c5d4       0xac H26R0/H26R0.o
 .text.StreamGramToPort
                0x000000000800c680       0x9c H26R0/H26R0.o
                0x000000000800c680                StreamGramToPort
 .text.StreamKGramToPort
                0x000000000800c71c       0x98 H26R0/H26R0.o
                0x000000000800c71c                StreamKGramToPort
 .text.StreamOunceToPort
                0x000000000800c7b4       0x9c H26R0/H26R0.o
                0x000000000800c7b4                StreamOunceToPort
 .text.StreamPoundToPort
                0x000000000800c850       0x9c H26R0/H26R0.o
                0x000000000800c850                StreamPoundToPort
 .text.StreamKGramToCLI
                0x000000000800c8ec       0x90 H26R0/H26R0.o
                0x000000000800c8ec                StreamKGramToCLI
 .text.demoCommand
                0x000000000800c97c       0xb8 H26R0/H26R0.o
 .text.StreamKGramToVERBOSE
                0x000000000800ca34       0x90 H26R0/H26R0.o
                0x000000000800ca34                StreamKGramToVERBOSE
 .text.StreamRawToPort
                0x000000000800cac4       0x9c H26R0/H26R0.o
                0x000000000800cac4                StreamRawToPort
 .text.StreamKGramToBuffer
                0x000000000800cb60       0x90 H26R0/H26R0.o
                0x000000000800cb60                StreamKGramToBuffer
 .text.streamCommand
                0x000000000800cbf0      0x214 H26R0/H26R0.o
 .text.PowerDown
                0x000000000800ce04       0x14 H26R0/H26R0.o
                0x000000000800ce04                PowerDown
 .text.Stop     0x000000000800ce18       0x40 H26R0/H26R0.o
                0x000000000800ce18                Stop
 .text.stopCommand
                0x000000000800ce58       0x12 H26R0/H26R0.o
 .text.PowerOn  0x000000000800ce6a       0x14 H26R0/H26R0.o
                0x000000000800ce6a                PowerOn
 *fill*         0x000000000800ce7e        0x2 
 .text.SampleGram
                0x000000000800ce80       0x34 H26R0/H26R0.o
                0x000000000800ce80                SampleGram
 .text.SampleKGram
                0x000000000800ceb4       0x28 H26R0/H26R0.o
                0x000000000800ceb4                SampleKGram
 .text.SampleOunce
                0x000000000800cedc       0x40 H26R0/H26R0.o
                0x000000000800cedc                SampleOunce
 .text.SamplePound
                0x000000000800cf1c       0x40 H26R0/H26R0.o
                0x000000000800cf1c                SamplePound
 .text.Average  0x000000000800cf5c       0x64 H26R0/H26R0.o
                0x000000000800cf5c                Average
 .text.SendResults
                0x000000000800cfc0      0x32c H26R0/H26R0.o
                0x000000000800cfc0                SendResults
 .text.sampleCommand
                0x000000000800d2ec       0x90 H26R0/H26R0.o
 .text.LoadcellTask
                0x000000000800d37c      0x144 H26R0/H26R0.o
                0x000000000800d37c                LoadcellTask
 .text.ZeroCal  0x000000000800d4c0       0xb0 H26R0/H26R0.o
                0x000000000800d4c0                ZeroCal
 .text.zerocalCommand
                0x000000000800d570       0x68 H26R0/H26R0.o
 .text.Module_MessagingTask
                0x000000000800d5d8      0x44c H26R0/H26R0.o
                0x000000000800d5d8                Module_MessagingTask
 .text.DMA_MSG_RX_CH_Init
                0x000000000800da24       0x22 H26R0/H26R0_dma.o
                0x000000000800da24                DMA_MSG_RX_CH_Init
 .text.DMA_MSG_TX_CH_Init
                0x000000000800da46       0x22 H26R0/H26R0_dma.o
                0x000000000800da46                DMA_MSG_TX_CH_Init
 .text.DMA_Init
                0x000000000800da68       0xa8 H26R0/H26R0_dma.o
                0x000000000800da68                DMA_Init
 .text.DMA_STREAM_CH_Init
                0x000000000800db10       0x20 H26R0/H26R0_dma.o
                0x000000000800db10                DMA_STREAM_CH_Init
 .text.SetupDMAInterrupts
                0x000000000800db30       0xb8 H26R0/H26R0_dma.o
                0x000000000800db30                SetupDMAInterrupts
 .text.UnSetupDMAInterrupts
                0x000000000800dbe8       0xa0 H26R0/H26R0_dma.o
                0x000000000800dbe8                UnSetupDMAInterrupts
 .text.DMA_MSG_TX_UnSetup
                0x000000000800dc88       0x14 H26R0/H26R0_dma.o
                0x000000000800dc88                DMA_MSG_TX_UnSetup
 .text.RemapAndLinkDMAtoUARTRx
                0x000000000800dc9c      0x868 H26R0/H26R0_dma.o
                0x000000000800dc9c                RemapAndLinkDMAtoUARTRx
 .text.DMA_MSG_RX_Setup
                0x000000000800e504       0x34 H26R0/H26R0_dma.o
                0x000000000800e504                DMA_MSG_RX_Setup
 .text.SetupMessagingRxDMAs
                0x000000000800e538       0x8c H26R0/H26R0_dma.o
                0x000000000800e538                SetupMessagingRxDMAs
 .text.DMA_STREAM_Setup
                0x000000000800e5c4       0x40 H26R0/H26R0_dma.o
                0x000000000800e5c4                DMA_STREAM_Setup
 .text.RemapAndLinkDMAtoUARTTx
                0x000000000800e604      0x868 H26R0/H26R0_dma.o
                0x000000000800e604                RemapAndLinkDMAtoUARTTx
 .text.DMA_MSG_TX_Setup
                0x000000000800ee6c       0x44 H26R0/H26R0_dma.o
                0x000000000800ee6c                DMA_MSG_TX_Setup
 .text.CRC_Init
                0x000000000800eeb0       0x28 H26R0/H26R0_dma.o
                0x000000000800eeb0                CRC_Init
 .text.HAL_CRC_MspInit
                0x000000000800eed8       0x1c H26R0/H26R0_dma.o
                0x000000000800eed8                HAL_CRC_MspInit
 .text.CalculateCRC8
                0x000000000800eef4       0x3c H26R0/H26R0_dma.o
                0x000000000800eef4                CalculateCRC8
 .text.IND_LED_Init
                0x000000000800ef30       0x24 H26R0/H26R0_gpio.o
                0x000000000800ef30                IND_LED_Init
 .text.GPIO_Init
                0x000000000800ef54       0x6c H26R0/H26R0_gpio.o
                0x000000000800ef54                GPIO_Init
 .text.HX711_GPIO_Init
                0x000000000800efc0       0x36 H26R0/H26R0_gpio.o
                0x000000000800efc0                HX711_GPIO_Init
 *fill*         0x000000000800eff6        0x2 
 .text.GetPortGPIOs
                0x000000000800eff8       0xc4 H26R0/H26R0_gpio.o
                0x000000000800eff8                GetPortGPIOs
 .text.IsFactoryReset
                0x000000000800f0bc       0xf4 H26R0/H26R0_gpio.o
                0x000000000800f0bc                IsFactoryReset
 .text.SysTick_Handler
                0x000000000800f1b0        0xc H26R0/H26R0_it.o
                0x000000000800f1b0                SysTick_Handler
 .text.HardFault_Handler
                0x000000000800f1bc        0x2 H26R0/H26R0_it.o
                0x000000000800f1bc                HardFault_Handler
 .text.USART1_IRQHandler
                0x000000000800f1be        0x2 H26R0/H26R0_it.o
                0x000000000800f1be                USART1_IRQHandler
 .text.USART2_IRQHandler
                0x000000000800f1c0       0x10 H26R0/H26R0_it.o
                0x000000000800f1c0                USART2_IRQHandler
 .text.USART3_8_IRQHandler
                0x000000000800f1d0       0x2c H26R0/H26R0_it.o
                0x000000000800f1d0                USART3_8_IRQHandler
 .text.DMA1_Ch1_IRQHandler
                0x000000000800f1fc        0xa H26R0/H26R0_it.o
                0x000000000800f1fc                DMA1_Ch1_IRQHandler
 *fill*         0x000000000800f206        0x2 
 .text.DMA1_Ch2_3_DMA2_Ch1_2_IRQHandler
                0x000000000800f208       0x40 H26R0/H26R0_it.o
                0x000000000800f208                DMA1_Ch2_3_DMA2_Ch1_2_IRQHandler
 .text.DMA1_Ch4_7_DMA2_Ch3_5_IRQHandler
                0x000000000800f248       0x64 H26R0/H26R0_it.o
                0x000000000800f248                DMA1_Ch4_7_DMA2_Ch3_5_IRQHandler
 .text.HAL_UART_TxCpltCallback
                0x000000000800f2ac       0x30 H26R0/H26R0_it.o
                0x000000000800f2ac                HAL_UART_TxCpltCallback
 .text.HAL_UART_ErrorCallback
                0x000000000800f2dc       0x48 H26R0/H26R0_it.o
                0x000000000800f2dc                HAL_UART_ErrorCallback
 .text.HAL_UART_RxCpltCallback
                0x000000000800f324       0x64 H26R0/H26R0_it.o
                0x000000000800f324                HAL_UART_RxCpltCallback
 .text.vApplicationStackOverflowHook
                0x000000000800f388        0x4 H26R0/H26R0_it.o
                0x000000000800f388                vApplicationStackOverflowHook
 .text.vApplicationMallocFailedHook
                0x000000000800f38c        0x4 H26R0/H26R0_it.o
                0x000000000800f38c                vApplicationMallocFailedHook
 .text.RTC_CalendarConfig
                0x000000000800f390      0x104 H26R0/H26R0_rtc.o
                0x000000000800f390                RTC_CalendarConfig
 .text.RTC_Init
                0x000000000800f494       0x8c H26R0/H26R0_rtc.o
                0x000000000800f494                RTC_Init
 .text.BOS_CalendarConfig
                0x000000000800f520       0xb4 H26R0/H26R0_rtc.o
                0x000000000800f520                BOS_CalendarConfig
 .text.GetTimeDate
                0x000000000800f5d4       0x68 H26R0/H26R0_rtc.o
                0x000000000800f5d4                GetTimeDate
 .text.TIM_USEC_Init
                0x000000000800f63c       0x64 H26R0/H26R0_timers.o
                0x000000000800f63c                TIM_USEC_Init
 .text.TIM_MSEC_Init
                0x000000000800f6a0       0x60 H26R0/H26R0_timers.o
                0x000000000800f6a0                TIM_MSEC_Init
 .text.StartMicroDelay
                0x000000000800f700       0x24 H26R0/H26R0_timers.o
                0x000000000800f700                StartMicroDelay
 .text.StartMilliDelay
                0x000000000800f724       0x24 H26R0/H26R0_timers.o
                0x000000000800f724                StartMilliDelay
 .text.MX_USART2_UART_Init
                0x000000000800f748       0x30 H26R0/H26R0_uart.o
                0x000000000800f748                MX_USART2_UART_Init
 .text.MX_USART3_UART_Init
                0x000000000800f778       0x30 H26R0/H26R0_uart.o
                0x000000000800f778                MX_USART3_UART_Init
 .text.MX_USART4_UART_Init
                0x000000000800f7a8       0x30 H26R0/H26R0_uart.o
                0x000000000800f7a8                MX_USART4_UART_Init
 .text.MX_USART5_UART_Init
                0x000000000800f7d8       0x30 H26R0/H26R0_uart.o
                0x000000000800f7d8                MX_USART5_UART_Init
 .text.MX_USART6_UART_Init
                0x000000000800f808       0x30 H26R0/H26R0_uart.o
                0x000000000800f808                MX_USART6_UART_Init
 .text.HAL_UART_MspInit
                0x000000000800f838      0x214 H26R0/H26R0_uart.o
                0x000000000800f838                HAL_UART_MspInit
 .text.GetUart  0x000000000800fa4c       0x3c H26R0/H26R0_uart.o
                0x000000000800fa4c                GetUart
 .text.writePxMutex
                0x000000000800fa88       0x5c H26R0/H26R0_uart.o
                0x000000000800fa88                writePxMutex
 .text.writePxITMutex
                0x000000000800fae4       0x40 H26R0/H26R0_uart.o
                0x000000000800fae4                writePxITMutex
 .text.writePxDMAMutex
                0x000000000800fb24       0x44 H26R0/H26R0_uart.o
                0x000000000800fb24                writePxDMAMutex
 .text.UpdateBaudrate
                0x000000000800fb68       0x12 H26R0/H26R0_uart.o
                0x000000000800fb68                UpdateBaudrate
 *fill*         0x000000000800fb7a        0x2 
 .text.SwapUartPins
                0x000000000800fb7c       0x70 H26R0/H26R0_uart.o
                0x000000000800fb7c                SwapUartPins
 .text.Reset_Handler
                0x000000000800fbec       0x8c H26R0/startup_stm32f091xc.o
                0x000000000800fbec                Reset_Handler
 .text.Default_Handler
                0x000000000800fc78        0x2 H26R0/startup_stm32f091xc.o
                0x000000000800fc78                TIM1_CC_IRQHandler
                0x000000000800fc78                TSC_IRQHandler
                0x000000000800fc78                ADC1_COMP_IRQHandler
                0x000000000800fc78                NMI_Handler
                0x000000000800fc78                I2C1_IRQHandler
                0x000000000800fc78                RCC_CRS_IRQHandler
                0x000000000800fc78                SPI1_IRQHandler
                0x000000000800fc78                TIM6_DAC_IRQHandler
                0x000000000800fc78                EXTI2_3_IRQHandler
                0x000000000800fc78                I2C2_IRQHandler
                0x000000000800fc78                TIM17_IRQHandler
                0x000000000800fc78                CEC_CAN_IRQHandler
                0x000000000800fc78                RTC_IRQHandler
                0x000000000800fc78                PVD_VDDIO2_IRQHandler
                0x000000000800fc78                TIM16_IRQHandler
                0x000000000800fc78                TIM3_IRQHandler
                0x000000000800fc78                EXTI4_15_IRQHandler
                0x000000000800fc78                Default_Handler
                0x000000000800fc78                TIM14_IRQHandler
                0x000000000800fc78                TIM7_IRQHandler
                0x000000000800fc78                TIM15_IRQHandler
                0x000000000800fc78                EXTI0_1_IRQHandler
                0x000000000800fc78                SPI2_IRQHandler
                0x000000000800fc78                WWDG_IRQHandler
                0x000000000800fc78                TIM2_IRQHandler
                0x000000000800fc78                FLASH_IRQHandler
                0x000000000800fc78                TIM1_BRK_UP_TRG_COM_IRQHandler
 *fill*         0x000000000800fc7a        0x2 
 .text.SystemInit
                0x000000000800fc7c       0x60 Thirdparty/CMSIS/Device/ST/STM32F0xx/Source/Templates/system_stm32f0xx.o
                0x000000000800fc7c                SystemInit
 .text.inHandlerMode
                0x000000000800fcdc        0xa Thirdparty/Middleware/FreeRTOS/Source/CMSIS_RTOS/cmsis_os.o
 .text.osKernelStart
                0x000000000800fce6        0xa Thirdparty/Middleware/FreeRTOS/Source/CMSIS_RTOS/cmsis_os.o
                0x000000000800fce6                osKernelStart
 .text.osDelay  0x000000000800fcf0       0x10 Thirdparty/Middleware/FreeRTOS/Source/CMSIS_RTOS/cmsis_os.o
                0x000000000800fcf0                osDelay
 .text.osSemaphoreCreate
                0x000000000800fd00       0x2c Thirdparty/Middleware/FreeRTOS/Source/CMSIS_RTOS/cmsis_os.o
                0x000000000800fd00                osSemaphoreCreate
 .text.osSemaphoreWait
                0x000000000800fd2c       0x6c Thirdparty/Middleware/FreeRTOS/Source/CMSIS_RTOS/cmsis_os.o
                0x000000000800fd2c                osSemaphoreWait
 .text.osSemaphoreRelease
                0x000000000800fd98       0x58 Thirdparty/Middleware/FreeRTOS/Source/CMSIS_RTOS/cmsis_os.o
                0x000000000800fd98                osSemaphoreRelease
 .text.osSystickHandler
                0x000000000800fdf0       0x10 Thirdparty/Middleware/FreeRTOS/Source/CMSIS_RTOS/cmsis_os.o
                0x000000000800fdf0                osSystickHandler
 .text.prvGetNumberOfParameters
                0x000000000800fe00       0x30 Thirdparty/Middleware/FreeRTOS/Source/FreeRTOS_CLI.o
 .text.FreeRTOS_CLIRegisterCommand
                0x000000000800fe30       0x38 Thirdparty/Middleware/FreeRTOS/Source/FreeRTOS_CLI.o
                0x000000000800fe30                FreeRTOS_CLIRegisterCommand
 .text.FreeRTOS_CLIProcessCommand
                0x000000000800fe68       0xcc Thirdparty/Middleware/FreeRTOS/Source/FreeRTOS_CLI.o
                0x000000000800fe68                FreeRTOS_CLIProcessCommand
 .text.FreeRTOS_CLIGetOutputBuffer
                0x000000000800ff34        0x8 Thirdparty/Middleware/FreeRTOS/Source/FreeRTOS_CLI.o
                0x000000000800ff34                FreeRTOS_CLIGetOutputBuffer
 .text.FreeRTOS_CLIGetParameter
                0x000000000800ff3c       0x5c Thirdparty/Middleware/FreeRTOS/Source/FreeRTOS_CLI.o
                0x000000000800ff3c                FreeRTOS_CLIGetParameter
 .text.prvHelpCommand
                0x000000000800ff98      0x104 Thirdparty/Middleware/FreeRTOS/Source/FreeRTOS_CLI.o
 .text.vListInitialise
                0x000000000801009c       0x16 Thirdparty/Middleware/FreeRTOS/Source/list.o
                0x000000000801009c                vListInitialise
 .text.vListInitialiseItem
                0x00000000080100b2        0x6 Thirdparty/Middleware/FreeRTOS/Source/list.o
                0x00000000080100b2                vListInitialiseItem
 .text.vListInsertEnd
                0x00000000080100b8       0x18 Thirdparty/Middleware/FreeRTOS/Source/list.o
                0x00000000080100b8                vListInsertEnd
 .text.vListInsert
                0x00000000080100d0       0x30 Thirdparty/Middleware/FreeRTOS/Source/list.o
                0x00000000080100d0                vListInsert
 .text.uxListRemove
                0x0000000008010100       0x26 Thirdparty/Middleware/FreeRTOS/Source/list.o
                0x0000000008010100                uxListRemove
 .text.prvIsQueueFull
                0x0000000008010126       0x1e Thirdparty/Middleware/FreeRTOS/Source/queue.o
 .text.prvIsQueueEmpty
                0x0000000008010144       0x1c Thirdparty/Middleware/FreeRTOS/Source/queue.o
 .text.prvCopyDataToQueue
                0x0000000008010160       0x88 Thirdparty/Middleware/FreeRTOS/Source/queue.o
 .text.prvCopyDataFromQueue
                0x00000000080101e8       0x24 Thirdparty/Middleware/FreeRTOS/Source/queue.o
 .text.prvUnlockQueue
                0x000000000801020c       0x6e Thirdparty/Middleware/FreeRTOS/Source/queue.o
 .text.xQueueGenericReset
                0x000000000801027a       0x6c Thirdparty/Middleware/FreeRTOS/Source/queue.o
                0x000000000801027a                xQueueGenericReset
 .text.xQueueGenericCreate
                0x00000000080102e6       0x4e Thirdparty/Middleware/FreeRTOS/Source/queue.o
                0x00000000080102e6                xQueueGenericCreate
 .text.xQueueCreateCountingSemaphore
                0x0000000008010334       0x2c Thirdparty/Middleware/FreeRTOS/Source/queue.o
                0x0000000008010334                xQueueCreateCountingSemaphore
 .text.xQueueGenericSend
                0x0000000008010360      0x11e Thirdparty/Middleware/FreeRTOS/Source/queue.o
                0x0000000008010360                xQueueGenericSend
 .text.xQueueGenericSendFromISR
                0x000000000801047e       0x92 Thirdparty/Middleware/FreeRTOS/Source/queue.o
                0x000000000801047e                xQueueGenericSendFromISR
 .text.xQueueGiveFromISR
                0x0000000008010510       0x80 Thirdparty/Middleware/FreeRTOS/Source/queue.o
                0x0000000008010510                xQueueGiveFromISR
 .text.xQueueGenericReceive
                0x0000000008010590      0x146 Thirdparty/Middleware/FreeRTOS/Source/queue.o
                0x0000000008010590                xQueueGenericReceive
 .text.xQueueReceiveFromISR
                0x00000000080106d6       0x7c Thirdparty/Middleware/FreeRTOS/Source/queue.o
                0x00000000080106d6                xQueueReceiveFromISR
 *fill*         0x0000000008010752        0x2 
 .text.vQueueAddToRegistry
                0x0000000008010754       0x24 Thirdparty/Middleware/FreeRTOS/Source/queue.o
                0x0000000008010754                vQueueAddToRegistry
 .text.vQueueWaitForMessageRestricted
                0x0000000008010778       0x40 Thirdparty/Middleware/FreeRTOS/Source/queue.o
                0x0000000008010778                vQueueWaitForMessageRestricted
 .text.prvTaskCheckFreeStackSpace
                0x00000000080107b8       0x14 Thirdparty/Middleware/FreeRTOS/Source/tasks.o
 .text.prvListTaskWithinSingleList
                0x00000000080107cc       0x9a Thirdparty/Middleware/FreeRTOS/Source/tasks.o
 *fill*         0x0000000008010866        0x2 
 .text.prvResetNextTaskUnblockTime
                0x0000000008010868       0x2c Thirdparty/Middleware/FreeRTOS/Source/tasks.o
 .text.prvDeleteTCB
                0x0000000008010894       0x12 Thirdparty/Middleware/FreeRTOS/Source/tasks.o
 .text.prvAllocateTCBAndStack
                0x00000000080108a6       0x3e Thirdparty/Middleware/FreeRTOS/Source/tasks.o
 .text.prvInitialiseTCBVariables
                0x00000000080108e4       0x56 Thirdparty/Middleware/FreeRTOS/Source/tasks.o
 *fill*         0x000000000801093a        0x2 
 .text.prvInitialiseTaskLists
                0x000000000801093c       0x64 Thirdparty/Middleware/FreeRTOS/Source/tasks.o
 .text.prvAddCurrentTaskToDelayedList
                0x00000000080109a0       0x54 Thirdparty/Middleware/FreeRTOS/Source/tasks.o
 .text.prvWriteNameToBuffer
                0x00000000080109f4       0x22 Thirdparty/Middleware/FreeRTOS/Source/tasks.o
 *fill*         0x0000000008010a16        0x2 
 .text.xTaskGenericCreate
                0x0000000008010a18      0x110 Thirdparty/Middleware/FreeRTOS/Source/tasks.o
                0x0000000008010a18                xTaskGenericCreate
 .text.uxTaskPriorityGet
                0x0000000008010b28       0x20 Thirdparty/Middleware/FreeRTOS/Source/tasks.o
                0x0000000008010b28                uxTaskPriorityGet
 .text.vTaskPrioritySet
                0x0000000008010b48       0xb0 Thirdparty/Middleware/FreeRTOS/Source/tasks.o
                0x0000000008010b48                vTaskPrioritySet
 .text.vTaskStartScheduler
                0x0000000008010bf8       0x58 Thirdparty/Middleware/FreeRTOS/Source/tasks.o
                0x0000000008010bf8                vTaskStartScheduler
 .text.vTaskSuspendAll
                0x0000000008010c50       0x10 Thirdparty/Middleware/FreeRTOS/Source/tasks.o
                0x0000000008010c50                vTaskSuspendAll
 .text.xTaskGetTickCount
                0x0000000008010c60        0xc Thirdparty/Middleware/FreeRTOS/Source/tasks.o
                0x0000000008010c60                xTaskGetTickCount
 .text.xTaskGetTickCountFromISR
                0x0000000008010c6c        0xc Thirdparty/Middleware/FreeRTOS/Source/tasks.o
                0x0000000008010c6c                xTaskGetTickCountFromISR
 .text.xTaskIncrementTick
                0x0000000008010c78      0x114 Thirdparty/Middleware/FreeRTOS/Source/tasks.o
                0x0000000008010c78                xTaskIncrementTick
 .text.xTaskResumeAll
                0x0000000008010d8c       0xe4 Thirdparty/Middleware/FreeRTOS/Source/tasks.o
                0x0000000008010d8c                xTaskResumeAll
 .text.vTaskDelay
                0x0000000008010e70       0x48 Thirdparty/Middleware/FreeRTOS/Source/tasks.o
                0x0000000008010e70                vTaskDelay
 .text.prvCheckTasksWaitingTermination
                0x0000000008010eb8       0x54 Thirdparty/Middleware/FreeRTOS/Source/tasks.o
 .text.prvIdleTask
                0x0000000008010f0c       0x18 Thirdparty/Middleware/FreeRTOS/Source/tasks.o
 .text.uxTaskGetSystemState
                0x0000000008010f24       0xa0 Thirdparty/Middleware/FreeRTOS/Source/tasks.o
                0x0000000008010f24                uxTaskGetSystemState
 .text.vTaskSwitchContext
                0x0000000008010fc4       0xf4 Thirdparty/Middleware/FreeRTOS/Source/tasks.o
                0x0000000008010fc4                vTaskSwitchContext
 .text.vTaskPlaceOnEventList
                0x00000000080110b8       0x48 Thirdparty/Middleware/FreeRTOS/Source/tasks.o
                0x00000000080110b8                vTaskPlaceOnEventList
 .text.vTaskPlaceOnEventListRestricted
                0x0000000008011100       0x34 Thirdparty/Middleware/FreeRTOS/Source/tasks.o
                0x0000000008011100                vTaskPlaceOnEventListRestricted
 .text.xTaskRemoveFromEventList
                0x0000000008011134       0x84 Thirdparty/Middleware/FreeRTOS/Source/tasks.o
                0x0000000008011134                xTaskRemoveFromEventList
 .text.vTaskSetTimeOutState
                0x00000000080111b8       0x20 Thirdparty/Middleware/FreeRTOS/Source/tasks.o
                0x00000000080111b8                vTaskSetTimeOutState
 .text.xTaskCheckForTimeOut
                0x00000000080111d8       0x68 Thirdparty/Middleware/FreeRTOS/Source/tasks.o
                0x00000000080111d8                xTaskCheckForTimeOut
 .text.vTaskMissedYield
                0x0000000008011240        0xc Thirdparty/Middleware/FreeRTOS/Source/tasks.o
                0x0000000008011240                vTaskMissedYield
 .text.xTaskGetSchedulerState
                0x000000000801124c       0x24 Thirdparty/Middleware/FreeRTOS/Source/tasks.o
                0x000000000801124c                xTaskGetSchedulerState
 .text.vTaskPriorityInherit
                0x0000000008011270       0x7c Thirdparty/Middleware/FreeRTOS/Source/tasks.o
                0x0000000008011270                vTaskPriorityInherit
 .text.xTaskPriorityDisinherit
                0x00000000080112ec       0x74 Thirdparty/Middleware/FreeRTOS/Source/tasks.o
                0x00000000080112ec                xTaskPriorityDisinherit
 .text.vTaskList
                0x0000000008011360       0xb4 Thirdparty/Middleware/FreeRTOS/Source/tasks.o
                0x0000000008011360                vTaskList
 .text.vTaskGetRunTimeStats
                0x0000000008011414       0xac Thirdparty/Middleware/FreeRTOS/Source/tasks.o
                0x0000000008011414                vTaskGetRunTimeStats
 .text.pvTaskIncrementMutexHeldCount
                0x00000000080114c0       0x1c Thirdparty/Middleware/FreeRTOS/Source/tasks.o
                0x00000000080114c0                pvTaskIncrementMutexHeldCount
 .text.ulTaskNotifyTake
                0x00000000080114dc       0x98 Thirdparty/Middleware/FreeRTOS/Source/tasks.o
                0x00000000080114dc                ulTaskNotifyTake
 .text.xTaskGenericNotify
                0x0000000008011574       0xbc Thirdparty/Middleware/FreeRTOS/Source/tasks.o
                0x0000000008011574                xTaskGenericNotify
 .text.prvGetNextExpireTime
                0x0000000008011630       0x20 Thirdparty/Middleware/FreeRTOS/Source/timers.o
 .text.prvInsertTimerInActiveList
                0x0000000008011650       0x48 Thirdparty/Middleware/FreeRTOS/Source/timers.o
 .text.prvCheckForValidListAndQueue
                0x0000000008011698       0x64 Thirdparty/Middleware/FreeRTOS/Source/timers.o
 .text.xTimerCreateTimerTask
                0x00000000080116fc       0x40 Thirdparty/Middleware/FreeRTOS/Source/timers.o
                0x00000000080116fc                xTimerCreateTimerTask
 .text.xTimerCreate
                0x000000000801173c       0x48 Thirdparty/Middleware/FreeRTOS/Source/timers.o
                0x000000000801173c                xTimerCreate
 .text.xTimerGenericCommand
                0x0000000008011784       0x58 Thirdparty/Middleware/FreeRTOS/Source/timers.o
                0x0000000008011784                xTimerGenericCommand
 .text.prvSwitchTimerLists
                0x00000000080117dc       0x6c Thirdparty/Middleware/FreeRTOS/Source/timers.o
 .text.prvSampleTimeNow
                0x0000000008011848       0x2c Thirdparty/Middleware/FreeRTOS/Source/timers.o
 .text.prvProcessExpiredTimer
                0x0000000008011874       0x54 Thirdparty/Middleware/FreeRTOS/Source/timers.o
 .text.prvProcessTimerOrBlockTask
                0x00000000080118c8       0x58 Thirdparty/Middleware/FreeRTOS/Source/timers.o
 .text.prvProcessReceivedCommands
                0x0000000008011920       0xc0 Thirdparty/Middleware/FreeRTOS/Source/timers.o
 .text.prvTimerTask
                0x00000000080119e0       0x16 Thirdparty/Middleware/FreeRTOS/Source/timers.o
 .text.pvTimerGetTimerID
                0x00000000080119f6       0x18 Thirdparty/Middleware/FreeRTOS/Source/timers.o
                0x00000000080119f6                pvTimerGetTimerID
 *fill*         0x0000000008011a0e        0x2 
 .text.prvTaskExitError
                0x0000000008011a10       0x14 Thirdparty/Middleware/FreeRTOS/Source/portable/GCC/ARM_CM0/port.o
 .text.vPortStartFirstTask
                0x0000000008011a24       0x20 Thirdparty/Middleware/FreeRTOS/Source/portable/GCC/ARM_CM0/port.o
 .text.prvSetupTimerInterrupt
                0x0000000008011a44       0x28 Thirdparty/Middleware/FreeRTOS/Source/portable/GCC/ARM_CM0/port.o
 .text.pxPortInitialiseStack
                0x0000000008011a6c       0x20 Thirdparty/Middleware/FreeRTOS/Source/portable/GCC/ARM_CM0/port.o
                0x0000000008011a6c                pxPortInitialiseStack
 .text.SVC_Handler
                0x0000000008011a8c        0x2 Thirdparty/Middleware/FreeRTOS/Source/portable/GCC/ARM_CM0/port.o
                0x0000000008011a8c                SVC_Handler
 *fill*         0x0000000008011a8e        0x2 
 .text.xPortStartScheduler
                0x0000000008011a90       0x34 Thirdparty/Middleware/FreeRTOS/Source/portable/GCC/ARM_CM0/port.o
                0x0000000008011a90                xPortStartScheduler
 .text.vPortYield
                0x0000000008011ac4       0x18 Thirdparty/Middleware/FreeRTOS/Source/portable/GCC/ARM_CM0/port.o
                0x0000000008011ac4                vPortYield
 .text.vPortEnterCritical
                0x0000000008011adc       0x18 Thirdparty/Middleware/FreeRTOS/Source/portable/GCC/ARM_CM0/port.o
                0x0000000008011adc                vPortEnterCritical
 .text.vPortExitCritical
                0x0000000008011af4       0x20 Thirdparty/Middleware/FreeRTOS/Source/portable/GCC/ARM_CM0/port.o
                0x0000000008011af4                vPortExitCritical
 .text.ulSetInterruptMaskFromISR
                0x0000000008011b14        0xa Thirdparty/Middleware/FreeRTOS/Source/portable/GCC/ARM_CM0/port.o
                0x0000000008011b14                ulSetInterruptMaskFromISR
 .text.vClearInterruptMaskFromISR
                0x0000000008011b1e        0x6 Thirdparty/Middleware/FreeRTOS/Source/portable/GCC/ARM_CM0/port.o
                0x0000000008011b1e                vClearInterruptMaskFromISR
 .text.PendSV_Handler
                0x0000000008011b24       0x44 Thirdparty/Middleware/FreeRTOS/Source/portable/GCC/ARM_CM0/port.o
                0x0000000008011b24                PendSV_Handler
 .text.xPortSysTickHandler
                0x0000000008011b68       0x24 Thirdparty/Middleware/FreeRTOS/Source/portable/GCC/ARM_CM0/port.o
                0x0000000008011b68                xPortSysTickHandler
 .text.prvHeapInit
                0x0000000008011b8c       0x64 Thirdparty/Middleware/FreeRTOS/Source/portable/MemMang/heap_4.o
 .text.prvInsertBlockIntoFreeList
                0x0000000008011bf0       0x54 Thirdparty/Middleware/FreeRTOS/Source/portable/MemMang/heap_4.o
 .text.pvPortMalloc
                0x0000000008011c44       0xf0 Thirdparty/Middleware/FreeRTOS/Source/portable/MemMang/heap_4.o
                0x0000000008011c44                pvPortMalloc
 .text.vPortFree
                0x0000000008011d34       0x54 Thirdparty/Middleware/FreeRTOS/Source/portable/MemMang/heap_4.o
                0x0000000008011d34                vPortFree
 .text.HAL_InitTick
                0x0000000008011d88       0x24 Thirdparty/STM32F0xx_HAL_Driver/Src/stm32f0xx_hal.o
                0x0000000008011d88                HAL_InitTick
 .text.HAL_Init
                0x0000000008011dac       0x20 Thirdparty/STM32F0xx_HAL_Driver/Src/stm32f0xx_hal.o
                0x0000000008011dac                HAL_Init
 .text.HAL_IncTick
                0x0000000008011dcc       0x10 Thirdparty/STM32F0xx_HAL_Driver/Src/stm32f0xx_hal.o
                0x0000000008011dcc                HAL_IncTick
 .text.HAL_GetTick
                0x0000000008011ddc        0xc Thirdparty/STM32F0xx_HAL_Driver/Src/stm32f0xx_hal.o
                0x0000000008011ddc                HAL_GetTick
 .text.HAL_Delay
                0x0000000008011de8       0x1c Thirdparty/STM32F0xx_HAL_Driver/Src/stm32f0xx_hal.o
                0x0000000008011de8                HAL_Delay
 .text.HAL_GetREVID
                0x0000000008011e04        0xc Thirdparty/STM32F0xx_HAL_Driver/Src/stm32f0xx_hal.o
                0x0000000008011e04                HAL_GetREVID
 .text.HAL_GetDEVID
                0x0000000008011e10       0x10 Thirdparty/STM32F0xx_HAL_Driver/Src/stm32f0xx_hal.o
                0x0000000008011e10                HAL_GetDEVID
 .text.ADC_ConversionStop
                0x0000000008011e20       0x54 Thirdparty/STM32F0xx_HAL_Driver/Src/stm32f0xx_hal_adc.o
 .text.ADC_Disable
                0x0000000008011e74       0x80 Thirdparty/STM32F0xx_HAL_Driver/Src/stm32f0xx_hal_adc.o
 .text.ADC_Enable
                0x0000000008011ef4       0xa8 Thirdparty/STM32F0xx_HAL_Driver/Src/stm32f0xx_hal_adc.o
 .text.HAL_ADC_MspInit
                0x0000000008011f9c        0x2 Thirdparty/STM32F0xx_HAL_Driver/Src/stm32f0xx_hal_adc.o
                0x0000000008011f9c                HAL_ADC_MspInit
 *fill*         0x0000000008011f9e        0x2 
 .text.HAL_ADC_Init
                0x0000000008011fa0      0x168 Thirdparty/STM32F0xx_HAL_Driver/Src/stm32f0xx_hal_adc.o
                0x0000000008011fa0                HAL_ADC_Init
 .text.HAL_ADC_Start
                0x0000000008012108       0x60 Thirdparty/STM32F0xx_HAL_Driver/Src/stm32f0xx_hal_adc.o
                0x0000000008012108                HAL_ADC_Start
 .text.HAL_ADC_Stop
                0x0000000008012168       0x44 Thirdparty/STM32F0xx_HAL_Driver/Src/stm32f0xx_hal_adc.o
                0x0000000008012168                HAL_ADC_Stop
 .text.HAL_ADC_PollForConversion
                0x00000000080121ac       0xc4 Thirdparty/STM32F0xx_HAL_Driver/Src/stm32f0xx_hal_adc.o
                0x00000000080121ac                HAL_ADC_PollForConversion
 .text.HAL_ADC_GetValue
                0x0000000008012270        0xc Thirdparty/STM32F0xx_HAL_Driver/Src/stm32f0xx_hal_adc.o
                0x0000000008012270                HAL_ADC_GetValue
 .text.HAL_ADC_ConfigChannel
                0x000000000801227c      0x14c Thirdparty/STM32F0xx_HAL_Driver/Src/stm32f0xx_hal_adc.o
                0x000000000801227c                HAL_ADC_ConfigChannel
 .text.HAL_ADCEx_Calibration_Start
                0x00000000080123c8       0x9c Thirdparty/STM32F0xx_HAL_Driver/Src/stm32f0xx_hal_adc_ex.o
                0x00000000080123c8                HAL_ADCEx_Calibration_Start
 .text.HAL_NVIC_SetPriority
                0x0000000008012464       0x60 Thirdparty/STM32F0xx_HAL_Driver/Src/stm32f0xx_hal_cortex.o
                0x0000000008012464                HAL_NVIC_SetPriority
 .text.HAL_NVIC_EnableIRQ
                0x00000000080124c4       0x14 Thirdparty/STM32F0xx_HAL_Driver/Src/stm32f0xx_hal_cortex.o
                0x00000000080124c4                HAL_NVIC_EnableIRQ
 .text.HAL_NVIC_DisableIRQ
                0x00000000080124d8       0x14 Thirdparty/STM32F0xx_HAL_Driver/Src/stm32f0xx_hal_cortex.o
                0x00000000080124d8                HAL_NVIC_DisableIRQ
 .text.HAL_SYSTICK_Config
                0x00000000080124ec       0x38 Thirdparty/STM32F0xx_HAL_Driver/Src/stm32f0xx_hal_cortex.o
                0x00000000080124ec                HAL_SYSTICK_Config
 .text.HAL_SYSTICK_CLKSourceConfig
                0x0000000008012524       0x20 Thirdparty/STM32F0xx_HAL_Driver/Src/stm32f0xx_hal_cortex.o
                0x0000000008012524                HAL_SYSTICK_CLKSourceConfig
 .text.CRC_Handle_8
                0x0000000008012544       0x76 Thirdparty/STM32F0xx_HAL_Driver/Src/stm32f0xx_hal_crc.o
 .text.CRC_Handle_16
                0x00000000080125ba       0x30 Thirdparty/STM32F0xx_HAL_Driver/Src/stm32f0xx_hal_crc.o
 .text.HAL_CRC_Init
                0x00000000080125ea       0x62 Thirdparty/STM32F0xx_HAL_Driver/Src/stm32f0xx_hal_crc.o
                0x00000000080125ea                HAL_CRC_Init
 .text.HAL_CRC_Accumulate
                0x000000000801264c       0x54 Thirdparty/STM32F0xx_HAL_Driver/Src/stm32f0xx_hal_crc.o
                0x000000000801264c                HAL_CRC_Accumulate
 .text.HAL_CRC_Calculate
                0x00000000080126a0       0x60 Thirdparty/STM32F0xx_HAL_Driver/Src/stm32f0xx_hal_crc.o
                0x00000000080126a0                HAL_CRC_Calculate
 .text.HAL_CRCEx_Polynomial_Set
                0x0000000008012700       0x50 Thirdparty/STM32F0xx_HAL_Driver/Src/stm32f0xx_hal_crc_ex.o
                0x0000000008012700                HAL_CRCEx_Polynomial_Set
 .text.HAL_CRCEx_Init
                0x0000000008012750       0x30 Thirdparty/STM32F0xx_HAL_Driver/Src/stm32f0xx_hal_crc_ex.o
                0x0000000008012750                HAL_CRCEx_Init
 .text.DMA_SetConfig
                0x0000000008012780       0x20 Thirdparty/STM32F0xx_HAL_Driver/Src/stm32f0xx_hal_dma.o
 .text.HAL_DMA_Init
                0x00000000080127a0       0x54 Thirdparty/STM32F0xx_HAL_Driver/Src/stm32f0xx_hal_dma.o
                0x00000000080127a0                HAL_DMA_Init
 .text.HAL_DMA_Start_IT
                0x00000000080127f4       0x52 Thirdparty/STM32F0xx_HAL_Driver/Src/stm32f0xx_hal_dma.o
                0x00000000080127f4                HAL_DMA_Start_IT
 .text.HAL_DMA_Abort
                0x0000000008012846       0x50 Thirdparty/STM32F0xx_HAL_Driver/Src/stm32f0xx_hal_dma.o
                0x0000000008012846                HAL_DMA_Abort
 *fill*         0x0000000008012896        0x2 
 .text.HAL_DMA_IRQHandler
                0x0000000008012898      0x844 Thirdparty/STM32F0xx_HAL_Driver/Src/stm32f0xx_hal_dma.o
                0x0000000008012898                HAL_DMA_IRQHandler
 .text.FLASH_Program_HalfWord
                0x00000000080130dc       0x20 Thirdparty/STM32F0xx_HAL_Driver/Src/stm32f0xx_hal_flash.o
 .text.FLASH_SetErrorCode
                0x00000000080130fc       0x34 Thirdparty/STM32F0xx_HAL_Driver/Src/stm32f0xx_hal_flash.o
 .text.HAL_FLASH_Unlock
                0x0000000008013130       0x28 Thirdparty/STM32F0xx_HAL_Driver/Src/stm32f0xx_hal_flash.o
                0x0000000008013130                HAL_FLASH_Unlock
 .text.HAL_FLASH_Lock
                0x0000000008013158       0x14 Thirdparty/STM32F0xx_HAL_Driver/Src/stm32f0xx_hal_flash.o
                0x0000000008013158                HAL_FLASH_Lock
 .text.FLASH_WaitForLastOperation
                0x000000000801316c       0x5c Thirdparty/STM32F0xx_HAL_Driver/Src/stm32f0xx_hal_flash.o
                0x000000000801316c                FLASH_WaitForLastOperation
 .text.HAL_FLASH_Program
                0x00000000080131c8       0xa0 Thirdparty/STM32F0xx_HAL_Driver/Src/stm32f0xx_hal_flash.o
                0x00000000080131c8                HAL_FLASH_Program
 .text.FLASH_MassErase
                0x0000000008013268       0x24 Thirdparty/STM32F0xx_HAL_Driver/Src/stm32f0xx_hal_flash_ex.o
 .text.FLASH_PageErase
                0x000000000801328c       0x24 Thirdparty/STM32F0xx_HAL_Driver/Src/stm32f0xx_hal_flash_ex.o
                0x000000000801328c                FLASH_PageErase
 .text.HAL_FLASHEx_Erase
                0x00000000080132b0       0xa4 Thirdparty/STM32F0xx_HAL_Driver/Src/stm32f0xx_hal_flash_ex.o
                0x00000000080132b0                HAL_FLASHEx_Erase
 .text.HAL_GPIO_Init
                0x0000000008013354      0x190 Thirdparty/STM32F0xx_HAL_Driver/Src/stm32f0xx_hal_gpio.o
                0x0000000008013354                HAL_GPIO_Init
 .text.HAL_GPIO_DeInit
                0x00000000080134e4      0x104 Thirdparty/STM32F0xx_HAL_Driver/Src/stm32f0xx_hal_gpio.o
                0x00000000080134e4                HAL_GPIO_DeInit
 .text.HAL_GPIO_ReadPin
                0x00000000080135e8        0xe Thirdparty/STM32F0xx_HAL_Driver/Src/stm32f0xx_hal_gpio.o
                0x00000000080135e8                HAL_GPIO_ReadPin
 .text.HAL_GPIO_WritePin
                0x00000000080135f6        0xc Thirdparty/STM32F0xx_HAL_Driver/Src/stm32f0xx_hal_gpio.o
                0x00000000080135f6                HAL_GPIO_WritePin
 .text.HAL_GPIO_TogglePin
                0x0000000008013602        0x8 Thirdparty/STM32F0xx_HAL_Driver/Src/stm32f0xx_hal_gpio.o
                0x0000000008013602                HAL_GPIO_TogglePin
 .text.HAL_MspInit
                0x000000000801360a        0x2 Thirdparty/STM32F0xx_HAL_Driver/Src/stm32f0xx_hal_msp_template.o
                0x000000000801360a                HAL_MspInit
 .text.HAL_PWR_EnableBkUpAccess
                0x000000000801360c       0x14 Thirdparty/STM32F0xx_HAL_Driver/Src/stm32f0xx_hal_pwr.o
                0x000000000801360c                HAL_PWR_EnableBkUpAccess
 .text.HAL_RCC_OscConfig
                0x0000000008013620      0x548 Thirdparty/STM32F0xx_HAL_Driver/Src/stm32f0xx_hal_rcc.o
                0x0000000008013620                HAL_RCC_OscConfig
 .text.HAL_RCC_ClockConfig
                0x0000000008013b68      0x24c Thirdparty/STM32F0xx_HAL_Driver/Src/stm32f0xx_hal_rcc.o
                0x0000000008013b68                HAL_RCC_ClockConfig
 .text.HAL_RCC_GetSysClockFreq
                0x0000000008013db4       0x94 Thirdparty/STM32F0xx_HAL_Driver/Src/stm32f0xx_hal_rcc.o
                0x0000000008013db4                HAL_RCC_GetSysClockFreq
 .text.HAL_RCC_GetHCLKFreq
                0x0000000008013e48       0x28 Thirdparty/STM32F0xx_HAL_Driver/Src/stm32f0xx_hal_rcc.o
                0x0000000008013e48                HAL_RCC_GetHCLKFreq
 .text.HAL_RCC_GetPCLK1Freq
                0x0000000008013e70       0x20 Thirdparty/STM32F0xx_HAL_Driver/Src/stm32f0xx_hal_rcc.o
                0x0000000008013e70                HAL_RCC_GetPCLK1Freq
 .text.HAL_RCCEx_PeriphCLKConfig
                0x0000000008013e90      0x130 Thirdparty/STM32F0xx_HAL_Driver/Src/stm32f0xx_hal_rcc_ex.o
                0x0000000008013e90                HAL_RCCEx_PeriphCLKConfig
 .text.HAL_RTC_MspInit
                0x0000000008013fc0        0x2 Thirdparty/STM32F0xx_HAL_Driver/Src/stm32f0xx_hal_rtc.o
                0x0000000008013fc0                HAL_RTC_MspInit
 .text.HAL_RTC_WaitForSynchro
                0x0000000008013fc2       0x32 Thirdparty/STM32F0xx_HAL_Driver/Src/stm32f0xx_hal_rtc.o
                0x0000000008013fc2                HAL_RTC_WaitForSynchro
 .text.RTC_EnterInitMode
                0x0000000008013ff4       0x3a Thirdparty/STM32F0xx_HAL_Driver/Src/stm32f0xx_hal_rtc.o
                0x0000000008013ff4                RTC_EnterInitMode
 *fill*         0x000000000801402e        0x2 
 .text.HAL_RTC_Init
                0x0000000008014030       0xa0 Thirdparty/STM32F0xx_HAL_Driver/Src/stm32f0xx_hal_rtc.o
                0x0000000008014030                HAL_RTC_Init
 .text.RTC_ByteToBcd2
                0x00000000080140d0       0x16 Thirdparty/STM32F0xx_HAL_Driver/Src/stm32f0xx_hal_rtc.o
                0x00000000080140d0                RTC_ByteToBcd2
 *fill*         0x00000000080140e6        0x2 
 .text.HAL_RTC_SetTime
                0x00000000080140e8       0xfc Thirdparty/STM32F0xx_HAL_Driver/Src/stm32f0xx_hal_rtc.o
                0x00000000080140e8                HAL_RTC_SetTime
 .text.HAL_RTC_SetDate
                0x00000000080141e4       0xd8 Thirdparty/STM32F0xx_HAL_Driver/Src/stm32f0xx_hal_rtc.o
                0x00000000080141e4                HAL_RTC_SetDate
 .text.RTC_Bcd2ToByte
                0x00000000080142bc       0x12 Thirdparty/STM32F0xx_HAL_Driver/Src/stm32f0xx_hal_rtc.o
                0x00000000080142bc                RTC_Bcd2ToByte
 *fill*         0x00000000080142ce        0x2 
 .text.HAL_RTC_GetTime
                0x00000000080142d0       0x50 Thirdparty/STM32F0xx_HAL_Driver/Src/stm32f0xx_hal_rtc.o
                0x00000000080142d0                HAL_RTC_GetTime
 .text.HAL_RTC_GetDate
                0x0000000008014320       0x48 Thirdparty/STM32F0xx_HAL_Driver/Src/stm32f0xx_hal_rtc.o
                0x0000000008014320                HAL_RTC_GetDate
 .text.HAL_RTCEx_BKUPWrite
                0x0000000008014368        0xc Thirdparty/STM32F0xx_HAL_Driver/Src/stm32f0xx_hal_rtc_ex.o
                0x0000000008014368                HAL_RTCEx_BKUPWrite
 .text.HAL_RTCEx_BKUPRead
                0x0000000008014374        0xc Thirdparty/STM32F0xx_HAL_Driver/Src/stm32f0xx_hal_rtc_ex.o
                0x0000000008014374                HAL_RTCEx_BKUPRead
 .text.HAL_TIM_Base_MspInit
                0x0000000008014380        0x2 Thirdparty/STM32F0xx_HAL_Driver/Src/stm32f0xx_hal_tim.o
                0x0000000008014380                HAL_TIM_Base_MspInit
 .text.HAL_TIM_Base_Start
                0x0000000008014382       0x18 Thirdparty/STM32F0xx_HAL_Driver/Src/stm32f0xx_hal_tim.o
                0x0000000008014382                HAL_TIM_Base_Start
 *fill*         0x000000000801439a        0x2 
 .text.TIM_Base_SetConfig
                0x000000000801439c       0x9c Thirdparty/STM32F0xx_HAL_Driver/Src/stm32f0xx_hal_tim.o
                0x000000000801439c                TIM_Base_SetConfig
 .text.HAL_TIM_Base_Init
                0x0000000008014438       0x34 Thirdparty/STM32F0xx_HAL_Driver/Src/stm32f0xx_hal_tim.o
                0x0000000008014438                HAL_TIM_Base_Init
 .text.HAL_TIMEx_MasterConfigSynchronization
                0x000000000801446c       0x4c Thirdparty/STM32F0xx_HAL_Driver/Src/stm32f0xx_hal_tim_ex.o
                0x000000000801446c                HAL_TIMEx_MasterConfigSynchronization
 .text.HAL_UART_MspDeInit
                0x00000000080144b8        0x2 Thirdparty/STM32F0xx_HAL_Driver/Src/stm32f0xx_hal_uart.o
                0x00000000080144b8                HAL_UART_MspDeInit
 .text.HAL_UART_DeInit
                0x00000000080144ba       0x38 Thirdparty/STM32F0xx_HAL_Driver/Src/stm32f0xx_hal_uart.o
                0x00000000080144ba                HAL_UART_DeInit
 .text.HAL_UART_Transmit_IT
                0x00000000080144f2       0x7a Thirdparty/STM32F0xx_HAL_Driver/Src/stm32f0xx_hal_uart.o
                0x00000000080144f2                HAL_UART_Transmit_IT
 .text.HAL_UART_Receive_IT
                0x000000000801456c       0xe4 Thirdparty/STM32F0xx_HAL_Driver/Src/stm32f0xx_hal_uart.o
                0x000000000801456c                HAL_UART_Receive_IT
 .text.HAL_UART_Transmit_DMA
                0x0000000008014650       0xa4 Thirdparty/STM32F0xx_HAL_Driver/Src/stm32f0xx_hal_uart.o
                0x0000000008014650                HAL_UART_Transmit_DMA
 .text.HAL_UART_Receive_DMA
                0x00000000080146f4       0x9c Thirdparty/STM32F0xx_HAL_Driver/Src/stm32f0xx_hal_uart.o
                0x00000000080146f4                HAL_UART_Receive_DMA
 .text.UART_DMATransmitCplt
                0x0000000008014790       0x30 Thirdparty/STM32F0xx_HAL_Driver/Src/stm32f0xx_hal_uart.o
 .text.HAL_UART_TxHalfCpltCallback
                0x00000000080147c0        0x2 Thirdparty/STM32F0xx_HAL_Driver/Src/stm32f0xx_hal_uart.o
                0x00000000080147c0                HAL_UART_TxHalfCpltCallback
 .text.UART_DMATxHalfCplt
                0x00000000080147c2        0xa Thirdparty/STM32F0xx_HAL_Driver/Src/stm32f0xx_hal_uart.o
 .text.UART_DMAReceiveCplt
                0x00000000080147cc       0x3a Thirdparty/STM32F0xx_HAL_Driver/Src/stm32f0xx_hal_uart.o
 .text.HAL_UART_RxHalfCpltCallback
                0x0000000008014806        0x2 Thirdparty/STM32F0xx_HAL_Driver/Src/stm32f0xx_hal_uart.o
                0x0000000008014806                HAL_UART_RxHalfCpltCallback
 .text.UART_DMARxHalfCplt
                0x0000000008014808        0xa Thirdparty/STM32F0xx_HAL_Driver/Src/stm32f0xx_hal_uart.o
 .text.UART_DMAError
                0x0000000008014812       0x22 Thirdparty/STM32F0xx_HAL_Driver/Src/stm32f0xx_hal_uart.o
 .text.UART_SetConfig
                0x0000000008014834      0x240 Thirdparty/STM32F0xx_HAL_Driver/Src/stm32f0xx_hal_uart.o
                0x0000000008014834                UART_SetConfig
 .text.UART_AdvFeatureConfig
                0x0000000008014a74       0xe0 Thirdparty/STM32F0xx_HAL_Driver/Src/stm32f0xx_hal_uart.o
                0x0000000008014a74                UART_AdvFeatureConfig
 .text.UART_WaitOnFlagUntilTimeout
                0x0000000008014b54       0xd0 Thirdparty/STM32F0xx_HAL_Driver/Src/stm32f0xx_hal_uart.o
                0x0000000008014b54                UART_WaitOnFlagUntilTimeout
 .text.HAL_UART_Transmit
                0x0000000008014c24       0xdc Thirdparty/STM32F0xx_HAL_Driver/Src/stm32f0xx_hal_uart.o
                0x0000000008014c24                HAL_UART_Transmit
 .text.UART_CheckIdleState
                0x0000000008014d00       0x78 Thirdparty/STM32F0xx_HAL_Driver/Src/stm32f0xx_hal_uart.o
                0x0000000008014d00                UART_CheckIdleState
 .text.HAL_UART_Init
                0x0000000008014d78       0x70 Thirdparty/STM32F0xx_HAL_Driver/Src/stm32f0xx_hal_uart.o
                0x0000000008014d78                HAL_UART_Init
 .text.UART_Transmit_IT
                0x0000000008014de8       0x70 Thirdparty/STM32F0xx_HAL_Driver/Src/stm32f0xx_hal_uart.o
                0x0000000008014de8                UART_Transmit_IT
 .text.UART_EndTransmit_IT
                0x0000000008014e58       0x32 Thirdparty/STM32F0xx_HAL_Driver/Src/stm32f0xx_hal_uart.o
                0x0000000008014e58                UART_EndTransmit_IT
 *fill*         0x0000000008014e8a        0x2 
 .text.UART_Receive_IT
                0x0000000008014e8c       0x9c Thirdparty/STM32F0xx_HAL_Driver/Src/stm32f0xx_hal_uart.o
                0x0000000008014e8c                UART_Receive_IT
 .text.HAL_UARTEx_WakeupCallback
                0x0000000008014f28        0x2 Thirdparty/STM32F0xx_HAL_Driver/Src/stm32f0xx_hal_uart_ex.o
                0x0000000008014f28                HAL_UARTEx_WakeupCallback
 .text.HAL_UART_IRQHandler
                0x0000000008014f2a       0xfc Thirdparty/STM32F0xx_HAL_Driver/Src/stm32f0xx_hal_uart_ex.o
                0x0000000008014f2a                HAL_UART_IRQHandler
 .text.main     0x0000000008015026        0x8 User/main.o
                0x0000000008015026                main
 .text.UserTask
                0x000000000801502e        0x2 User/main.o
                0x000000000801502e                UserTask
 .text.atof     0x0000000008015030        0xa c:/st/stm32cubeide_1.5.1/stm32cubeide/plugins/com.st.stm32cube.ide.mcu.externaltools.gnu-tools-for-stm32.7-2018-q2-update.win32_1.5.0.202011040924/tools/bin/../lib/gcc/arm-none-eabi/7.3.1/../../../../arm-none-eabi/lib/thumb/v6-m\libc.a(lib_a-atof.o)
                0x0000000008015030                atof
 .text.atoi     0x000000000801503a        0xc c:/st/stm32cubeide_1.5.1/stm32cubeide/plugins/com.st.stm32cube.ide.mcu.externaltools.gnu-tools-for-stm32.7-2018-q2-update.win32_1.5.0.202011040924/tools/bin/../lib/gcc/arm-none-eabi/7.3.1/../../../../arm-none-eabi/lib/thumb/v6-m\libc.a(lib_a-atoi.o)
                0x000000000801503a                atoi
 .text.atol     0x0000000008015046        0xc c:/st/stm32cubeide_1.5.1/stm32cubeide/plugins/com.st.stm32cube.ide.mcu.externaltools.gnu-tools-for-stm32.7-2018-q2-update.win32_1.5.0.202011040924/tools/bin/../lib/gcc/arm-none-eabi/7.3.1/../../../../arm-none-eabi/lib/thumb/v6-m\libc.a(lib_a-atol.o)
                0x0000000008015046                atol
 *fill*         0x0000000008015052        0x2 
 .text.__libc_init_array
                0x0000000008015054       0x48 c:/st/stm32cubeide_1.5.1/stm32cubeide/plugins/com.st.stm32cube.ide.mcu.externaltools.gnu-tools-for-stm32.7-2018-q2-update.win32_1.5.0.202011040924/tools/bin/../lib/gcc/arm-none-eabi/7.3.1/../../../../arm-none-eabi/lib/thumb/v6-m\libc.a(lib_a-init.o)
                0x0000000008015054                __libc_init_array