stm32f0xx_hal_flash_ex.c:443:13:FLASH_MassErase	0	static
stm32f0xx_hal_flash_ex.c:832:17:FLASH_OB_GetWRP	0	static
stm32f0xx_hal_flash_ex.c:846:16:FLASH_OB_GetRDP	0	static
stm32f0xx_hal_flash_ex.c:873:16:FLASH_OB_GetUser	0	static
stm32f0xx_hal_flash_ex.c:693:26:FLASH_OB_RDP_LevelConfig	16	static
stm32f0xx_hal_flash_ex.c:744:26:FLASH_OB_UserConfig	16	static
stm32f0xx_hal_flash_ex.c:799:26:FLASH_OB_ProgramData	24	static
stm32f0xx_hal_flash_ex.c:312:19:HAL_FLASHEx_OBErase	16	static
stm32f0xx_hal_flash_ex.c:464:26:FLASH_OB_EnableWRP	24	static
stm32f0xx_hal_flash_ex.c:580:26:FLASH_OB_DisableWRP	24	static
stm32f0xx_hal_flash_ex.c:361:19:HAL_FLASHEx_OBProgram	8	static
stm32f0xx_hal_flash_ex.c:412:6:HAL_FLASHEx_OBGetConfig	8	static
stm32f0xx_hal_flash_ex.c:903:6:FLASH_PageErase	0	static
stm32f0xx_hal_flash_ex.c:160:19:HAL_FLASHEx_Erase	16	static
stm32f0xx_hal_flash_ex.c:239:19:HAL_FLASHEx_Erase_IT	8	static
