BOS_inputs.c:39:13:buttonPressedCallback	0	static
BOS_inputs.c:48:13:buttonReleasedCallback	0	static
BOS_inputs.c:57:13:buttonClickedCallback	0	static
BOS_inputs.c:66:13:buttonDblClickedCallback	0	static
BOS_inputs.c:75:13:buttonPressedForXCallback	0	static
BOS_inputs.c:84:13:buttonReleasedForYCallback	0	static
BOS_inputs.c:338:12:CheckForTimedButtonPress	8	static
BOS_inputs.c:366:12:CheckForTimedButtonRelease	8	static
BOS_inputs.c:90:6:CheckAttachedButtons	72	static
BOS_inputs.c:394:6:ResetAttachedButtonStates	0	static
BOS_inputs.c:413:12:AddPortButton	72	static
BOS_inputs.c:485:12:RemovePortButton	24	static
BOS_inputs.c:580:12:SetButtonEvents	56	static
